  Determining projects to restore...
  All projects are up-to-date for restore.
  SmartAbp.Domain.Shared -> D:\BAOBAB\Baobab.SmartAbp\hxlot\src\SmartAbp.Domain.Shared\bin\Debug\net9.0\SmartAbp.Domain.Shared.dll
D:\BAOBAB\Baobab.SmartAbp\hxlot\src\SmartAbp.Application.Contracts\CodeGenerator\Dtos\UserProfileDto.cs(35,23): warning CS8618: Non-nullable property 'Template' must contain a non-null value when exiting constructor. Consider adding the 'required' modifier or declaring the property as nullable. [D:\BAOBAB\Baobab.SmartAbp\hxlot\src\SmartAbp.Application.Contracts\SmartAbp.Application.Contracts.csproj]
D:\BAOBAB\Baobab.SmartAbp\hxlot\src\SmartAbp.Application.Contracts\CodeGenerator\Dtos\UserProfileDto.cs(36,23): warning CS8618: Non-nullable property 'Name' must contain a non-null value when exiting constructor. Consider adding the 'required' modifier or declaring the property as nullable. [D:\BAOBAB\Baobab.SmartAbp\hxlot\src\SmartAbp.Application.Contracts\SmartAbp.Application.Contracts.csproj]
D:\BAOBAB\Baobab.SmartAbp\hxlot\src\SmartAbp.Application.Contracts\CodeGenerator\Dtos\UserProfileDto.cs(37,23): warning CS8618: Non-nullable property 'Reason' must contain a non-null value when exiting constructor. Consider adding the 'required' modifier or declaring the property as nullable. [D:\BAOBAB\Baobab.SmartAbp\hxlot\src\SmartAbp.Application.Contracts\SmartAbp.Application.Contracts.csproj]
D:\BAOBAB\Baobab.SmartAbp\hxlot\src\SmartAbp.Application.Contracts\CodeGenerator\Dtos\UserProfileDto.cs(38,23): warning CS8618: Non-nullable property 'Benefits' must contain a non-null value when exiting constructor. Consider adding the 'required' modifier or declaring the property as nullable. [D:\BAOBAB\Baobab.SmartAbp\hxlot\src\SmartAbp.Application.Contracts\SmartAbp.Application.Contracts.csproj]
D:\BAOBAB\Baobab.SmartAbp\hxlot\src\SmartAbp.Application.Contracts\CodeGenerator\Dtos\UserProfileDto.cs(24,23): warning CS8618: Non-nullable property 'Industry' must contain a non-null value when exiting constructor. Consider adding the 'required' modifier or declaring the property as nullable. [D:\BAOBAB\Baobab.SmartAbp\hxlot\src\SmartAbp.Application.Contracts\SmartAbp.Application.Contracts.csproj]
D:\BAOBAB\Baobab.SmartAbp\hxlot\src\SmartAbp.Application.Contracts\CodeGenerator\Dtos\UserProfileDto.cs(25,23): warning CS8618: Non-nullable property 'CompanyName' must contain a non-null value when exiting constructor. Consider adding the 'required' modifier or declaring the property as nullable. [D:\BAOBAB\Baobab.SmartAbp\hxlot\src\SmartAbp.Application.Contracts\SmartAbp.Application.Contracts.csproj]
D:\BAOBAB\Baobab.SmartAbp\hxlot\src\SmartAbp.Application.Contracts\CodeGenerator\Dtos\UserProfileDto.cs(26,23): warning CS8618: Non-nullable property 'CompanySize' must contain a non-null value when exiting constructor. Consider adding the 'required' modifier or declaring the property as nullable. [D:\BAOBAB\Baobab.SmartAbp\hxlot\src\SmartAbp.Application.Contracts\SmartAbp.Application.Contracts.csproj]
D:\BAOBAB\Baobab.SmartAbp\hxlot\src\SmartAbp.Application.Contracts\CodeGenerator\Dtos\UserProfileDto.cs(27,23): warning CS8618: Non-nullable property 'LastUsedMode' must contain a non-null value when exiting constructor. Consider adding the 'required' modifier or declaring the property as nullable. [D:\BAOBAB\Baobab.SmartAbp\hxlot\src\SmartAbp.Application.Contracts\SmartAbp.Application.Contracts.csproj]
D:\BAOBAB\Baobab.SmartAbp\hxlot\src\SmartAbp.Application.Contracts\CodeGenerator\Dtos\GenerationHistoryDto.cs(12,23): warning CS8618: Non-nullable property 'Mode' must contain a non-null value when exiting constructor. Consider adding the 'required' modifier or declaring the property as nullable. [D:\BAOBAB\Baobab.SmartAbp\hxlot\src\SmartAbp.Application.Contracts\SmartAbp.Application.Contracts.csproj]
D:\BAOBAB\Baobab.SmartAbp\hxlot\src\SmartAbp.Application.Contracts\CodeGenerator\Dtos\GenerationHistoryDto.cs(13,23): warning CS8618: Non-nullable property 'TemplateName' must contain a non-null value when exiting constructor. Consider adding the 'required' modifier or declaring the property as nullable. [D:\BAOBAB\Baobab.SmartAbp\hxlot\src\SmartAbp.Application.Contracts\SmartAbp.Application.Contracts.csproj]
D:\BAOBAB\Baobab.SmartAbp\hxlot\src\SmartAbp.Application.Contracts\CodeGenerator\Dtos\GenerationHistoryDto.cs(14,23): warning CS8618: Non-nullable property 'ProjectName' must contain a non-null value when exiting constructor. Consider adding the 'required' modifier or declaring the property as nullable. [D:\BAOBAB\Baobab.SmartAbp\hxlot\src\SmartAbp.Application.Contracts\SmartAbp.Application.Contracts.csproj]
D:\BAOBAB\Baobab.SmartAbp\hxlot\src\SmartAbp.Application.Contracts\CodeGenerator\Dtos\GenerationHistoryDto.cs(18,23): warning CS8618: Non-nullable property 'Status' must contain a non-null value when exiting constructor. Consider adding the 'required' modifier or declaring the property as nullable. [D:\BAOBAB\Baobab.SmartAbp\hxlot\src\SmartAbp.Application.Contracts\SmartAbp.Application.Contracts.csproj]
D:\BAOBAB\Baobab.SmartAbp\hxlot\src\SmartAbp.Application.Contracts\CodeGenerator\Dtos\GenerationHistoryDto.cs(19,23): warning CS8618: Non-nullable property 'ErrorMessage' must contain a non-null value when exiting constructor. Consider adding the 'required' modifier or declaring the property as nullable. [D:\BAOBAB\Baobab.SmartAbp\hxlot\src\SmartAbp.Application.Contracts\SmartAbp.Application.Contracts.csproj]
D:\BAOBAB\Baobab.SmartAbp\hxlot\src\SmartAbp.Application.Contracts\CodeGenerator\Dtos\GenerationHistoryDto.cs(28,23): warning CS8618: Non-nullable property 'Mode' must contain a non-null value when exiting constructor. Consider adding the 'required' modifier or declaring the property as nullable. [D:\BAOBAB\Baobab.SmartAbp\hxlot\src\SmartAbp.Application.Contracts\SmartAbp.Application.Contracts.csproj]
D:\BAOBAB\Baobab.SmartAbp\hxlot\src\SmartAbp.Application.Contracts\CodeGenerator\Dtos\GenerationHistoryDto.cs(29,23): warning CS8618: Non-nullable property 'TemplateName' must contain a non-null value when exiting constructor. Consider adding the 'required' modifier or declaring the property as nullable. [D:\BAOBAB\Baobab.SmartAbp\hxlot\src\SmartAbp.Application.Contracts\SmartAbp.Application.Contracts.csproj]
D:\BAOBAB\Baobab.SmartAbp\hxlot\src\SmartAbp.Application.Contracts\CodeGenerator\Dtos\GenerationHistoryDto.cs(30,23): warning CS8618: Non-nullable property 'ProjectName' must contain a non-null value when exiting constructor. Consider adding the 'required' modifier or declaring the property as nullable. [D:\BAOBAB\Baobab.SmartAbp\hxlot\src\SmartAbp.Application.Contracts\SmartAbp.Application.Contracts.csproj]
D:\BAOBAB\Baobab.SmartAbp\hxlot\src\SmartAbp.Application.Contracts\CodeGenerator\Dtos\GenerationHistoryDto.cs(34,23): warning CS8618: Non-nullable property 'Status' must contain a non-null value when exiting constructor. Consider adding the 'required' modifier or declaring the property as nullable. [D:\BAOBAB\Baobab.SmartAbp\hxlot\src\SmartAbp.Application.Contracts\SmartAbp.Application.Contracts.csproj]
D:\BAOBAB\Baobab.SmartAbp\hxlot\src\SmartAbp.Application.Contracts\CodeGenerator\Dtos\GenerationHistoryDto.cs(35,23): warning CS8618: Non-nullable property 'ErrorMessage' must contain a non-null value when exiting constructor. Consider adding the 'required' modifier or declaring the property as nullable. [D:\BAOBAB\Baobab.SmartAbp\hxlot\src\SmartAbp.Application.Contracts\SmartAbp.Application.Contracts.csproj]
D:\BAOBAB\Baobab.SmartAbp\hxlot\src\SmartAbp.Application.Contracts\CodeGenerator\Dtos\GenerationHistoryDto.cs(36,23): warning CS8618: Non-nullable property 'Metadata' must contain a non-null value when exiting constructor. Consider adding the 'required' modifier or declaring the property as nullable. [D:\BAOBAB\Baobab.SmartAbp\hxlot\src\SmartAbp.Application.Contracts\SmartAbp.Application.Contracts.csproj]
D:\BAOBAB\Baobab.SmartAbp\hxlot\src\SmartAbp.Application.Contracts\CodeGenerator\Dtos\UserProfileDto.cs(12,23): warning CS8618: Non-nullable property 'Industry' must contain a non-null value when exiting constructor. Consider adding the 'required' modifier or declaring the property as nullable. [D:\BAOBAB\Baobab.SmartAbp\hxlot\src\SmartAbp.Application.Contracts\SmartAbp.Application.Contracts.csproj]
D:\BAOBAB\Baobab.SmartAbp\hxlot\src\SmartAbp.Application.Contracts\CodeGenerator\Dtos\UserProfileDto.cs(13,23): warning CS8618: Non-nullable property 'CompanyName' must contain a non-null value when exiting constructor. Consider adding the 'required' modifier or declaring the property as nullable. [D:\BAOBAB\Baobab.SmartAbp\hxlot\src\SmartAbp.Application.Contracts\SmartAbp.Application.Contracts.csproj]
D:\BAOBAB\Baobab.SmartAbp\hxlot\src\SmartAbp.Application.Contracts\CodeGenerator\Dtos\UserProfileDto.cs(14,23): warning CS8618: Non-nullable property 'CompanySize' must contain a non-null value when exiting constructor. Consider adding the 'required' modifier or declaring the property as nullable. [D:\BAOBAB\Baobab.SmartAbp\hxlot\src\SmartAbp.Application.Contracts\SmartAbp.Application.Contracts.csproj]
D:\BAOBAB\Baobab.SmartAbp\hxlot\src\SmartAbp.Application.Contracts\CodeGenerator\Dtos\UserProfileDto.cs(15,23): warning CS8618: Non-nullable property 'LastUsedMode' must contain a non-null value when exiting constructor. Consider adding the 'required' modifier or declaring the property as nullable. [D:\BAOBAB\Baobab.SmartAbp\hxlot\src\SmartAbp.Application.Contracts\SmartAbp.Application.Contracts.csproj]
D:\BAOBAB\Baobab.SmartAbp\hxlot\src\SmartAbp.Application.Contracts\CodeGenerator\CqrsValidationResultDto.cs(13,23): warning CS8618: Non-nullable property 'Field' must contain a non-null value when exiting constructor. Consider adding the 'required' modifier or declaring the property as nullable. [D:\BAOBAB\Baobab.SmartAbp\hxlot\src\SmartAbp.Application.Contracts\SmartAbp.Application.Contracts.csproj]
D:\BAOBAB\Baobab.SmartAbp\hxlot\src\SmartAbp.Application.Contracts\CodeGenerator\CqrsValidationResultDto.cs(14,23): warning CS8618: Non-nullable property 'Message' must contain a non-null value when exiting constructor. Consider adding the 'required' modifier or declaring the property as nullable. [D:\BAOBAB\Baobab.SmartAbp\hxlot\src\SmartAbp.Application.Contracts\SmartAbp.Application.Contracts.csproj]
D:\BAOBAB\Baobab.SmartAbp\hxlot\src\SmartAbp.Application.Contracts\LowCode\Dtos\ValidationRuleDto.cs(21,23): warning CS8618: Non-nullable property 'FieldName' must contain a non-null value when exiting constructor. Consider adding the 'required' modifier or declaring the property as nullable. [D:\BAOBAB\Baobab.SmartAbp\hxlot\src\SmartAbp.Application.Contracts\SmartAbp.Application.Contracts.csproj]
D:\BAOBAB\Baobab.SmartAbp\hxlot\src\SmartAbp.Application.Contracts\LowCode\Dtos\ValidationRuleDto.cs(26,23): warning CS8618: Non-nullable property 'RuleType' must contain a non-null value when exiting constructor. Consider adding the 'required' modifier or declaring the property as nullable. [D:\BAOBAB\Baobab.SmartAbp\hxlot\src\SmartAbp.Application.Contracts\SmartAbp.Application.Contracts.csproj]
D:\BAOBAB\Baobab.SmartAbp\hxlot\src\SmartAbp.Application.Contracts\LowCode\Dtos\ValidationRuleDto.cs(31,23): warning CS8618: Non-nullable property 'RuleValue' must contain a non-null value when exiting constructor. Consider adding the 'required' modifier or declaring the property as nullable. [D:\BAOBAB\Baobab.SmartAbp\hxlot\src\SmartAbp.Application.Contracts\SmartAbp.Application.Contracts.csproj]
D:\BAOBAB\Baobab.SmartAbp\hxlot\src\SmartAbp.Application.Contracts\LowCode\Dtos\ValidationRuleDto.cs(36,23): warning CS8618: Non-nullable property 'ErrorMessage' must contain a non-null value when exiting constructor. Consider adding the 'required' modifier or declaring the property as nullable. [D:\BAOBAB\Baobab.SmartAbp\hxlot\src\SmartAbp.Application.Contracts\SmartAbp.Application.Contracts.csproj]
D:\BAOBAB\Baobab.SmartAbp\hxlot\src\SmartAbp.Application.Contracts\LowCode\Dtos\ValidationRuleDto.cs(41,23): warning CS8618: Non-nullable property 'Trigger' must contain a non-null value when exiting constructor. Consider adding the 'required' modifier or declaring the property as nullable. [D:\BAOBAB\Baobab.SmartAbp\hxlot\src\SmartAbp.Application.Contracts\SmartAbp.Application.Contracts.csproj]
D:\BAOBAB\Baobab.SmartAbp\hxlot\src\SmartAbp.Application.Contracts\LowCode\Dtos\ValidationRuleDto.cs(46,23): warning CS8618: Non-nullable property 'Description' must contain a non-null value when exiting constructor. Consider adding the 'required' modifier or declaring the property as nullable. [D:\BAOBAB\Baobab.SmartAbp\hxlot\src\SmartAbp.Application.Contracts\SmartAbp.Application.Contracts.csproj]
D:\BAOBAB\Baobab.SmartAbp\hxlot\src\SmartAbp.Application.Contracts\LowCode\Dtos\EntityIndexAndConstraintDto.cs(19,23): warning CS8618: Non-nullable property 'Name' must contain a non-null value when exiting constructor. Consider adding the 'required' modifier or declaring the property as nullable. [D:\BAOBAB\Baobab.SmartAbp\hxlot\src\SmartAbp.Application.Contracts\SmartAbp.Application.Contracts.csproj]
D:\BAOBAB\Baobab.SmartAbp\hxlot\src\SmartAbp.Application.Contracts\LowCode\Dtos\EntityIndexAndConstraintDto.cs(20,23): warning CS8618: Non-nullable property 'Type' must contain a non-null value when exiting constructor. Consider adding the 'required' modifier or declaring the property as nullable. [D:\BAOBAB\Baobab.SmartAbp\hxlot\src\SmartAbp.Application.Contracts\SmartAbp.Application.Contracts.csproj]
D:\BAOBAB\Baobab.SmartAbp\hxlot\src\SmartAbp.Application.Contracts\LowCode\Dtos\EntityIndexAndConstraintDto.cs(21,23): warning CS8618: Non-nullable property 'Definition' must contain a non-null value when exiting constructor. Consider adding the 'required' modifier or declaring the property as nullable. [D:\BAOBAB\Baobab.SmartAbp\hxlot\src\SmartAbp.Application.Contracts\SmartAbp.Application.Contracts.csproj]
D:\BAOBAB\Baobab.SmartAbp\hxlot\src\SmartAbp.Application.Contracts\LowCode\Dtos\EntityUIConfigDto.cs(23,23): warning CS8618: Non-nullable property 'Layout' must contain a non-null value when exiting constructor. Consider adding the 'required' modifier or declaring the property as nullable. [D:\BAOBAB\Baobab.SmartAbp\hxlot\src\SmartAbp.Application.Contracts\SmartAbp.Application.Contracts.csproj]
D:\BAOBAB\Baobab.SmartAbp\hxlot\src\SmartAbp.Application.Contracts\LowCode\Dtos\EntityUIConfigDto.cs(25,36): warning CS8618: Non-nullable property 'FieldGroups' must contain a non-null value when exiting constructor. Consider adding the 'required' modifier or declaring the property as nullable. [D:\BAOBAB\Baobab.SmartAbp\hxlot\src\SmartAbp.Application.Contracts\SmartAbp.Application.Contracts.csproj]
D:\BAOBAB\Baobab.SmartAbp\hxlot\src\SmartAbp.Application.Contracts\LowCode\Dtos\EntityUIConfigDto.cs(7,34): warning CS8618: Non-nullable property 'ListPage' must contain a non-null value when exiting constructor. Consider adding the 'required' modifier or declaring the property as nullable. [D:\BAOBAB\Baobab.SmartAbp\hxlot\src\SmartAbp.Application.Contracts\SmartAbp.Application.Contracts.csproj]
D:\BAOBAB\Baobab.SmartAbp\hxlot\src\SmartAbp.Application.Contracts\LowCode\Dtos\EntityUIConfigDto.cs(8,34): warning CS8618: Non-nullable property 'FormPage' must contain a non-null value when exiting constructor. Consider adding the 'required' modifier or declaring the property as nullable. [D:\BAOBAB\Baobab.SmartAbp\hxlot\src\SmartAbp.Application.Contracts\SmartAbp.Application.Contracts.csproj]
D:\BAOBAB\Baobab.SmartAbp\hxlot\src\SmartAbp.Application.Contracts\LowCode\Dtos\EntityUIConfigDto.cs(9,36): warning CS8618: Non-nullable property 'DetailPage' must contain a non-null value when exiting constructor. Consider adding the 'required' modifier or declaring the property as nullable. [D:\BAOBAB\Baobab.SmartAbp\hxlot\src\SmartAbp.Application.Contracts\SmartAbp.Application.Contracts.csproj]
D:\BAOBAB\Baobab.SmartAbp\hxlot\src\SmartAbp.Application.Contracts\LowCode\Dtos\EntityUIConfigDto.cs(15,23): warning CS8618: Non-nullable property 'SortField' must contain a non-null value when exiting constructor. Consider adding the 'required' modifier or declaring the property as nullable. [D:\BAOBAB\Baobab.SmartAbp\hxlot\src\SmartAbp.Application.Contracts\SmartAbp.Application.Contracts.csproj]
D:\BAOBAB\Baobab.SmartAbp\hxlot\src\SmartAbp.Application.Contracts\LowCode\Dtos\EntityUIConfigDto.cs(16,23): warning CS8618: Non-nullable property 'SortOrder' must contain a non-null value when exiting constructor. Consider adding the 'required' modifier or declaring the property as nullable. [D:\BAOBAB\Baobab.SmartAbp\hxlot\src\SmartAbp.Application.Contracts\SmartAbp.Application.Contracts.csproj]
D:\BAOBAB\Baobab.SmartAbp\hxlot\src\SmartAbp.Application.Contracts\LowCode\Dtos\EntityUIConfigDto.cs(17,29): warning CS8618: Non-nullable property 'SearchFields' must contain a non-null value when exiting constructor. Consider adding the 'required' modifier or declaring the property as nullable. [D:\BAOBAB\Baobab.SmartAbp\hxlot\src\SmartAbp.Application.Contracts\SmartAbp.Application.Contracts.csproj]
D:\BAOBAB\Baobab.SmartAbp\hxlot\src\SmartAbp.Application.Contracts\LowCode\Dtos\EntityUIConfigDto.cs(18,29): warning CS8618: Non-nullable property 'DisplayFields' must contain a non-null value when exiting constructor. Consider adding the 'required' modifier or declaring the property as nullable. [D:\BAOBAB\Baobab.SmartAbp\hxlot\src\SmartAbp.Application.Contracts\SmartAbp.Application.Contracts.csproj]
D:\BAOBAB\Baobab.SmartAbp\hxlot\src\SmartAbp.Application.Contracts\LowCode\Dtos\EntityUIConfigDto.cs(30,23): warning CS8618: Non-nullable property 'Name' must contain a non-null value when exiting constructor. Consider adding the 'required' modifier or declaring the property as nullable. [D:\BAOBAB\Baobab.SmartAbp\hxlot\src\SmartAbp.Application.Contracts\SmartAbp.Application.Contracts.csproj]
D:\BAOBAB\Baobab.SmartAbp\hxlot\src\SmartAbp.Application.Contracts\LowCode\Dtos\EntityUIConfigDto.cs(31,23): warning CS8618: Non-nullable property 'DisplayName' must contain a non-null value when exiting constructor. Consider adding the 'required' modifier or declaring the property as nullable. [D:\BAOBAB\Baobab.SmartAbp\hxlot\src\SmartAbp.Application.Contracts\SmartAbp.Application.Contracts.csproj]
D:\BAOBAB\Baobab.SmartAbp\hxlot\src\SmartAbp.Application.Contracts\LowCode\Dtos\EntityUIConfigDto.cs(32,29): warning CS8618: Non-nullable property 'Fields' must contain a non-null value when exiting constructor. Consider adding the 'required' modifier or declaring the property as nullable. [D:\BAOBAB\Baobab.SmartAbp\hxlot\src\SmartAbp.Application.Contracts\SmartAbp.Application.Contracts.csproj]
D:\BAOBAB\Baobab.SmartAbp\hxlot\src\SmartAbp.Application.Contracts\LowCode\Dtos\EntityFieldDto.cs(147,23): warning CS8618: Non-nullable property 'Name' must contain a non-null value when exiting constructor. Consider adding the 'required' modifier or declaring the property as nullable. [D:\BAOBAB\Baobab.SmartAbp\hxlot\src\SmartAbp.Application.Contracts\SmartAbp.Application.Contracts.csproj]
D:\BAOBAB\Baobab.SmartAbp\hxlot\src\SmartAbp.Application.Contracts\LowCode\Dtos\EntityFieldDto.cs(148,23): warning CS8618: Non-nullable property 'DisplayName' must contain a non-null value when exiting constructor. Consider adding the 'required' modifier or declaring the property as nullable. [D:\BAOBAB\Baobab.SmartAbp\hxlot\src\SmartAbp.Application.Contracts\SmartAbp.Application.Contracts.csproj]
D:\BAOBAB\Baobab.SmartAbp\hxlot\src\SmartAbp.Application.Contracts\LowCode\Dtos\EntityFieldDto.cs(149,23): warning CS8618: Non-nullable property 'Type' must contain a non-null value when exiting constructor. Consider adding the 'required' modifier or declaring the property as nullable. [D:\BAOBAB\Baobab.SmartAbp\hxlot\src\SmartAbp.Application.Contracts\SmartAbp.Application.Contracts.csproj]
D:\BAOBAB\Baobab.SmartAbp\hxlot\src\SmartAbp.Application.Contracts\LowCode\Dtos\EntityFieldDto.cs(154,23): warning CS8618: Non-nullable property 'DefaultValue' must contain a non-null value when exiting constructor. Consider adding the 'required' modifier or declaring the property as nullable. [D:\BAOBAB\Baobab.SmartAbp\hxlot\src\SmartAbp.Application.Contracts\SmartAbp.Application.Contracts.csproj]
D:\BAOBAB\Baobab.SmartAbp\hxlot\src\SmartAbp.Application.Contracts\LowCode\Dtos\EntityFieldDto.cs(155,23): warning CS8618: Non-nullable property 'Comment' must contain a non-null value when exiting constructor. Consider adding the 'required' modifier or declaring the property as nullable. [D:\BAOBAB\Baobab.SmartAbp\hxlot\src\SmartAbp.Application.Contracts\SmartAbp.Application.Contracts.csproj]
D:\BAOBAB\Baobab.SmartAbp\hxlot\src\SmartAbp.Application.Contracts\LowCode\Dtos\EntityDefinitionDto.cs(128,23): warning CS8618: Non-nullable property 'Name' must contain a non-null value when exiting constructor. Consider adding the 'required' modifier or declaring the property as nullable. [D:\BAOBAB\Baobab.SmartAbp\hxlot\src\SmartAbp.Application.Contracts\SmartAbp.Application.Contracts.csproj]
D:\BAOBAB\Baobab.SmartAbp\hxlot\src\SmartAbp.Application.Contracts\LowCode\Dtos\EntityDefinitionDto.cs(129,23): warning CS8618: Non-nullable property 'TableName' must contain a non-null value when exiting constructor. Consider adding the 'required' modifier or declaring the property as nullable. [D:\BAOBAB\Baobab.SmartAbp\hxlot\src\SmartAbp.Application.Contracts\SmartAbp.Application.Contracts.csproj]
D:\BAOBAB\Baobab.SmartAbp\hxlot\src\SmartAbp.Application.Contracts\LowCode\Dtos\EntityDefinitionDto.cs(130,23): warning CS8618: Non-nullable property 'DisplayName' must contain a non-null value when exiting constructor. Consider adding the 'required' modifier or declaring the property as nullable. [D:\BAOBAB\Baobab.SmartAbp\hxlot\src\SmartAbp.Application.Contracts\SmartAbp.Application.Contracts.csproj]
D:\BAOBAB\Baobab.SmartAbp\hxlot\src\SmartAbp.Application.Contracts\LowCode\Dtos\EntityDefinitionDto.cs(131,23): warning CS8618: Non-nullable property 'Description' must contain a non-null value when exiting constructor. Consider adding the 'required' modifier or declaring the property as nullable. [D:\BAOBAB\Baobab.SmartAbp\hxlot\src\SmartAbp.Application.Contracts\SmartAbp.Application.Contracts.csproj]
D:\BAOBAB\Baobab.SmartAbp\hxlot\src\SmartAbp.Application.Contracts\LowCode\Dtos\EntityDefinitionDto.cs(132,23): warning CS8618: Non-nullable property 'EntityType' must contain a non-null value when exiting constructor. Consider adding the 'required' modifier or declaring the property as nullable. [D:\BAOBAB\Baobab.SmartAbp\hxlot\src\SmartAbp.Application.Contracts\SmartAbp.Application.Contracts.csproj]
D:\BAOBAB\Baobab.SmartAbp\hxlot\src\SmartAbp.Application.Contracts\LowCode\Dtos\EntityDefinitionDto.cs(133,23): warning CS8618: Non-nullable property 'BaseType' must contain a non-null value when exiting constructor. Consider adding the 'required' modifier or declaring the property as nullable. [D:\BAOBAB\Baobab.SmartAbp\hxlot\src\SmartAbp.Application.Contracts\SmartAbp.Application.Contracts.csproj]
D:\BAOBAB\Baobab.SmartAbp\hxlot\src\SmartAbp.Application.Contracts\LowCode\Dtos\EntityDefinitionDto.cs(134,23): warning CS8618: Non-nullable property 'Namespace' must contain a non-null value when exiting constructor. Consider adding the 'required' modifier or declaring the property as nullable. [D:\BAOBAB\Baobab.SmartAbp\hxlot\src\SmartAbp.Application.Contracts\SmartAbp.Application.Contracts.csproj]
D:\BAOBAB\Baobab.SmartAbp\hxlot\src\SmartAbp.Application.Contracts\LowCode\Dtos\EntityPermissionDto.cs(9,23): warning CS8618: Non-nullable property 'Name' must contain a non-null value when exiting constructor. Consider adding the 'required' modifier or declaring the property as nullable. [D:\BAOBAB\Baobab.SmartAbp\hxlot\src\SmartAbp.Application.Contracts\SmartAbp.Application.Contracts.csproj]
D:\BAOBAB\Baobab.SmartAbp\hxlot\src\SmartAbp.Application.Contracts\LowCode\Dtos\EntityPermissionDto.cs(10,23): warning CS8618: Non-nullable property 'DisplayName' must contain a non-null value when exiting constructor. Consider adding the 'required' modifier or declaring the property as nullable. [D:\BAOBAB\Baobab.SmartAbp\hxlot\src\SmartAbp.Application.Contracts\SmartAbp.Application.Contracts.csproj]
D:\BAOBAB\Baobab.SmartAbp\hxlot\src\SmartAbp.Application.Contracts\LowCode\Dtos\EntityPermissionDto.cs(11,23): warning CS8618: Non-nullable property 'Description' must contain a non-null value when exiting constructor. Consider adding the 'required' modifier or declaring the property as nullable. [D:\BAOBAB\Baobab.SmartAbp\hxlot\src\SmartAbp.Application.Contracts\SmartAbp.Application.Contracts.csproj]
D:\BAOBAB\Baobab.SmartAbp\hxlot\src\SmartAbp.Application.Contracts\LowCode\Dtos\EntityIndexAndConstraintDto.cs(10,23): warning CS8618: Non-nullable property 'Name' must contain a non-null value when exiting constructor. Consider adding the 'required' modifier or declaring the property as nullable. [D:\BAOBAB\Baobab.SmartAbp\hxlot\src\SmartAbp.Application.Contracts\SmartAbp.Application.Contracts.csproj]
D:\BAOBAB\Baobab.SmartAbp\hxlot\src\SmartAbp.Application.Contracts\LowCode\Dtos\EntityIndexAndConstraintDto.cs(11,29): warning CS8618: Non-nullable property 'Columns' must contain a non-null value when exiting constructor. Consider adding the 'required' modifier or declaring the property as nullable. [D:\BAOBAB\Baobab.SmartAbp\hxlot\src\SmartAbp.Application.Contracts\SmartAbp.Application.Contracts.csproj]
D:\BAOBAB\Baobab.SmartAbp\hxlot\src\SmartAbp.Application.Contracts\LowCode\Dtos\EntityRelationDto.cs(70,23): warning CS8618: Non-nullable property 'FromEntity' must contain a non-null value when exiting constructor. Consider adding the 'required' modifier or declaring the property as nullable. [D:\BAOBAB\Baobab.SmartAbp\hxlot\src\SmartAbp.Application.Contracts\SmartAbp.Application.Contracts.csproj]
D:\BAOBAB\Baobab.SmartAbp\hxlot\src\SmartAbp.Application.Contracts\LowCode\Dtos\EntityRelationDto.cs(71,23): warning CS8618: Non-nullable property 'ToEntity' must contain a non-null value when exiting constructor. Consider adding the 'required' modifier or declaring the property as nullable. [D:\BAOBAB\Baobab.SmartAbp\hxlot\src\SmartAbp.Application.Contracts\SmartAbp.Application.Contracts.csproj]
D:\BAOBAB\Baobab.SmartAbp\hxlot\src\SmartAbp.Application.Contracts\LowCode\Dtos\EntityRelationDto.cs(72,23): warning CS8618: Non-nullable property 'RelationType' must contain a non-null value when exiting constructor. Consider adding the 'required' modifier or declaring the property as nullable. [D:\BAOBAB\Baobab.SmartAbp\hxlot\src\SmartAbp.Application.Contracts\SmartAbp.Application.Contracts.csproj]
D:\BAOBAB\Baobab.SmartAbp\hxlot\src\SmartAbp.Application.Contracts\LowCode\Dtos\EntityRelationDto.cs(73,23): warning CS8618: Non-nullable property 'ForeignKey' must contain a non-null value when exiting constructor. Consider adding the 'required' modifier or declaring the property as nullable. [D:\BAOBAB\Baobab.SmartAbp\hxlot\src\SmartAbp.Application.Contracts\SmartAbp.Application.Contracts.csproj]
D:\BAOBAB\Baobab.SmartAbp\hxlot\src\SmartAbp.Application.Contracts\LowCode\Dtos\EntityRelationDto.cs(74,23): warning CS8618: Non-nullable property 'NavigationProperty' must contain a non-null value when exiting constructor. Consider adding the 'required' modifier or declaring the property as nullable. [D:\BAOBAB\Baobab.SmartAbp\hxlot\src\SmartAbp.Application.Contracts\SmartAbp.Application.Contracts.csproj]
D:\BAOBAB\Baobab.SmartAbp\hxlot\src\SmartAbp.Application.Contracts\LowCode\Dtos\EntityRelationDto.cs(75,23): warning CS8618: Non-nullable property 'JoinTable' must contain a non-null value when exiting constructor. Consider adding the 'required' modifier or declaring the property as nullable. [D:\BAOBAB\Baobab.SmartAbp\hxlot\src\SmartAbp.Application.Contracts\SmartAbp.Application.Contracts.csproj]
D:\BAOBAB\Baobab.SmartAbp\hxlot\src\SmartAbp.Application.Contracts\LowCode\Dtos\EntityRelationDto.cs(27,23): warning CS8618: Non-nullable property 'FromEntity' must contain a non-null value when exiting constructor. Consider adding the 'required' modifier or declaring the property as nullable. [D:\BAOBAB\Baobab.SmartAbp\hxlot\src\SmartAbp.Application.Contracts\SmartAbp.Application.Contracts.csproj]
D:\BAOBAB\Baobab.SmartAbp\hxlot\src\SmartAbp.Application.Contracts\LowCode\Dtos\EntityRelationDto.cs(32,23): warning CS8618: Non-nullable property 'ToEntity' must contain a non-null value when exiting constructor. Consider adding the 'required' modifier or declaring the property as nullable. [D:\BAOBAB\Baobab.SmartAbp\hxlot\src\SmartAbp.Application.Contracts\SmartAbp.Application.Contracts.csproj]
D:\BAOBAB\Baobab.SmartAbp\hxlot\src\SmartAbp.Application.Contracts\LowCode\Dtos\EntityRelationDto.cs(42,23): warning CS8618: Non-nullable property 'ForeignKey' must contain a non-null value when exiting constructor. Consider adding the 'required' modifier or declaring the property as nullable. [D:\BAOBAB\Baobab.SmartAbp\hxlot\src\SmartAbp.Application.Contracts\SmartAbp.Application.Contracts.csproj]
D:\BAOBAB\Baobab.SmartAbp\hxlot\src\SmartAbp.Application.Contracts\LowCode\Dtos\EntityRelationDto.cs(47,23): warning CS8618: Non-nullable property 'NavigationProperty' must contain a non-null value when exiting constructor. Consider adding the 'required' modifier or declaring the property as nullable. [D:\BAOBAB\Baobab.SmartAbp\hxlot\src\SmartAbp.Application.Contracts\SmartAbp.Application.Contracts.csproj]
D:\BAOBAB\Baobab.SmartAbp\hxlot\src\SmartAbp.Application.Contracts\LowCode\Dtos\EntityRelationDto.cs(52,23): warning CS8618: Non-nullable property 'JoinTable' must contain a non-null value when exiting constructor. Consider adding the 'required' modifier or declaring the property as nullable. [D:\BAOBAB\Baobab.SmartAbp\hxlot\src\SmartAbp.Application.Contracts\SmartAbp.Application.Contracts.csproj]
D:\BAOBAB\Baobab.SmartAbp\hxlot\src\SmartAbp.Application.Contracts\LowCode\Dtos\EntityUIConfigDto.cs(37,23): warning CS8618: Non-nullable property 'Layout' must contain a non-null value when exiting constructor. Consider adding the 'required' modifier or declaring the property as nullable. [D:\BAOBAB\Baobab.SmartAbp\hxlot\src\SmartAbp.Application.Contracts\SmartAbp.Application.Contracts.csproj]
D:\BAOBAB\Baobab.SmartAbp\hxlot\src\SmartAbp.Application.Contracts\LowCode\Dtos\EntityUIConfigDto.cs(38,29): warning CS8618: Non-nullable property 'DisplayFields' must contain a non-null value when exiting constructor. Consider adding the 'required' modifier or declaring the property as nullable. [D:\BAOBAB\Baobab.SmartAbp\hxlot\src\SmartAbp.Application.Contracts\SmartAbp.Application.Contracts.csproj]
D:\BAOBAB\Baobab.SmartAbp\hxlot\src\SmartAbp.Application.Contracts\LowCode\Dtos\EnumValueDto.cs(11,23): warning CS8618: Non-nullable property 'Name' must contain a non-null value when exiting constructor. Consider adding the 'required' modifier or declaring the property as nullable. [D:\BAOBAB\Baobab.SmartAbp\hxlot\src\SmartAbp.Application.Contracts\SmartAbp.Application.Contracts.csproj]
D:\BAOBAB\Baobab.SmartAbp\hxlot\src\SmartAbp.Application.Contracts\LowCode\Dtos\EnumValueDto.cs(12,23): warning CS8618: Non-nullable property 'DisplayName' must contain a non-null value when exiting constructor. Consider adding the 'required' modifier or declaring the property as nullable. [D:\BAOBAB\Baobab.SmartAbp\hxlot\src\SmartAbp.Application.Contracts\SmartAbp.Application.Contracts.csproj]
D:\BAOBAB\Baobab.SmartAbp\hxlot\src\SmartAbp.Application.Contracts\LowCode\Dtos\EnumValueDto.cs(13,23): warning CS8618: Non-nullable property 'Description' must contain a non-null value when exiting constructor. Consider adding the 'required' modifier or declaring the property as nullable. [D:\BAOBAB\Baobab.SmartAbp\hxlot\src\SmartAbp.Application.Contracts\SmartAbp.Application.Contracts.csproj]
D:\BAOBAB\Baobab.SmartAbp\hxlot\src\SmartAbp.Application.Contracts\LowCode\Dtos\EnumValueDto.cs(14,23): warning CS8618: Non-nullable property 'StringValue' must contain a non-null value when exiting constructor. Consider adding the 'required' modifier or declaring the property as nullable. [D:\BAOBAB\Baobab.SmartAbp\hxlot\src\SmartAbp.Application.Contracts\SmartAbp.Application.Contracts.csproj]
D:\BAOBAB\Baobab.SmartAbp\hxlot\src\SmartAbp.Application.Contracts\LowCode\Dtos\EntityFieldDto.cs(22,23): warning CS8618: Non-nullable property 'Name' must contain a non-null value when exiting constructor. Consider adding the 'required' modifier or declaring the property as nullable. [D:\BAOBAB\Baobab.SmartAbp\hxlot\src\SmartAbp.Application.Contracts\SmartAbp.Application.Contracts.csproj]
D:\BAOBAB\Baobab.SmartAbp\hxlot\src\SmartAbp.Application.Contracts\LowCode\Dtos\EntityFieldDto.cs(27,23): warning CS8618: Non-nullable property 'DisplayName' must contain a non-null value when exiting constructor. Consider adding the 'required' modifier or declaring the property as nullable. [D:\BAOBAB\Baobab.SmartAbp\hxlot\src\SmartAbp.Application.Contracts\SmartAbp.Application.Contracts.csproj]
D:\BAOBAB\Baobab.SmartAbp\hxlot\src\SmartAbp.Application.Contracts\LowCode\Dtos\EntityFieldDto.cs(32,23): warning CS8618: Non-nullable property 'Type' must contain a non-null value when exiting constructor. Consider adding the 'required' modifier or declaring the property as nullable. [D:\BAOBAB\Baobab.SmartAbp\hxlot\src\SmartAbp.Application.Contracts\SmartAbp.Application.Contracts.csproj]
D:\BAOBAB\Baobab.SmartAbp\hxlot\src\SmartAbp.Application.Contracts\LowCode\Dtos\EntityFieldDto.cs(57,23): warning CS8618: Non-nullable property 'DefaultValue' must contain a non-null value when exiting constructor. Consider adding the 'required' modifier or declaring the property as nullable. [D:\BAOBAB\Baobab.SmartAbp\hxlot\src\SmartAbp.Application.Contracts\SmartAbp.Application.Contracts.csproj]
D:\BAOBAB\Baobab.SmartAbp\hxlot\src\SmartAbp.Application.Contracts\LowCode\Dtos\EntityFieldDto.cs(62,23): warning CS8618: Non-nullable property 'Comment' must contain a non-null value when exiting constructor. Consider adding the 'required' modifier or declaring the property as nullable. [D:\BAOBAB\Baobab.SmartAbp\hxlot\src\SmartAbp.Application.Contracts\SmartAbp.Application.Contracts.csproj]
D:\BAOBAB\Baobab.SmartAbp\hxlot\src\SmartAbp.Application.Contracts\LowCode\Dtos\EntityFieldDto.cs(106,23): warning CS8618: Non-nullable property 'Pattern' must contain a non-null value when exiting constructor. Consider adding the 'required' modifier or declaring the property as nullable. [D:\BAOBAB\Baobab.SmartAbp\hxlot\src\SmartAbp.Application.Contracts\SmartAbp.Application.Contracts.csproj]
D:\BAOBAB\Baobab.SmartAbp\hxlot\src\SmartAbp.Application.Contracts\LowCode\Dtos\EntityFieldDto.cs(121,23): warning CS8618: Non-nullable property 'GroupName' must contain a non-null value when exiting constructor. Consider adding the 'required' modifier or declaring the property as nullable. [D:\BAOBAB\Baobab.SmartAbp\hxlot\src\SmartAbp.Application.Contracts\SmartAbp.Application.Contracts.csproj]
D:\BAOBAB\Baobab.SmartAbp\hxlot\src\SmartAbp.Application.Contracts\LowCode\Dtos\EntityFieldDto.cs(134,23): warning CS8618: Non-nullable property 'ColumnName' must contain a non-null value when exiting constructor. Consider adding the 'required' modifier or declaring the property as nullable. [D:\BAOBAB\Baobab.SmartAbp\hxlot\src\SmartAbp.Application.Contracts\SmartAbp.Application.Contracts.csproj]
D:\BAOBAB\Baobab.SmartAbp\hxlot\src\SmartAbp.Application.Contracts\LowCode\Dtos\EntityFieldDto.cs(135,23): warning CS8618: Non-nullable property 'ColumnType' must contain a non-null value when exiting constructor. Consider adding the 'required' modifier or declaring the property as nullable. [D:\BAOBAB\Baobab.SmartAbp\hxlot\src\SmartAbp.Application.Contracts\SmartAbp.Application.Contracts.csproj]
D:\BAOBAB\Baobab.SmartAbp\hxlot\src\SmartAbp.Application.Contracts\LowCode\Dtos\EntityDefinitionDto.cs(23,23): warning CS8618: Non-nullable property 'Name' must contain a non-null value when exiting constructor. Consider adding the 'required' modifier or declaring the property as nullable. [D:\BAOBAB\Baobab.SmartAbp\hxlot\src\SmartAbp.Application.Contracts\SmartAbp.Application.Contracts.csproj]
D:\BAOBAB\Baobab.SmartAbp\hxlot\src\SmartAbp.Application.Contracts\LowCode\Dtos\EntityDefinitionDto.cs(28,23): warning CS8618: Non-nullable property 'TableName' must contain a non-null value when exiting constructor. Consider adding the 'required' modifier or declaring the property as nullable. [D:\BAOBAB\Baobab.SmartAbp\hxlot\src\SmartAbp.Application.Contracts\SmartAbp.Application.Contracts.csproj]
D:\BAOBAB\Baobab.SmartAbp\hxlot\src\SmartAbp.Application.Contracts\LowCode\Dtos\EntityDefinitionDto.cs(33,23): warning CS8618: Non-nullable property 'DisplayName' must contain a non-null value when exiting constructor. Consider adding the 'required' modifier or declaring the property as nullable. [D:\BAOBAB\Baobab.SmartAbp\hxlot\src\SmartAbp.Application.Contracts\SmartAbp.Application.Contracts.csproj]
D:\BAOBAB\Baobab.SmartAbp\hxlot\src\SmartAbp.Application.Contracts\LowCode\Dtos\EntityDefinitionDto.cs(38,23): warning CS8618: Non-nullable property 'Description' must contain a non-null value when exiting constructor. Consider adding the 'required' modifier or declaring the property as nullable. [D:\BAOBAB\Baobab.SmartAbp\hxlot\src\SmartAbp.Application.Contracts\SmartAbp.Application.Contracts.csproj]
D:\BAOBAB\Baobab.SmartAbp\hxlot\src\SmartAbp.Application.Contracts\LowCode\Dtos\EntityDefinitionDto.cs(43,23): warning CS8618: Non-nullable property 'EntityType' must contain a non-null value when exiting constructor. Consider adding the 'required' modifier or declaring the property as nullable. [D:\BAOBAB\Baobab.SmartAbp\hxlot\src\SmartAbp.Application.Contracts\SmartAbp.Application.Contracts.csproj]
D:\BAOBAB\Baobab.SmartAbp\hxlot\src\SmartAbp.Application.Contracts\LowCode\Dtos\EntityDefinitionDto.cs(48,23): warning CS8618: Non-nullable property 'BaseType' must contain a non-null value when exiting constructor. Consider adding the 'required' modifier or declaring the property as nullable. [D:\BAOBAB\Baobab.SmartAbp\hxlot\src\SmartAbp.Application.Contracts\SmartAbp.Application.Contracts.csproj]
D:\BAOBAB\Baobab.SmartAbp\hxlot\src\SmartAbp.Application.Contracts\LowCode\Dtos\EntityDefinitionDto.cs(53,23): warning CS8618: Non-nullable property 'Namespace' must contain a non-null value when exiting constructor. Consider adding the 'required' modifier or declaring the property as nullable. [D:\BAOBAB\Baobab.SmartAbp\hxlot\src\SmartAbp.Application.Contracts\SmartAbp.Application.Contracts.csproj]
D:\BAOBAB\Baobab.SmartAbp\hxlot\src\SmartAbp.Application.Contracts\LowCode\Dtos\EntityDefinitionDto.cs(60,23): warning CS8618: Non-nullable property 'Schema' must contain a non-null value when exiting constructor. Consider adding the 'required' modifier or declaring the property as nullable. [D:\BAOBAB\Baobab.SmartAbp\hxlot\src\SmartAbp.Application.Contracts\SmartAbp.Application.Contracts.csproj]
D:\BAOBAB\Baobab.SmartAbp\hxlot\src\SmartAbp.Application.Contracts\LowCode\Dtos\EntityDefinitionDto.cs(70,23): warning CS8618: Non-nullable property 'BaseClass' must contain a non-null value when exiting constructor. Consider adding the 'required' modifier or declaring the property as nullable. [D:\BAOBAB\Baobab.SmartAbp\hxlot\src\SmartAbp.Application.Contracts\SmartAbp.Application.Contracts.csproj]
D:\BAOBAB\Baobab.SmartAbp\hxlot\src\SmartAbp.Application.Contracts\LowCode\Dtos\EntityDefinitionDto.cs(106,34): warning CS8618: Non-nullable property 'UIConfig' must contain a non-null value when exiting constructor. Consider adding the 'required' modifier or declaring the property as nullable. [D:\BAOBAB\Baobab.SmartAbp\hxlot\src\SmartAbp.Application.Contracts\SmartAbp.Application.Contracts.csproj]
D:\BAOBAB\Baobab.SmartAbp\hxlot\src\SmartAbp.Application.Contracts\LowCode\Dtos\EntityDefinitionDto.cs(107,40): warning CS8618: Non-nullable property 'CodeGeneration' must contain a non-null value when exiting constructor. Consider adding the 'required' modifier or declaring the property as nullable. [D:\BAOBAB\Baobab.SmartAbp\hxlot\src\SmartAbp.Application.Contracts\SmartAbp.Application.Contracts.csproj]
D:\BAOBAB\Baobab.SmartAbp\hxlot\src\SmartAbp.Application.Contracts\LowCode\Dtos\EntityDefinitionDto.cs(119,23): warning CS8618: Non-nullable property 'SchemaVersion' must contain a non-null value when exiting constructor. Consider adding the 'required' modifier or declaring the property as nullable. [D:\BAOBAB\Baobab.SmartAbp\hxlot\src\SmartAbp.Application.Contracts\SmartAbp.Application.Contracts.csproj]
D:\BAOBAB\Baobab.SmartAbp\hxlot\src\SmartAbp.Application.Contracts\LowCode\Dtos\EntityDefinitionDto.cs(120,23): warning CS8618: Non-nullable property 'Version' must contain a non-null value when exiting constructor. Consider adding the 'required' modifier or declaring the property as nullable. [D:\BAOBAB\Baobab.SmartAbp\hxlot\src\SmartAbp.Application.Contracts\SmartAbp.Application.Contracts.csproj]
D:\BAOBAB\Baobab.SmartAbp\hxlot\src\SmartAbp.Application.Contracts\LowCode\Dtos\SchemaVersionHistoryDto.cs(133,23): warning CS8618: Non-nullable property 'ReleasedBy' must contain a non-null value when exiting constructor. Consider adding the 'required' modifier or declaring the property as nullable. [D:\BAOBAB\Baobab.SmartAbp\hxlot\src\SmartAbp.Application.Contracts\SmartAbp.Application.Contracts.csproj]
D:\BAOBAB\Baobab.SmartAbp\hxlot\src\SmartAbp.Application.Contracts\LowCode\Dtos\SchemaVersionHistoryDto.cs(135,23): warning CS8618: Non-nullable property 'ReleaseNotes' must contain a non-null value when exiting constructor. Consider adding the 'required' modifier or declaring the property as nullable. [D:\BAOBAB\Baobab.SmartAbp\hxlot\src\SmartAbp.Application.Contracts\SmartAbp.Application.Contracts.csproj]
D:\BAOBAB\Baobab.SmartAbp\hxlot\src\SmartAbp.Application.Contracts\LowCode\Dtos\SchemaVersionHistoryDto.cs(99,23): warning CS8618: Non-nullable property 'Version' must contain a non-null value when exiting constructor. Consider adding the 'required' modifier or declaring the property as nullable. [D:\BAOBAB\Baobab.SmartAbp\hxlot\src\SmartAbp.Application.Contracts\SmartAbp.Application.Contracts.csproj]
D:\BAOBAB\Baobab.SmartAbp\hxlot\src\SmartAbp.Application.Contracts\LowCode\Dtos\SchemaVersionHistoryDto.cs(103,23): warning CS8618: Non-nullable property 'SchemaName' must contain a non-null value when exiting constructor. Consider adding the 'required' modifier or declaring the property as nullable. [D:\BAOBAB\Baobab.SmartAbp\hxlot\src\SmartAbp.Application.Contracts\SmartAbp.Application.Contracts.csproj]
D:\BAOBAB\Baobab.SmartAbp\hxlot\src\SmartAbp.Application.Contracts\LowCode\Dtos\SchemaVersionHistoryDto.cs(106,23): warning CS8618: Non-nullable property 'Description' must contain a non-null value when exiting constructor. Consider adding the 'required' modifier or declaring the property as nullable. [D:\BAOBAB\Baobab.SmartAbp\hxlot\src\SmartAbp.Application.Contracts\SmartAbp.Application.Contracts.csproj]
D:\BAOBAB\Baobab.SmartAbp\hxlot\src\SmartAbp.Application.Contracts\LowCode\Dtos\SchemaVersionHistoryDto.cs(110,23): warning CS8618: Non-nullable property 'ChangeType' must contain a non-null value when exiting constructor. Consider adding the 'required' modifier or declaring the property as nullable. [D:\BAOBAB\Baobab.SmartAbp\hxlot\src\SmartAbp.Application.Contracts\SmartAbp.Application.Contracts.csproj]
D:\BAOBAB\Baobab.SmartAbp\hxlot\src\SmartAbp.Application.Contracts\LowCode\Dtos\SchemaVersionHistoryDto.cs(112,23): warning CS8618: Non-nullable property 'ChangeContent' must contain a non-null value when exiting constructor. Consider adding the 'required' modifier or declaring the property as nullable. [D:\BAOBAB\Baobab.SmartAbp\hxlot\src\SmartAbp.Application.Contracts\SmartAbp.Application.Contracts.csproj]
D:\BAOBAB\Baobab.SmartAbp\hxlot\src\SmartAbp.Application.Contracts\LowCode\Dtos\SchemaVersionHistoryDto.cs(117,23): warning CS8618: Non-nullable property 'MinCompatibleVersion' must contain a non-null value when exiting constructor. Consider adding the 'required' modifier or declaring the property as nullable. [D:\BAOBAB\Baobab.SmartAbp\hxlot\src\SmartAbp.Application.Contracts\SmartAbp.Application.Contracts.csproj]
D:\BAOBAB\Baobab.SmartAbp\hxlot\src\SmartAbp.Application.Contracts\LowCode\Dtos\SchemaVersionHistoryDto.cs(120,23): warning CS8618: Non-nullable property 'MaxCompatibleVersion' must contain a non-null value when exiting constructor. Consider adding the 'required' modifier or declaring the property as nullable. [D:\BAOBAB\Baobab.SmartAbp\hxlot\src\SmartAbp.Application.Contracts\SmartAbp.Application.Contracts.csproj]
D:\BAOBAB\Baobab.SmartAbp\hxlot\src\SmartAbp.Application.Contracts\LowCode\Dtos\SchemaVersionHistoryDto.cs(17,23): warning CS8618: Non-nullable property 'Version' must contain a non-null value when exiting constructor. Consider adding the 'required' modifier or declaring the property as nullable. [D:\BAOBAB\Baobab.SmartAbp\hxlot\src\SmartAbp.Application.Contracts\SmartAbp.Application.Contracts.csproj]
D:\BAOBAB\Baobab.SmartAbp\hxlot\src\SmartAbp.Application.Contracts\LowCode\Dtos\SchemaVersionHistoryDto.cs(24,23): warning CS8618: Non-nullable property 'SchemaName' must contain a non-null value when exiting constructor. Consider adding the 'required' modifier or declaring the property as nullable. [D:\BAOBAB\Baobab.SmartAbp\hxlot\src\SmartAbp.Application.Contracts\SmartAbp.Application.Contracts.csproj]
D:\BAOBAB\Baobab.SmartAbp\hxlot\src\SmartAbp.Application.Contracts\LowCode\Dtos\SchemaVersionHistoryDto.cs(30,23): warning CS8618: Non-nullable property 'Description' must contain a non-null value when exiting constructor. Consider adding the 'required' modifier or declaring the property as nullable. [D:\BAOBAB\Baobab.SmartAbp\hxlot\src\SmartAbp.Application.Contracts\SmartAbp.Application.Contracts.csproj]
D:\BAOBAB\Baobab.SmartAbp\hxlot\src\SmartAbp.Application.Contracts\LowCode\Dtos\SchemaVersionHistoryDto.cs(36,23): warning CS8618: Non-nullable property 'ChangeType' must contain a non-null value when exiting constructor. Consider adding the 'required' modifier or declaring the property as nullable. [D:\BAOBAB\Baobab.SmartAbp\hxlot\src\SmartAbp.Application.Contracts\SmartAbp.Application.Contracts.csproj]
D:\BAOBAB\Baobab.SmartAbp\hxlot\src\SmartAbp.Application.Contracts\LowCode\Dtos\SchemaVersionHistoryDto.cs(41,23): warning CS8618: Non-nullable property 'ChangeContent' must contain a non-null value when exiting constructor. Consider adding the 'required' modifier or declaring the property as nullable. [D:\BAOBAB\Baobab.SmartAbp\hxlot\src\SmartAbp.Application.Contracts\SmartAbp.Application.Contracts.csproj]
D:\BAOBAB\Baobab.SmartAbp\hxlot\src\SmartAbp.Application.Contracts\LowCode\Dtos\SchemaVersionHistoryDto.cs(72,23): warning CS8618: Non-nullable property 'MinCompatibleVersion' must contain a non-null value when exiting constructor. Consider adding the 'required' modifier or declaring the property as nullable. [D:\BAOBAB\Baobab.SmartAbp\hxlot\src\SmartAbp.Application.Contracts\SmartAbp.Application.Contracts.csproj]
D:\BAOBAB\Baobab.SmartAbp\hxlot\src\SmartAbp.Application.Contracts\LowCode\Dtos\SchemaVersionHistoryDto.cs(78,23): warning CS8618: Non-nullable property 'MaxCompatibleVersion' must contain a non-null value when exiting constructor. Consider adding the 'required' modifier or declaring the property as nullable. [D:\BAOBAB\Baobab.SmartAbp\hxlot\src\SmartAbp.Application.Contracts\SmartAbp.Application.Contracts.csproj]
D:\BAOBAB\Baobab.SmartAbp\hxlot\src\SmartAbp.Application.Contracts\LowCode\Dtos\SchemaVersionHistoryDto.cs(84,23): warning CS8618: Non-nullable property 'ReleasedBy' must contain a non-null value when exiting constructor. Consider adding the 'required' modifier or declaring the property as nullable. [D:\BAOBAB\Baobab.SmartAbp\hxlot\src\SmartAbp.Application.Contracts\SmartAbp.Application.Contracts.csproj]
D:\BAOBAB\Baobab.SmartAbp\hxlot\src\SmartAbp.Application.Contracts\LowCode\Dtos\SchemaVersionHistoryDto.cs(89,23): warning CS8618: Non-nullable property 'ReleaseNotes' must contain a non-null value when exiting constructor. Consider adding the 'required' modifier or declaring the property as nullable. [D:\BAOBAB\Baobab.SmartAbp\hxlot\src\SmartAbp.Application.Contracts\SmartAbp.Application.Contracts.csproj]
D:\BAOBAB\Baobab.SmartAbp\hxlot\src\SmartAbp.Application.Contracts\LowCode\Dtos\IndustryTemplateGenerationResultDto.cs(14,23): warning CS8618: Non-nullable property 'Path' must contain a non-null value when exiting constructor. Consider adding the 'required' modifier or declaring the property as nullable. [D:\BAOBAB\Baobab.SmartAbp\hxlot\src\SmartAbp.Application.Contracts\SmartAbp.Application.Contracts.csproj]
D:\BAOBAB\Baobab.SmartAbp\hxlot\src\SmartAbp.Application.Contracts\LowCode\Dtos\IndustryTemplateGenerationResultDto.cs(15,23): warning CS8618: Non-nullable property 'Content' must contain a non-null value when exiting constructor. Consider adding the 'required' modifier or declaring the property as nullable. [D:\BAOBAB\Baobab.SmartAbp\hxlot\src\SmartAbp.Application.Contracts\SmartAbp.Application.Contracts.csproj]
  SmartAbp.Application.Contracts -> D:\BAOBAB\Baobab.SmartAbp\hxlot\src\SmartAbp.Application.Contracts\bin\Debug\net9.0\SmartAbp.Application.Contracts.dll
D:\BAOBAB\Baobab.SmartAbp\hxlot\src\SmartAbp.Domain\CodeGenerator\UserProfile.cs(51,31): warning CS8625: Cannot convert null literal to non-nullable reference type. [D:\BAOBAB\Baobab.SmartAbp\hxlot\src\SmartAbp.Domain\SmartAbp.Domain.csproj]
D:\BAOBAB\Baobab.SmartAbp\hxlot\src\SmartAbp.Domain\CodeGenerator\UserProfile.cs(52,34): warning CS8625: Cannot convert null literal to non-nullable reference type. [D:\BAOBAB\Baobab.SmartAbp\hxlot\src\SmartAbp.Domain\SmartAbp.Domain.csproj]
D:\BAOBAB\Baobab.SmartAbp\hxlot\src\SmartAbp.Domain\Entities\LowCode\EntityRelation.cs(75,41): warning CS8625: Cannot convert null literal to non-nullable reference type. [D:\BAOBAB\Baobab.SmartAbp\hxlot\src\SmartAbp.Domain\SmartAbp.Domain.csproj]
D:\BAOBAB\Baobab.SmartAbp\hxlot\src\SmartAbp.Domain\Entities\LowCode\EntityRelation.cs(76,34): warning CS8625: Cannot convert null literal to non-nullable reference type. [D:\BAOBAB\Baobab.SmartAbp\hxlot\src\SmartAbp.Domain\SmartAbp.Domain.csproj]
D:\BAOBAB\Baobab.SmartAbp\hxlot\src\SmartAbp.Domain\Entities\LowCode\EntityField.cs(129,35): warning CS8625: Cannot convert null literal to non-nullable reference type. [D:\BAOBAB\Baobab.SmartAbp\hxlot\src\SmartAbp.Domain\SmartAbp.Domain.csproj]
D:\BAOBAB\Baobab.SmartAbp\hxlot\src\SmartAbp.Domain\Entities\LowCode\EntityField.cs(130,34): warning CS8625: Cannot convert null literal to non-nullable reference type. [D:\BAOBAB\Baobab.SmartAbp\hxlot\src\SmartAbp.Domain\SmartAbp.Domain.csproj]
D:\BAOBAB\Baobab.SmartAbp\hxlot\src\SmartAbp.Domain\Entities\LowCode\ValidationRule.cs(80,34): warning CS8625: Cannot convert null literal to non-nullable reference type. [D:\BAOBAB\Baobab.SmartAbp\hxlot\src\SmartAbp.Domain\SmartAbp.Domain.csproj]
D:\BAOBAB\Baobab.SmartAbp\hxlot\src\SmartAbp.Domain\Entities\LowCode\SchemaVersionHistory.cs(121,70): warning CS8625: Cannot convert null literal to non-nullable reference type. [D:\BAOBAB\Baobab.SmartAbp\hxlot\src\SmartAbp.Domain\SmartAbp.Domain.csproj]
D:\BAOBAB\Baobab.SmartAbp\hxlot\src\SmartAbp.Domain\CodeGenerator\UserProfile.cs(46,19): warning CS8618: Non-nullable property 'Industry' must contain a non-null value when exiting constructor. Consider adding the 'required' modifier or declaring the property as nullable. [D:\BAOBAB\Baobab.SmartAbp\hxlot\src\SmartAbp.Domain\SmartAbp.Domain.csproj]
D:\BAOBAB\Baobab.SmartAbp\hxlot\src\SmartAbp.Domain\CodeGenerator\UserProfile.cs(46,19): warning CS8618: Non-nullable property 'CompanyName' must contain a non-null value when exiting constructor. Consider adding the 'required' modifier or declaring the property as nullable. [D:\BAOBAB\Baobab.SmartAbp\hxlot\src\SmartAbp.Domain\SmartAbp.Domain.csproj]
D:\BAOBAB\Baobab.SmartAbp\hxlot\src\SmartAbp.Domain\CodeGenerator\UserProfile.cs(46,19): warning CS8618: Non-nullable property 'CompanySize' must contain a non-null value when exiting constructor. Consider adding the 'required' modifier or declaring the property as nullable. [D:\BAOBAB\Baobab.SmartAbp\hxlot\src\SmartAbp.Domain\SmartAbp.Domain.csproj]
D:\BAOBAB\Baobab.SmartAbp\hxlot\src\SmartAbp.Domain\CodeGenerator\UserProfile.cs(46,19): warning CS8618: Non-nullable property 'LastUsedMode' must contain a non-null value when exiting constructor. Consider adding the 'required' modifier or declaring the property as nullable. [D:\BAOBAB\Baobab.SmartAbp\hxlot\src\SmartAbp.Domain\SmartAbp.Domain.csproj]
D:\BAOBAB\Baobab.SmartAbp\hxlot\src\SmartAbp.Domain\CodeGenerator\UserProfile.cs(46,19): warning CS8618: Non-nullable property 'Preferences' must contain a non-null value when exiting constructor. Consider adding the 'required' modifier or declaring the property as nullable. [D:\BAOBAB\Baobab.SmartAbp\hxlot\src\SmartAbp.Domain\SmartAbp.Domain.csproj]
D:\BAOBAB\Baobab.SmartAbp\hxlot\src\SmartAbp.Domain\Entities\LowCode\ValidationRule.cs(66,16): warning CS8618: Non-nullable property 'FieldName' must contain a non-null value when exiting constructor. Consider adding the 'required' modifier or declaring the property as nullable. [D:\BAOBAB\Baobab.SmartAbp\hxlot\src\SmartAbp.Domain\SmartAbp.Domain.csproj]
D:\BAOBAB\Baobab.SmartAbp\hxlot\src\SmartAbp.Domain\Entities\LowCode\ValidationRule.cs(66,16): warning CS8618: Non-nullable property 'RuleType' must contain a non-null value when exiting constructor. Consider adding the 'required' modifier or declaring the property as nullable. [D:\BAOBAB\Baobab.SmartAbp\hxlot\src\SmartAbp.Domain\SmartAbp.Domain.csproj]
D:\BAOBAB\Baobab.SmartAbp\hxlot\src\SmartAbp.Domain\Entities\LowCode\ValidationRule.cs(66,16): warning CS8618: Non-nullable property 'RuleValue' must contain a non-null value when exiting constructor. Consider adding the 'required' modifier or declaring the property as nullable. [D:\BAOBAB\Baobab.SmartAbp\hxlot\src\SmartAbp.Domain\SmartAbp.Domain.csproj]
D:\BAOBAB\Baobab.SmartAbp\hxlot\src\SmartAbp.Domain\Entities\LowCode\ValidationRule.cs(66,16): warning CS8618: Non-nullable property 'ErrorMessage' must contain a non-null value when exiting constructor. Consider adding the 'required' modifier or declaring the property as nullable. [D:\BAOBAB\Baobab.SmartAbp\hxlot\src\SmartAbp.Domain\SmartAbp.Domain.csproj]
D:\BAOBAB\Baobab.SmartAbp\hxlot\src\SmartAbp.Domain\Entities\LowCode\ValidationRule.cs(66,16): warning CS8618: Non-nullable property 'Description' must contain a non-null value when exiting constructor. Consider adding the 'required' modifier or declaring the property as nullable. [D:\BAOBAB\Baobab.SmartAbp\hxlot\src\SmartAbp.Domain\SmartAbp.Domain.csproj]
D:\BAOBAB\Baobab.SmartAbp\hxlot\src\SmartAbp.Domain\Entities\LowCode\ValidationRule.cs(66,16): warning CS8618: Non-nullable property 'Trigger' must contain a non-null value when exiting constructor. Consider adding the 'required' modifier or declaring the property as nullable. [D:\BAOBAB\Baobab.SmartAbp\hxlot\src\SmartAbp.Domain\SmartAbp.Domain.csproj]
D:\BAOBAB\Baobab.SmartAbp\hxlot\src\SmartAbp.Domain\Entities\LowCode\ValidationRule.cs(66,16): warning CS8618: Non-nullable property 'EntityDefinition' must contain a non-null value when exiting constructor. Consider adding the 'required' modifier or declaring the property as nullable. [D:\BAOBAB\Baobab.SmartAbp\hxlot\src\SmartAbp.Domain\SmartAbp.Domain.csproj]
D:\BAOBAB\Baobab.SmartAbp\hxlot\src\SmartAbp.Domain\CodeGenerator\UserProfile.cs(48,16): warning CS8618: Non-nullable property 'CompanySize' must contain a non-null value when exiting constructor. Consider adding the 'required' modifier or declaring the property as nullable. [D:\BAOBAB\Baobab.SmartAbp\hxlot\src\SmartAbp.Domain\SmartAbp.Domain.csproj]
D:\BAOBAB\Baobab.SmartAbp\hxlot\src\SmartAbp.Domain\CodeGenerator\UserProfile.cs(48,16): warning CS8618: Non-nullable property 'LastUsedMode' must contain a non-null value when exiting constructor. Consider adding the 'required' modifier or declaring the property as nullable. [D:\BAOBAB\Baobab.SmartAbp\hxlot\src\SmartAbp.Domain\SmartAbp.Domain.csproj]
D:\BAOBAB\Baobab.SmartAbp\hxlot\src\SmartAbp.Domain\CodeGenerator\UserProfile.cs(48,16): warning CS8618: Non-nullable property 'Preferences' must contain a non-null value when exiting constructor. Consider adding the 'required' modifier or declaring the property as nullable. [D:\BAOBAB\Baobab.SmartAbp\hxlot\src\SmartAbp.Domain\SmartAbp.Domain.csproj]
D:\BAOBAB\Baobab.SmartAbp\hxlot\src\SmartAbp.Domain\Entities\LowCode\ValidationRule.cs(73,16): warning CS8618: Non-nullable property 'Trigger' must contain a non-null value when exiting constructor. Consider adding the 'required' modifier or declaring the property as nullable. [D:\BAOBAB\Baobab.SmartAbp\hxlot\src\SmartAbp.Domain\SmartAbp.Domain.csproj]
D:\BAOBAB\Baobab.SmartAbp\hxlot\src\SmartAbp.Domain\Entities\LowCode\ValidationRule.cs(73,16): warning CS8618: Non-nullable property 'EntityDefinition' must contain a non-null value when exiting constructor. Consider adding the 'required' modifier or declaring the property as nullable. [D:\BAOBAB\Baobab.SmartAbp\hxlot\src\SmartAbp.Domain\SmartAbp.Domain.csproj]
D:\BAOBAB\Baobab.SmartAbp\hxlot\src\SmartAbp.Domain\Entities\LowCode\EntityDefinition.cs(116,16): warning CS8618: Non-nullable property 'Name' must contain a non-null value when exiting constructor. Consider adding the 'required' modifier or declaring the property as nullable. [D:\BAOBAB\Baobab.SmartAbp\hxlot\src\SmartAbp.Domain\SmartAbp.Domain.csproj]
D:\BAOBAB\Baobab.SmartAbp\hxlot\src\SmartAbp.Domain\Entities\LowCode\EntityDefinition.cs(116,16): warning CS8618: Non-nullable property 'TableName' must contain a non-null value when exiting constructor. Consider adding the 'required' modifier or declaring the property as nullable. [D:\BAOBAB\Baobab.SmartAbp\hxlot\src\SmartAbp.Domain\SmartAbp.Domain.csproj]
D:\BAOBAB\Baobab.SmartAbp\hxlot\src\SmartAbp.Domain\Entities\LowCode\EntityDefinition.cs(116,16): warning CS8618: Non-nullable property 'DisplayName' must contain a non-null value when exiting constructor. Consider adding the 'required' modifier or declaring the property as nullable. [D:\BAOBAB\Baobab.SmartAbp\hxlot\src\SmartAbp.Domain\SmartAbp.Domain.csproj]
D:\BAOBAB\Baobab.SmartAbp\hxlot\src\SmartAbp.Domain\Entities\LowCode\EntityDefinition.cs(116,16): warning CS8618: Non-nullable property 'Description' must contain a non-null value when exiting constructor. Consider adding the 'required' modifier or declaring the property as nullable. [D:\BAOBAB\Baobab.SmartAbp\hxlot\src\SmartAbp.Domain\SmartAbp.Domain.csproj]
D:\BAOBAB\Baobab.SmartAbp\hxlot\src\SmartAbp.Domain\Entities\LowCode\EntityDefinition.cs(116,16): warning CS8618: Non-nullable property 'EntityType' must contain a non-null value when exiting constructor. Consider adding the 'required' modifier or declaring the property as nullable. [D:\BAOBAB\Baobab.SmartAbp\hxlot\src\SmartAbp.Domain\SmartAbp.Domain.csproj]
D:\BAOBAB\Baobab.SmartAbp\hxlot\src\SmartAbp.Domain\Entities\LowCode\EntityDefinition.cs(116,16): warning CS8618: Non-nullable property 'BaseType' must contain a non-null value when exiting constructor. Consider adding the 'required' modifier or declaring the property as nullable. [D:\BAOBAB\Baobab.SmartAbp\hxlot\src\SmartAbp.Domain\SmartAbp.Domain.csproj]
D:\BAOBAB\Baobab.SmartAbp\hxlot\src\SmartAbp.Domain\Entities\LowCode\EntityDefinition.cs(116,16): warning CS8618: Non-nullable property 'Namespace' must contain a non-null value when exiting constructor. Consider adding the 'required' modifier or declaring the property as nullable. [D:\BAOBAB\Baobab.SmartAbp\hxlot\src\SmartAbp.Domain\SmartAbp.Domain.csproj]
D:\BAOBAB\Baobab.SmartAbp\hxlot\src\SmartAbp.Domain\Entities\LowCode\EntityDefinition.cs(116,16): warning CS8618: Non-nullable property 'Category' must contain a non-null value when exiting constructor. Consider adding the 'required' modifier or declaring the property as nullable. [D:\BAOBAB\Baobab.SmartAbp\hxlot\src\SmartAbp.Domain\SmartAbp.Domain.csproj]
D:\BAOBAB\Baobab.SmartAbp\hxlot\src\SmartAbp.Domain\Entities\LowCode\EntityDefinition.cs(116,16): warning CS8618: Non-nullable property 'Module' must contain a non-null value when exiting constructor. Consider adding the 'required' modifier or declaring the property as nullable. [D:\BAOBAB\Baobab.SmartAbp\hxlot\src\SmartAbp.Domain\SmartAbp.Domain.csproj]
D:\BAOBAB\Baobab.SmartAbp\hxlot\src\SmartAbp.Domain\Entities\LowCode\EntityDefinition.cs(116,16): warning CS8618: Non-nullable property 'Schema' must contain a non-null value when exiting constructor. Consider adding the 'required' modifier or declaring the property as nullable. [D:\BAOBAB\Baobab.SmartAbp\hxlot\src\SmartAbp.Domain\SmartAbp.Domain.csproj]
D:\BAOBAB\Baobab.SmartAbp\hxlot\src\SmartAbp.Domain\Entities\LowCode\EntityDefinition.cs(116,16): warning CS8618: Non-nullable property 'BaseClass' must contain a non-null value when exiting constructor. Consider adding the 'required' modifier or declaring the property as nullable. [D:\BAOBAB\Baobab.SmartAbp\hxlot\src\SmartAbp.Domain\SmartAbp.Domain.csproj]
D:\BAOBAB\Baobab.SmartAbp\hxlot\src\SmartAbp.Domain\Entities\LowCode\EntityDefinition.cs(116,16): warning CS8618: Non-nullable property 'SchemaVersion' must contain a non-null value when exiting constructor. Consider adding the 'required' modifier or declaring the property as nullable. [D:\BAOBAB\Baobab.SmartAbp\hxlot\src\SmartAbp.Domain\SmartAbp.Domain.csproj]
D:\BAOBAB\Baobab.SmartAbp\hxlot\src\SmartAbp.Domain\Entities\LowCode\EntityDefinition.cs(116,16): warning CS8618: Non-nullable property 'Version' must contain a non-null value when exiting constructor. Consider adding the 'required' modifier or declaring the property as nullable. [D:\BAOBAB\Baobab.SmartAbp\hxlot\src\SmartAbp.Domain\SmartAbp.Domain.csproj]
D:\BAOBAB\Baobab.SmartAbp\hxlot\src\SmartAbp.Domain\Entities\LowCode\EntityDefinition.cs(126,16): warning CS8618: Non-nullable property 'EntityType' must contain a non-null value when exiting constructor. Consider adding the 'required' modifier or declaring the property as nullable. [D:\BAOBAB\Baobab.SmartAbp\hxlot\src\SmartAbp.Domain\SmartAbp.Domain.csproj]
D:\BAOBAB\Baobab.SmartAbp\hxlot\src\SmartAbp.Domain\Entities\LowCode\EntityDefinition.cs(126,16): warning CS8618: Non-nullable property 'BaseType' must contain a non-null value when exiting constructor. Consider adding the 'required' modifier or declaring the property as nullable. [D:\BAOBAB\Baobab.SmartAbp\hxlot\src\SmartAbp.Domain\SmartAbp.Domain.csproj]
D:\BAOBAB\Baobab.SmartAbp\hxlot\src\SmartAbp.Domain\Entities\LowCode\EntityDefinition.cs(126,16): warning CS8618: Non-nullable property 'Namespace' must contain a non-null value when exiting constructor. Consider adding the 'required' modifier or declaring the property as nullable. [D:\BAOBAB\Baobab.SmartAbp\hxlot\src\SmartAbp.Domain\SmartAbp.Domain.csproj]
D:\BAOBAB\Baobab.SmartAbp\hxlot\src\SmartAbp.Domain\Entities\LowCode\EntityDefinition.cs(126,16): warning CS8618: Non-nullable property 'Relationships' must contain a non-null value when exiting constructor. Consider adding the 'required' modifier or declaring the property as nullable. [D:\BAOBAB\Baobab.SmartAbp\hxlot\src\SmartAbp.Domain\SmartAbp.Domain.csproj]
D:\BAOBAB\Baobab.SmartAbp\hxlot\src\SmartAbp.Domain\Entities\LowCode\EntityDefinition.cs(126,16): warning CS8618: Non-nullable property 'Schema' must contain a non-null value when exiting constructor. Consider adding the 'required' modifier or declaring the property as nullable. [D:\BAOBAB\Baobab.SmartAbp\hxlot\src\SmartAbp.Domain\SmartAbp.Domain.csproj]
D:\BAOBAB\Baobab.SmartAbp\hxlot\src\SmartAbp.Domain\Entities\LowCode\EntityDefinition.cs(126,16): warning CS8618: Non-nullable property 'BaseClass' must contain a non-null value when exiting constructor. Consider adding the 'required' modifier or declaring the property as nullable. [D:\BAOBAB\Baobab.SmartAbp\hxlot\src\SmartAbp.Domain\SmartAbp.Domain.csproj]
D:\BAOBAB\Baobab.SmartAbp\hxlot\src\SmartAbp.Domain\Entities\LowCode\EntityDefinition.cs(126,16): warning CS8618: Non-nullable property 'SchemaVersion' must contain a non-null value when exiting constructor. Consider adding the 'required' modifier or declaring the property as nullable. [D:\BAOBAB\Baobab.SmartAbp\hxlot\src\SmartAbp.Domain\SmartAbp.Domain.csproj]
D:\BAOBAB\Baobab.SmartAbp\hxlot\src\SmartAbp.Domain\Entities\LowCode\EntityDefinition.cs(126,16): warning CS8618: Non-nullable property 'Version' must contain a non-null value when exiting constructor. Consider adding the 'required' modifier or declaring the property as nullable. [D:\BAOBAB\Baobab.SmartAbp\hxlot\src\SmartAbp.Domain\SmartAbp.Domain.csproj]
D:\BAOBAB\Baobab.SmartAbp\hxlot\src\SmartAbp.Domain\Entities\LowCode\EntityRelation.cs(62,16): warning CS8618: Non-nullable property 'FromEntity' must contain a non-null value when exiting constructor. Consider adding the 'required' modifier or declaring the property as nullable. [D:\BAOBAB\Baobab.SmartAbp\hxlot\src\SmartAbp.Domain\SmartAbp.Domain.csproj]
D:\BAOBAB\Baobab.SmartAbp\hxlot\src\SmartAbp.Domain\Entities\LowCode\EntityRelation.cs(62,16): warning CS8618: Non-nullable property 'ToEntity' must contain a non-null value when exiting constructor. Consider adding the 'required' modifier or declaring the property as nullable. [D:\BAOBAB\Baobab.SmartAbp\hxlot\src\SmartAbp.Domain\SmartAbp.Domain.csproj]
D:\BAOBAB\Baobab.SmartAbp\hxlot\src\SmartAbp.Domain\Entities\LowCode\EntityRelation.cs(62,16): warning CS8618: Non-nullable property 'RelationType' must contain a non-null value when exiting constructor. Consider adding the 'required' modifier or declaring the property as nullable. [D:\BAOBAB\Baobab.SmartAbp\hxlot\src\SmartAbp.Domain\SmartAbp.Domain.csproj]
D:\BAOBAB\Baobab.SmartAbp\hxlot\src\SmartAbp.Domain\Entities\LowCode\EntityRelation.cs(62,16): warning CS8618: Non-nullable property 'ForeignKey' must contain a non-null value when exiting constructor. Consider adding the 'required' modifier or declaring the property as nullable. [D:\BAOBAB\Baobab.SmartAbp\hxlot\src\SmartAbp.Domain\SmartAbp.Domain.csproj]
D:\BAOBAB\Baobab.SmartAbp\hxlot\src\SmartAbp.Domain\Entities\LowCode\EntityRelation.cs(62,16): warning CS8618: Non-nullable property 'NavigationProperty' must contain a non-null value when exiting constructor. Consider adding the 'required' modifier or declaring the property as nullable. [D:\BAOBAB\Baobab.SmartAbp\hxlot\src\SmartAbp.Domain\SmartAbp.Domain.csproj]
D:\BAOBAB\Baobab.SmartAbp\hxlot\src\SmartAbp.Domain\Entities\LowCode\EntityRelation.cs(62,16): warning CS8618: Non-nullable property 'JoinTable' must contain a non-null value when exiting constructor. Consider adding the 'required' modifier or declaring the property as nullable. [D:\BAOBAB\Baobab.SmartAbp\hxlot\src\SmartAbp.Domain\SmartAbp.Domain.csproj]
D:\BAOBAB\Baobab.SmartAbp\hxlot\src\SmartAbp.Domain\Entities\LowCode\EntityRelation.cs(62,16): warning CS8618: Non-nullable property 'Description' must contain a non-null value when exiting constructor. Consider adding the 'required' modifier or declaring the property as nullable. [D:\BAOBAB\Baobab.SmartAbp\hxlot\src\SmartAbp.Domain\SmartAbp.Domain.csproj]
D:\BAOBAB\Baobab.SmartAbp\hxlot\src\SmartAbp.Domain\CodeGenerator\GenerationHistory.cs(61,19): warning CS8618: Non-nullable property 'Mode' must contain a non-null value when exiting constructor. Consider adding the 'required' modifier or declaring the property as nullable. [D:\BAOBAB\Baobab.SmartAbp\hxlot\src\SmartAbp.Domain\SmartAbp.Domain.csproj]
D:\BAOBAB\Baobab.SmartAbp\hxlot\src\SmartAbp.Domain\CodeGenerator\GenerationHistory.cs(61,19): warning CS8618: Non-nullable property 'TemplateName' must contain a non-null value when exiting constructor. Consider adding the 'required' modifier or declaring the property as nullable. [D:\BAOBAB\Baobab.SmartAbp\hxlot\src\SmartAbp.Domain\SmartAbp.Domain.csproj]
D:\BAOBAB\Baobab.SmartAbp\hxlot\src\SmartAbp.Domain\CodeGenerator\GenerationHistory.cs(61,19): warning CS8618: Non-nullable property 'ProjectName' must contain a non-null value when exiting constructor. Consider adding the 'required' modifier or declaring the property as nullable. [D:\BAOBAB\Baobab.SmartAbp\hxlot\src\SmartAbp.Domain\SmartAbp.Domain.csproj]
D:\BAOBAB\Baobab.SmartAbp\hxlot\src\SmartAbp.Domain\CodeGenerator\GenerationHistory.cs(61,19): warning CS8618: Non-nullable property 'Status' must contain a non-null value when exiting constructor. Consider adding the 'required' modifier or declaring the property as nullable. [D:\BAOBAB\Baobab.SmartAbp\hxlot\src\SmartAbp.Domain\SmartAbp.Domain.csproj]
D:\BAOBAB\Baobab.SmartAbp\hxlot\src\SmartAbp.Domain\CodeGenerator\GenerationHistory.cs(61,19): warning CS8618: Non-nullable property 'ErrorMessage' must contain a non-null value when exiting constructor. Consider adding the 'required' modifier or declaring the property as nullable. [D:\BAOBAB\Baobab.SmartAbp\hxlot\src\SmartAbp.Domain\SmartAbp.Domain.csproj]
D:\BAOBAB\Baobab.SmartAbp\hxlot\src\SmartAbp.Domain\CodeGenerator\GenerationHistory.cs(61,19): warning CS8618: Non-nullable property 'Metadata' must contain a non-null value when exiting constructor. Consider adding the 'required' modifier or declaring the property as nullable. [D:\BAOBAB\Baobab.SmartAbp\hxlot\src\SmartAbp.Domain\SmartAbp.Domain.csproj]
D:\BAOBAB\Baobab.SmartAbp\hxlot\src\SmartAbp.Domain\Entities\LowCode\EntityRelation.cs(69,16): warning CS8618: Non-nullable property 'JoinTable' must contain a non-null value when exiting constructor. Consider adding the 'required' modifier or declaring the property as nullable. [D:\BAOBAB\Baobab.SmartAbp\hxlot\src\SmartAbp.Domain\SmartAbp.Domain.csproj]
D:\BAOBAB\Baobab.SmartAbp\hxlot\src\SmartAbp.Domain\CodeGenerator\GenerationHistory.cs(63,16): warning CS8618: Non-nullable property 'TemplateName' must contain a non-null value when exiting constructor. Consider adding the 'required' modifier or declaring the property as nullable. [D:\BAOBAB\Baobab.SmartAbp\hxlot\src\SmartAbp.Domain\SmartAbp.Domain.csproj]
D:\BAOBAB\Baobab.SmartAbp\hxlot\src\SmartAbp.Domain\CodeGenerator\GenerationHistory.cs(63,16): warning CS8618: Non-nullable property 'ErrorMessage' must contain a non-null value when exiting constructor. Consider adding the 'required' modifier or declaring the property as nullable. [D:\BAOBAB\Baobab.SmartAbp\hxlot\src\SmartAbp.Domain\SmartAbp.Domain.csproj]
D:\BAOBAB\Baobab.SmartAbp\hxlot\src\SmartAbp.Domain\CodeGenerator\GenerationHistory.cs(63,16): warning CS8618: Non-nullable property 'Metadata' must contain a non-null value when exiting constructor. Consider adding the 'required' modifier or declaring the property as nullable. [D:\BAOBAB\Baobab.SmartAbp\hxlot\src\SmartAbp.Domain\SmartAbp.Domain.csproj]
D:\BAOBAB\Baobab.SmartAbp\hxlot\src\SmartAbp.Domain\Entities\LowCode\EntityField.cs(113,16): warning CS8618: Non-nullable property 'Name' must contain a non-null value when exiting constructor. Consider adding the 'required' modifier or declaring the property as nullable. [D:\BAOBAB\Baobab.SmartAbp\hxlot\src\SmartAbp.Domain\SmartAbp.Domain.csproj]
D:\BAOBAB\Baobab.SmartAbp\hxlot\src\SmartAbp.Domain\Entities\LowCode\EntityField.cs(113,16): warning CS8618: Non-nullable property 'DisplayName' must contain a non-null value when exiting constructor. Consider adding the 'required' modifier or declaring the property as nullable. [D:\BAOBAB\Baobab.SmartAbp\hxlot\src\SmartAbp.Domain\SmartAbp.Domain.csproj]
D:\BAOBAB\Baobab.SmartAbp\hxlot\src\SmartAbp.Domain\Entities\LowCode\EntityField.cs(113,16): warning CS8618: Non-nullable property 'Type' must contain a non-null value when exiting constructor. Consider adding the 'required' modifier or declaring the property as nullable. [D:\BAOBAB\Baobab.SmartAbp\hxlot\src\SmartAbp.Domain\SmartAbp.Domain.csproj]
D:\BAOBAB\Baobab.SmartAbp\hxlot\src\SmartAbp.Domain\Entities\LowCode\EntityField.cs(113,16): warning CS8618: Non-nullable property 'DefaultValue' must contain a non-null value when exiting constructor. Consider adding the 'required' modifier or declaring the property as nullable. [D:\BAOBAB\Baobab.SmartAbp\hxlot\src\SmartAbp.Domain\SmartAbp.Domain.csproj]
D:\BAOBAB\Baobab.SmartAbp\hxlot\src\SmartAbp.Domain\Entities\LowCode\EntityField.cs(113,16): warning CS8618: Non-nullable property 'Comment' must contain a non-null value when exiting constructor. Consider adding the 'required' modifier or declaring the property as nullable. [D:\BAOBAB\Baobab.SmartAbp\hxlot\src\SmartAbp.Domain\SmartAbp.Domain.csproj]
D:\BAOBAB\Baobab.SmartAbp\hxlot\src\SmartAbp.Domain\Entities\LowCode\EntityField.cs(113,16): warning CS8618: Non-nullable property 'Description' must contain a non-null value when exiting constructor. Consider adding the 'required' modifier or declaring the property as nullable. [D:\BAOBAB\Baobab.SmartAbp\hxlot\src\SmartAbp.Domain\SmartAbp.Domain.csproj]
D:\BAOBAB\Baobab.SmartAbp\hxlot\src\SmartAbp.Domain\Entities\LowCode\EntityField.cs(113,16): warning CS8618: Non-nullable property 'Pattern' must contain a non-null value when exiting constructor. Consider adding the 'required' modifier or declaring the property as nullable. [D:\BAOBAB\Baobab.SmartAbp\hxlot\src\SmartAbp.Domain\SmartAbp.Domain.csproj]
D:\BAOBAB\Baobab.SmartAbp\hxlot\src\SmartAbp.Domain\Entities\LowCode\EntityField.cs(113,16): warning CS8618: Non-nullable property 'GroupName' must contain a non-null value when exiting constructor. Consider adding the 'required' modifier or declaring the property as nullable. [D:\BAOBAB\Baobab.SmartAbp\hxlot\src\SmartAbp.Domain\SmartAbp.Domain.csproj]
D:\BAOBAB\Baobab.SmartAbp\hxlot\src\SmartAbp.Domain\Entities\LowCode\EntityField.cs(113,16): warning CS8618: Non-nullable property 'ColumnName' must contain a non-null value when exiting constructor. Consider adding the 'required' modifier or declaring the property as nullable. [D:\BAOBAB\Baobab.SmartAbp\hxlot\src\SmartAbp.Domain\SmartAbp.Domain.csproj]
D:\BAOBAB\Baobab.SmartAbp\hxlot\src\SmartAbp.Domain\Entities\LowCode\EntityField.cs(113,16): warning CS8618: Non-nullable property 'ColumnType' must contain a non-null value when exiting constructor. Consider adding the 'required' modifier or declaring the property as nullable. [D:\BAOBAB\Baobab.SmartAbp\hxlot\src\SmartAbp.Domain\SmartAbp.Domain.csproj]
D:\BAOBAB\Baobab.SmartAbp\hxlot\src\SmartAbp.Domain\Entities\LowCode\EntityField.cs(113,16): warning CS8618: Non-nullable property 'EntityDefinition' must contain a non-null value when exiting constructor. Consider adding the 'required' modifier or declaring the property as nullable. [D:\BAOBAB\Baobab.SmartAbp\hxlot\src\SmartAbp.Domain\SmartAbp.Domain.csproj]
D:\BAOBAB\Baobab.SmartAbp\hxlot\src\SmartAbp.Domain\Entities\LowCode\EntityField.cs(120,16): warning CS8618: Non-nullable property 'Comment' must contain a non-null value when exiting constructor. Consider adding the 'required' modifier or declaring the property as nullable. [D:\BAOBAB\Baobab.SmartAbp\hxlot\src\SmartAbp.Domain\SmartAbp.Domain.csproj]
D:\BAOBAB\Baobab.SmartAbp\hxlot\src\SmartAbp.Domain\Entities\LowCode\EntityField.cs(120,16): warning CS8618: Non-nullable property 'Pattern' must contain a non-null value when exiting constructor. Consider adding the 'required' modifier or declaring the property as nullable. [D:\BAOBAB\Baobab.SmartAbp\hxlot\src\SmartAbp.Domain\SmartAbp.Domain.csproj]
D:\BAOBAB\Baobab.SmartAbp\hxlot\src\SmartAbp.Domain\Entities\LowCode\EntityField.cs(120,16): warning CS8618: Non-nullable property 'GroupName' must contain a non-null value when exiting constructor. Consider adding the 'required' modifier or declaring the property as nullable. [D:\BAOBAB\Baobab.SmartAbp\hxlot\src\SmartAbp.Domain\SmartAbp.Domain.csproj]
D:\BAOBAB\Baobab.SmartAbp\hxlot\src\SmartAbp.Domain\Entities\LowCode\EntityField.cs(120,16): warning CS8618: Non-nullable property 'ColumnName' must contain a non-null value when exiting constructor. Consider adding the 'required' modifier or declaring the property as nullable. [D:\BAOBAB\Baobab.SmartAbp\hxlot\src\SmartAbp.Domain\SmartAbp.Domain.csproj]
D:\BAOBAB\Baobab.SmartAbp\hxlot\src\SmartAbp.Domain\Entities\LowCode\EntityField.cs(120,16): warning CS8618: Non-nullable property 'ColumnType' must contain a non-null value when exiting constructor. Consider adding the 'required' modifier or declaring the property as nullable. [D:\BAOBAB\Baobab.SmartAbp\hxlot\src\SmartAbp.Domain\SmartAbp.Domain.csproj]
D:\BAOBAB\Baobab.SmartAbp\hxlot\src\SmartAbp.Domain\Entities\LowCode\EntityField.cs(120,16): warning CS8618: Non-nullable property 'EntityDefinition' must contain a non-null value when exiting constructor. Consider adding the 'required' modifier or declaring the property as nullable. [D:\BAOBAB\Baobab.SmartAbp\hxlot\src\SmartAbp.Domain\SmartAbp.Domain.csproj]
D:\BAOBAB\Baobab.SmartAbp\hxlot\src\SmartAbp.Domain\Entities\LowCode\SchemaVersionHistory.cs(94,19): warning CS8618: Non-nullable property 'Version' must contain a non-null value when exiting constructor. Consider adding the 'required' modifier or declaring the property as nullable. [D:\BAOBAB\Baobab.SmartAbp\hxlot\src\SmartAbp.Domain\SmartAbp.Domain.csproj]
D:\BAOBAB\Baobab.SmartAbp\hxlot\src\SmartAbp.Domain\Entities\LowCode\SchemaVersionHistory.cs(94,19): warning CS8618: Non-nullable property 'SchemaName' must contain a non-null value when exiting constructor. Consider adding the 'required' modifier or declaring the property as nullable. [D:\BAOBAB\Baobab.SmartAbp\hxlot\src\SmartAbp.Domain\SmartAbp.Domain.csproj]
D:\BAOBAB\Baobab.SmartAbp\hxlot\src\SmartAbp.Domain\Entities\LowCode\SchemaVersionHistory.cs(94,19): warning CS8618: Non-nullable property 'Description' must contain a non-null value when exiting constructor. Consider adding the 'required' modifier or declaring the property as nullable. [D:\BAOBAB\Baobab.SmartAbp\hxlot\src\SmartAbp.Domain\SmartAbp.Domain.csproj]
D:\BAOBAB\Baobab.SmartAbp\hxlot\src\SmartAbp.Domain\Entities\LowCode\SchemaVersionHistory.cs(94,19): warning CS8618: Non-nullable property 'ChangeType' must contain a non-null value when exiting constructor. Consider adding the 'required' modifier or declaring the property as nullable. [D:\BAOBAB\Baobab.SmartAbp\hxlot\src\SmartAbp.Domain\SmartAbp.Domain.csproj]
D:\BAOBAB\Baobab.SmartAbp\hxlot\src\SmartAbp.Domain\Entities\LowCode\SchemaVersionHistory.cs(94,19): warning CS8618: Non-nullable property 'ChangeContent' must contain a non-null value when exiting constructor. Consider adding the 'required' modifier or declaring the property as nullable. [D:\BAOBAB\Baobab.SmartAbp\hxlot\src\SmartAbp.Domain\SmartAbp.Domain.csproj]
D:\BAOBAB\Baobab.SmartAbp\hxlot\src\SmartAbp.Domain\Entities\LowCode\SchemaVersionHistory.cs(94,19): warning CS8618: Non-nullable property 'MinCompatibleVersion' must contain a non-null value when exiting constructor. Consider adding the 'required' modifier or declaring the property as nullable. [D:\BAOBAB\Baobab.SmartAbp\hxlot\src\SmartAbp.Domain\SmartAbp.Domain.csproj]
D:\BAOBAB\Baobab.SmartAbp\hxlot\src\SmartAbp.Domain\Entities\LowCode\SchemaVersionHistory.cs(94,19): warning CS8618: Non-nullable property 'MaxCompatibleVersion' must contain a non-null value when exiting constructor. Consider adding the 'required' modifier or declaring the property as nullable. [D:\BAOBAB\Baobab.SmartAbp\hxlot\src\SmartAbp.Domain\SmartAbp.Domain.csproj]
D:\BAOBAB\Baobab.SmartAbp\hxlot\src\SmartAbp.Domain\Entities\LowCode\SchemaVersionHistory.cs(94,19): warning CS8618: Non-nullable property 'MigrationScriptPath' must contain a non-null value when exiting constructor. Consider adding the 'required' modifier or declaring the property as nullable. [D:\BAOBAB\Baobab.SmartAbp\hxlot\src\SmartAbp.Domain\SmartAbp.Domain.csproj]
D:\BAOBAB\Baobab.SmartAbp\hxlot\src\SmartAbp.Domain\Entities\LowCode\SchemaVersionHistory.cs(94,19): warning CS8618: Non-nullable property 'RollbackScriptPath' must contain a non-null value when exiting constructor. Consider adding the 'required' modifier or declaring the property as nullable. [D:\BAOBAB\Baobab.SmartAbp\hxlot\src\SmartAbp.Domain\SmartAbp.Domain.csproj]
D:\BAOBAB\Baobab.SmartAbp\hxlot\src\SmartAbp.Domain\Entities\LowCode\SchemaVersionHistory.cs(94,19): warning CS8618: Non-nullable property 'ReleasedBy' must contain a non-null value when exiting constructor. Consider adding the 'required' modifier or declaring the property as nullable. [D:\BAOBAB\Baobab.SmartAbp\hxlot\src\SmartAbp.Domain\SmartAbp.Domain.csproj]
D:\BAOBAB\Baobab.SmartAbp\hxlot\src\SmartAbp.Domain\Entities\LowCode\SchemaVersionHistory.cs(94,19): warning CS8618: Non-nullable property 'ReleaseNotes' must contain a non-null value when exiting constructor. Consider adding the 'required' modifier or declaring the property as nullable. [D:\BAOBAB\Baobab.SmartAbp\hxlot\src\SmartAbp.Domain\SmartAbp.Domain.csproj]
D:\BAOBAB\Baobab.SmartAbp\hxlot\src\SmartAbp.Domain\Entities\LowCode\SchemaVersionHistory.cs(99,16): warning CS8618: Non-nullable property 'ChangeContent' must contain a non-null value when exiting constructor. Consider adding the 'required' modifier or declaring the property as nullable. [D:\BAOBAB\Baobab.SmartAbp\hxlot\src\SmartAbp.Domain\SmartAbp.Domain.csproj]
D:\BAOBAB\Baobab.SmartAbp\hxlot\src\SmartAbp.Domain\Entities\LowCode\SchemaVersionHistory.cs(99,16): warning CS8618: Non-nullable property 'MinCompatibleVersion' must contain a non-null value when exiting constructor. Consider adding the 'required' modifier or declaring the property as nullable. [D:\BAOBAB\Baobab.SmartAbp\hxlot\src\SmartAbp.Domain\SmartAbp.Domain.csproj]
D:\BAOBAB\Baobab.SmartAbp\hxlot\src\SmartAbp.Domain\Entities\LowCode\SchemaVersionHistory.cs(99,16): warning CS8618: Non-nullable property 'MaxCompatibleVersion' must contain a non-null value when exiting constructor. Consider adding the 'required' modifier or declaring the property as nullable. [D:\BAOBAB\Baobab.SmartAbp\hxlot\src\SmartAbp.Domain\SmartAbp.Domain.csproj]
D:\BAOBAB\Baobab.SmartAbp\hxlot\src\SmartAbp.Domain\Entities\LowCode\SchemaVersionHistory.cs(99,16): warning CS8618: Non-nullable property 'MigrationScriptPath' must contain a non-null value when exiting constructor. Consider adding the 'required' modifier or declaring the property as nullable. [D:\BAOBAB\Baobab.SmartAbp\hxlot\src\SmartAbp.Domain\SmartAbp.Domain.csproj]
D:\BAOBAB\Baobab.SmartAbp\hxlot\src\SmartAbp.Domain\Entities\LowCode\SchemaVersionHistory.cs(99,16): warning CS8618: Non-nullable property 'RollbackScriptPath' must contain a non-null value when exiting constructor. Consider adding the 'required' modifier or declaring the property as nullable. [D:\BAOBAB\Baobab.SmartAbp\hxlot\src\SmartAbp.Domain\SmartAbp.Domain.csproj]
D:\BAOBAB\Baobab.SmartAbp\hxlot\src\SmartAbp.Domain\Entities\LowCode\SchemaVersionHistory.cs(99,16): warning CS8618: Non-nullable property 'ReleasedBy' must contain a non-null value when exiting constructor. Consider adding the 'required' modifier or declaring the property as nullable. [D:\BAOBAB\Baobab.SmartAbp\hxlot\src\SmartAbp.Domain\SmartAbp.Domain.csproj]
D:\BAOBAB\Baobab.SmartAbp\hxlot\src\SmartAbp.Domain\Entities\LowCode\SchemaVersionHistory.cs(99,16): warning CS8618: Non-nullable property 'ReleaseNotes' must contain a non-null value when exiting constructor. Consider adding the 'required' modifier or declaring the property as nullable. [D:\BAOBAB\Baobab.SmartAbp\hxlot\src\SmartAbp.Domain\SmartAbp.Domain.csproj]
  SmartAbp.Domain -> D:\BAOBAB\Baobab.SmartAbp\hxlot\src\SmartAbp.Domain\bin\Debug\net9.0\SmartAbp.Domain.dll
  SmartAbp.CodeGenerator -> D:\BAOBAB\Baobab.SmartAbp\hxlot\src\SmartAbp.CodeGenerator\bin\Debug\net9.0\SmartAbp.CodeGenerator.dll
D:\BAOBAB\Baobab.SmartAbp\hxlot\src\SmartAbp.Application\BusinessRules\BusinessRuleAppService.cs(121,40): warning CS8629: Nullable value type may be null. [D:\BAOBAB\Baobab.SmartAbp\hxlot\src\SmartAbp.Application\SmartAbp.Application.csproj]
D:\BAOBAB\Baobab.SmartAbp\hxlot\src\SmartAbp.Application\BusinessRules\BusinessRuleAppService.cs(123,40): warning CS8629: Nullable value type may be null. [D:\BAOBAB\Baobab.SmartAbp\hxlot\src\SmartAbp.Application\SmartAbp.Application.csproj]
  SmartAbp.Application -> D:\BAOBAB\Baobab.SmartAbp\hxlot\src\SmartAbp.Application\bin\Debug\net9.0\SmartAbp.Application.dll
  SmartAbp.EntityFrameworkCore -> D:\BAOBAB\Baobab.SmartAbp\hxlot\src\SmartAbp.EntityFrameworkCore\bin\Debug\net9.0\SmartAbp.EntityFrameworkCore.dll
  SmartAbp.HttpApi -> D:\BAOBAB\Baobab.SmartAbp\hxlot\src\SmartAbp.HttpApi\bin\Debug\net9.0\SmartAbp.HttpApi.dll
  SmartAbp.DbMigrator -> D:\BAOBAB\Baobab.SmartAbp\hxlot\src\SmartAbp.DbMigrator\bin\Debug\net9.0\SmartAbp.DbMigrator.dll
  SmartAbp.Web -> D:\BAOBAB\Baobab.SmartAbp\hxlot\src\SmartAbp.Web\bin\Debug\net9.0\SmartAbp.Web.dll

Build succeeded.

D:\BAOBAB\Baobab.SmartAbp\hxlot\src\SmartAbp.Application.Contracts\CodeGenerator\Dtos\UserProfileDto.cs(35,23): warning CS8618: Non-nullable property 'Template' must contain a non-null value when exiting constructor. Consider adding the 'required' modifier or declaring the property as nullable. [D:\BAOBAB\Baobab.SmartAbp\hxlot\src\SmartAbp.Application.Contracts\SmartAbp.Application.Contracts.csproj]
D:\BAOBAB\Baobab.SmartAbp\hxlot\src\SmartAbp.Application.Contracts\CodeGenerator\Dtos\UserProfileDto.cs(36,23): warning CS8618: Non-nullable property 'Name' must contain a non-null value when exiting constructor. Consider adding the 'required' modifier or declaring the property as nullable. [D:\BAOBAB\Baobab.SmartAbp\hxlot\src\SmartAbp.Application.Contracts\SmartAbp.Application.Contracts.csproj]
D:\BAOBAB\Baobab.SmartAbp\hxlot\src\SmartAbp.Application.Contracts\CodeGenerator\Dtos\UserProfileDto.cs(37,23): warning CS8618: Non-nullable property 'Reason' must contain a non-null value when exiting constructor. Consider adding the 'required' modifier or declaring the property as nullable. [D:\BAOBAB\Baobab.SmartAbp\hxlot\src\SmartAbp.Application.Contracts\SmartAbp.Application.Contracts.csproj]
D:\BAOBAB\Baobab.SmartAbp\hxlot\src\SmartAbp.Application.Contracts\CodeGenerator\Dtos\UserProfileDto.cs(38,23): warning CS8618: Non-nullable property 'Benefits' must contain a non-null value when exiting constructor. Consider adding the 'required' modifier or declaring the property as nullable. [D:\BAOBAB\Baobab.SmartAbp\hxlot\src\SmartAbp.Application.Contracts\SmartAbp.Application.Contracts.csproj]
D:\BAOBAB\Baobab.SmartAbp\hxlot\src\SmartAbp.Application.Contracts\CodeGenerator\Dtos\UserProfileDto.cs(24,23): warning CS8618: Non-nullable property 'Industry' must contain a non-null value when exiting constructor. Consider adding the 'required' modifier or declaring the property as nullable. [D:\BAOBAB\Baobab.SmartAbp\hxlot\src\SmartAbp.Application.Contracts\SmartAbp.Application.Contracts.csproj]
D:\BAOBAB\Baobab.SmartAbp\hxlot\src\SmartAbp.Application.Contracts\CodeGenerator\Dtos\UserProfileDto.cs(25,23): warning CS8618: Non-nullable property 'CompanyName' must contain a non-null value when exiting constructor. Consider adding the 'required' modifier or declaring the property as nullable. [D:\BAOBAB\Baobab.SmartAbp\hxlot\src\SmartAbp.Application.Contracts\SmartAbp.Application.Contracts.csproj]
D:\BAOBAB\Baobab.SmartAbp\hxlot\src\SmartAbp.Application.Contracts\CodeGenerator\Dtos\UserProfileDto.cs(26,23): warning CS8618: Non-nullable property 'CompanySize' must contain a non-null value when exiting constructor. Consider adding the 'required' modifier or declaring the property as nullable. [D:\BAOBAB\Baobab.SmartAbp\hxlot\src\SmartAbp.Application.Contracts\SmartAbp.Application.Contracts.csproj]
D:\BAOBAB\Baobab.SmartAbp\hxlot\src\SmartAbp.Application.Contracts\CodeGenerator\Dtos\UserProfileDto.cs(27,23): warning CS8618: Non-nullable property 'LastUsedMode' must contain a non-null value when exiting constructor. Consider adding the 'required' modifier or declaring the property as nullable. [D:\BAOBAB\Baobab.SmartAbp\hxlot\src\SmartAbp.Application.Contracts\SmartAbp.Application.Contracts.csproj]
D:\BAOBAB\Baobab.SmartAbp\hxlot\src\SmartAbp.Application.Contracts\CodeGenerator\Dtos\GenerationHistoryDto.cs(12,23): warning CS8618: Non-nullable property 'Mode' must contain a non-null value when exiting constructor. Consider adding the 'required' modifier or declaring the property as nullable. [D:\BAOBAB\Baobab.SmartAbp\hxlot\src\SmartAbp.Application.Contracts\SmartAbp.Application.Contracts.csproj]
D:\BAOBAB\Baobab.SmartAbp\hxlot\src\SmartAbp.Application.Contracts\CodeGenerator\Dtos\GenerationHistoryDto.cs(13,23): warning CS8618: Non-nullable property 'TemplateName' must contain a non-null value when exiting constructor. Consider adding the 'required' modifier or declaring the property as nullable. [D:\BAOBAB\Baobab.SmartAbp\hxlot\src\SmartAbp.Application.Contracts\SmartAbp.Application.Contracts.csproj]
D:\BAOBAB\Baobab.SmartAbp\hxlot\src\SmartAbp.Application.Contracts\CodeGenerator\Dtos\GenerationHistoryDto.cs(14,23): warning CS8618: Non-nullable property 'ProjectName' must contain a non-null value when exiting constructor. Consider adding the 'required' modifier or declaring the property as nullable. [D:\BAOBAB\Baobab.SmartAbp\hxlot\src\SmartAbp.Application.Contracts\SmartAbp.Application.Contracts.csproj]
D:\BAOBAB\Baobab.SmartAbp\hxlot\src\SmartAbp.Application.Contracts\CodeGenerator\Dtos\GenerationHistoryDto.cs(18,23): warning CS8618: Non-nullable property 'Status' must contain a non-null value when exiting constructor. Consider adding the 'required' modifier or declaring the property as nullable. [D:\BAOBAB\Baobab.SmartAbp\hxlot\src\SmartAbp.Application.Contracts\SmartAbp.Application.Contracts.csproj]
D:\BAOBAB\Baobab.SmartAbp\hxlot\src\SmartAbp.Application.Contracts\CodeGenerator\Dtos\GenerationHistoryDto.cs(19,23): warning CS8618: Non-nullable property 'ErrorMessage' must contain a non-null value when exiting constructor. Consider adding the 'required' modifier or declaring the property as nullable. [D:\BAOBAB\Baobab.SmartAbp\hxlot\src\SmartAbp.Application.Contracts\SmartAbp.Application.Contracts.csproj]
D:\BAOBAB\Baobab.SmartAbp\hxlot\src\SmartAbp.Application.Contracts\CodeGenerator\Dtos\GenerationHistoryDto.cs(28,23): warning CS8618: Non-nullable property 'Mode' must contain a non-null value when exiting constructor. Consider adding the 'required' modifier or declaring the property as nullable. [D:\BAOBAB\Baobab.SmartAbp\hxlot\src\SmartAbp.Application.Contracts\SmartAbp.Application.Contracts.csproj]
D:\BAOBAB\Baobab.SmartAbp\hxlot\src\SmartAbp.Application.Contracts\CodeGenerator\Dtos\GenerationHistoryDto.cs(29,23): warning CS8618: Non-nullable property 'TemplateName' must contain a non-null value when exiting constructor. Consider adding the 'required' modifier or declaring the property as nullable. [D:\BAOBAB\Baobab.SmartAbp\hxlot\src\SmartAbp.Application.Contracts\SmartAbp.Application.Contracts.csproj]
D:\BAOBAB\Baobab.SmartAbp\hxlot\src\SmartAbp.Application.Contracts\CodeGenerator\Dtos\GenerationHistoryDto.cs(30,23): warning CS8618: Non-nullable property 'ProjectName' must contain a non-null value when exiting constructor. Consider adding the 'required' modifier or declaring the property as nullable. [D:\BAOBAB\Baobab.SmartAbp\hxlot\src\SmartAbp.Application.Contracts\SmartAbp.Application.Contracts.csproj]
D:\BAOBAB\Baobab.SmartAbp\hxlot\src\SmartAbp.Application.Contracts\CodeGenerator\Dtos\GenerationHistoryDto.cs(34,23): warning CS8618: Non-nullable property 'Status' must contain a non-null value when exiting constructor. Consider adding the 'required' modifier or declaring the property as nullable. [D:\BAOBAB\Baobab.SmartAbp\hxlot\src\SmartAbp.Application.Contracts\SmartAbp.Application.Contracts.csproj]
D:\BAOBAB\Baobab.SmartAbp\hxlot\src\SmartAbp.Application.Contracts\CodeGenerator\Dtos\GenerationHistoryDto.cs(35,23): warning CS8618: Non-nullable property 'ErrorMessage' must contain a non-null value when exiting constructor. Consider adding the 'required' modifier or declaring the property as nullable. [D:\BAOBAB\Baobab.SmartAbp\hxlot\src\SmartAbp.Application.Contracts\SmartAbp.Application.Contracts.csproj]
D:\BAOBAB\Baobab.SmartAbp\hxlot\src\SmartAbp.Application.Contracts\CodeGenerator\Dtos\GenerationHistoryDto.cs(36,23): warning CS8618: Non-nullable property 'Metadata' must contain a non-null value when exiting constructor. Consider adding the 'required' modifier or declaring the property as nullable. [D:\BAOBAB\Baobab.SmartAbp\hxlot\src\SmartAbp.Application.Contracts\SmartAbp.Application.Contracts.csproj]
D:\BAOBAB\Baobab.SmartAbp\hxlot\src\SmartAbp.Application.Contracts\CodeGenerator\Dtos\UserProfileDto.cs(12,23): warning CS8618: Non-nullable property 'Industry' must contain a non-null value when exiting constructor. Consider adding the 'required' modifier or declaring the property as nullable. [D:\BAOBAB\Baobab.SmartAbp\hxlot\src\SmartAbp.Application.Contracts\SmartAbp.Application.Contracts.csproj]
D:\BAOBAB\Baobab.SmartAbp\hxlot\src\SmartAbp.Application.Contracts\CodeGenerator\Dtos\UserProfileDto.cs(13,23): warning CS8618: Non-nullable property 'CompanyName' must contain a non-null value when exiting constructor. Consider adding the 'required' modifier or declaring the property as nullable. [D:\BAOBAB\Baobab.SmartAbp\hxlot\src\SmartAbp.Application.Contracts\SmartAbp.Application.Contracts.csproj]
D:\BAOBAB\Baobab.SmartAbp\hxlot\src\SmartAbp.Application.Contracts\CodeGenerator\Dtos\UserProfileDto.cs(14,23): warning CS8618: Non-nullable property 'CompanySize' must contain a non-null value when exiting constructor. Consider adding the 'required' modifier or declaring the property as nullable. [D:\BAOBAB\Baobab.SmartAbp\hxlot\src\SmartAbp.Application.Contracts\SmartAbp.Application.Contracts.csproj]
D:\BAOBAB\Baobab.SmartAbp\hxlot\src\SmartAbp.Application.Contracts\CodeGenerator\Dtos\UserProfileDto.cs(15,23): warning CS8618: Non-nullable property 'LastUsedMode' must contain a non-null value when exiting constructor. Consider adding the 'required' modifier or declaring the property as nullable. [D:\BAOBAB\Baobab.SmartAbp\hxlot\src\SmartAbp.Application.Contracts\SmartAbp.Application.Contracts.csproj]
D:\BAOBAB\Baobab.SmartAbp\hxlot\src\SmartAbp.Application.Contracts\CodeGenerator\CqrsValidationResultDto.cs(13,23): warning CS8618: Non-nullable property 'Field' must contain a non-null value when exiting constructor. Consider adding the 'required' modifier or declaring the property as nullable. [D:\BAOBAB\Baobab.SmartAbp\hxlot\src\SmartAbp.Application.Contracts\SmartAbp.Application.Contracts.csproj]
D:\BAOBAB\Baobab.SmartAbp\hxlot\src\SmartAbp.Application.Contracts\CodeGenerator\CqrsValidationResultDto.cs(14,23): warning CS8618: Non-nullable property 'Message' must contain a non-null value when exiting constructor. Consider adding the 'required' modifier or declaring the property as nullable. [D:\BAOBAB\Baobab.SmartAbp\hxlot\src\SmartAbp.Application.Contracts\SmartAbp.Application.Contracts.csproj]
D:\BAOBAB\Baobab.SmartAbp\hxlot\src\SmartAbp.Application.Contracts\LowCode\Dtos\ValidationRuleDto.cs(21,23): warning CS8618: Non-nullable property 'FieldName' must contain a non-null value when exiting constructor. Consider adding the 'required' modifier or declaring the property as nullable. [D:\BAOBAB\Baobab.SmartAbp\hxlot\src\SmartAbp.Application.Contracts\SmartAbp.Application.Contracts.csproj]
D:\BAOBAB\Baobab.SmartAbp\hxlot\src\SmartAbp.Application.Contracts\LowCode\Dtos\ValidationRuleDto.cs(26,23): warning CS8618: Non-nullable property 'RuleType' must contain a non-null value when exiting constructor. Consider adding the 'required' modifier or declaring the property as nullable. [D:\BAOBAB\Baobab.SmartAbp\hxlot\src\SmartAbp.Application.Contracts\SmartAbp.Application.Contracts.csproj]
D:\BAOBAB\Baobab.SmartAbp\hxlot\src\SmartAbp.Application.Contracts\LowCode\Dtos\ValidationRuleDto.cs(31,23): warning CS8618: Non-nullable property 'RuleValue' must contain a non-null value when exiting constructor. Consider adding the 'required' modifier or declaring the property as nullable. [D:\BAOBAB\Baobab.SmartAbp\hxlot\src\SmartAbp.Application.Contracts\SmartAbp.Application.Contracts.csproj]
D:\BAOBAB\Baobab.SmartAbp\hxlot\src\SmartAbp.Application.Contracts\LowCode\Dtos\ValidationRuleDto.cs(36,23): warning CS8618: Non-nullable property 'ErrorMessage' must contain a non-null value when exiting constructor. Consider adding the 'required' modifier or declaring the property as nullable. [D:\BAOBAB\Baobab.SmartAbp\hxlot\src\SmartAbp.Application.Contracts\SmartAbp.Application.Contracts.csproj]
D:\BAOBAB\Baobab.SmartAbp\hxlot\src\SmartAbp.Application.Contracts\LowCode\Dtos\ValidationRuleDto.cs(41,23): warning CS8618: Non-nullable property 'Trigger' must contain a non-null value when exiting constructor. Consider adding the 'required' modifier or declaring the property as nullable. [D:\BAOBAB\Baobab.SmartAbp\hxlot\src\SmartAbp.Application.Contracts\SmartAbp.Application.Contracts.csproj]
D:\BAOBAB\Baobab.SmartAbp\hxlot\src\SmartAbp.Application.Contracts\LowCode\Dtos\ValidationRuleDto.cs(46,23): warning CS8618: Non-nullable property 'Description' must contain a non-null value when exiting constructor. Consider adding the 'required' modifier or declaring the property as nullable. [D:\BAOBAB\Baobab.SmartAbp\hxlot\src\SmartAbp.Application.Contracts\SmartAbp.Application.Contracts.csproj]
D:\BAOBAB\Baobab.SmartAbp\hxlot\src\SmartAbp.Application.Contracts\LowCode\Dtos\EntityIndexAndConstraintDto.cs(19,23): warning CS8618: Non-nullable property 'Name' must contain a non-null value when exiting constructor. Consider adding the 'required' modifier or declaring the property as nullable. [D:\BAOBAB\Baobab.SmartAbp\hxlot\src\SmartAbp.Application.Contracts\SmartAbp.Application.Contracts.csproj]
D:\BAOBAB\Baobab.SmartAbp\hxlot\src\SmartAbp.Application.Contracts\LowCode\Dtos\EntityIndexAndConstraintDto.cs(20,23): warning CS8618: Non-nullable property 'Type' must contain a non-null value when exiting constructor. Consider adding the 'required' modifier or declaring the property as nullable. [D:\BAOBAB\Baobab.SmartAbp\hxlot\src\SmartAbp.Application.Contracts\SmartAbp.Application.Contracts.csproj]
D:\BAOBAB\Baobab.SmartAbp\hxlot\src\SmartAbp.Application.Contracts\LowCode\Dtos\EntityIndexAndConstraintDto.cs(21,23): warning CS8618: Non-nullable property 'Definition' must contain a non-null value when exiting constructor. Consider adding the 'required' modifier or declaring the property as nullable. [D:\BAOBAB\Baobab.SmartAbp\hxlot\src\SmartAbp.Application.Contracts\SmartAbp.Application.Contracts.csproj]
D:\BAOBAB\Baobab.SmartAbp\hxlot\src\SmartAbp.Application.Contracts\LowCode\Dtos\EntityUIConfigDto.cs(23,23): warning CS8618: Non-nullable property 'Layout' must contain a non-null value when exiting constructor. Consider adding the 'required' modifier or declaring the property as nullable. [D:\BAOBAB\Baobab.SmartAbp\hxlot\src\SmartAbp.Application.Contracts\SmartAbp.Application.Contracts.csproj]
D:\BAOBAB\Baobab.SmartAbp\hxlot\src\SmartAbp.Application.Contracts\LowCode\Dtos\EntityUIConfigDto.cs(25,36): warning CS8618: Non-nullable property 'FieldGroups' must contain a non-null value when exiting constructor. Consider adding the 'required' modifier or declaring the property as nullable. [D:\BAOBAB\Baobab.SmartAbp\hxlot\src\SmartAbp.Application.Contracts\SmartAbp.Application.Contracts.csproj]
D:\BAOBAB\Baobab.SmartAbp\hxlot\src\SmartAbp.Application.Contracts\LowCode\Dtos\EntityUIConfigDto.cs(7,34): warning CS8618: Non-nullable property 'ListPage' must contain a non-null value when exiting constructor. Consider adding the 'required' modifier or declaring the property as nullable. [D:\BAOBAB\Baobab.SmartAbp\hxlot\src\SmartAbp.Application.Contracts\SmartAbp.Application.Contracts.csproj]
D:\BAOBAB\Baobab.SmartAbp\hxlot\src\SmartAbp.Application.Contracts\LowCode\Dtos\EntityUIConfigDto.cs(8,34): warning CS8618: Non-nullable property 'FormPage' must contain a non-null value when exiting constructor. Consider adding the 'required' modifier or declaring the property as nullable. [D:\BAOBAB\Baobab.SmartAbp\hxlot\src\SmartAbp.Application.Contracts\SmartAbp.Application.Contracts.csproj]
D:\BAOBAB\Baobab.SmartAbp\hxlot\src\SmartAbp.Application.Contracts\LowCode\Dtos\EntityUIConfigDto.cs(9,36): warning CS8618: Non-nullable property 'DetailPage' must contain a non-null value when exiting constructor. Consider adding the 'required' modifier or declaring the property as nullable. [D:\BAOBAB\Baobab.SmartAbp\hxlot\src\SmartAbp.Application.Contracts\SmartAbp.Application.Contracts.csproj]
D:\BAOBAB\Baobab.SmartAbp\hxlot\src\SmartAbp.Application.Contracts\LowCode\Dtos\EntityUIConfigDto.cs(15,23): warning CS8618: Non-nullable property 'SortField' must contain a non-null value when exiting constructor. Consider adding the 'required' modifier or declaring the property as nullable. [D:\BAOBAB\Baobab.SmartAbp\hxlot\src\SmartAbp.Application.Contracts\SmartAbp.Application.Contracts.csproj]
D:\BAOBAB\Baobab.SmartAbp\hxlot\src\SmartAbp.Application.Contracts\LowCode\Dtos\EntityUIConfigDto.cs(16,23): warning CS8618: Non-nullable property 'SortOrder' must contain a non-null value when exiting constructor. Consider adding the 'required' modifier or declaring the property as nullable. [D:\BAOBAB\Baobab.SmartAbp\hxlot\src\SmartAbp.Application.Contracts\SmartAbp.Application.Contracts.csproj]
D:\BAOBAB\Baobab.SmartAbp\hxlot\src\SmartAbp.Application.Contracts\LowCode\Dtos\EntityUIConfigDto.cs(17,29): warning CS8618: Non-nullable property 'SearchFields' must contain a non-null value when exiting constructor. Consider adding the 'required' modifier or declaring the property as nullable. [D:\BAOBAB\Baobab.SmartAbp\hxlot\src\SmartAbp.Application.Contracts\SmartAbp.Application.Contracts.csproj]
D:\BAOBAB\Baobab.SmartAbp\hxlot\src\SmartAbp.Application.Contracts\LowCode\Dtos\EntityUIConfigDto.cs(18,29): warning CS8618: Non-nullable property 'DisplayFields' must contain a non-null value when exiting constructor. Consider adding the 'required' modifier or declaring the property as nullable. [D:\BAOBAB\Baobab.SmartAbp\hxlot\src\SmartAbp.Application.Contracts\SmartAbp.Application.Contracts.csproj]
D:\BAOBAB\Baobab.SmartAbp\hxlot\src\SmartAbp.Application.Contracts\LowCode\Dtos\EntityUIConfigDto.cs(30,23): warning CS8618: Non-nullable property 'Name' must contain a non-null value when exiting constructor. Consider adding the 'required' modifier or declaring the property as nullable. [D:\BAOBAB\Baobab.SmartAbp\hxlot\src\SmartAbp.Application.Contracts\SmartAbp.Application.Contracts.csproj]
D:\BAOBAB\Baobab.SmartAbp\hxlot\src\SmartAbp.Application.Contracts\LowCode\Dtos\EntityUIConfigDto.cs(31,23): warning CS8618: Non-nullable property 'DisplayName' must contain a non-null value when exiting constructor. Consider adding the 'required' modifier or declaring the property as nullable. [D:\BAOBAB\Baobab.SmartAbp\hxlot\src\SmartAbp.Application.Contracts\SmartAbp.Application.Contracts.csproj]
D:\BAOBAB\Baobab.SmartAbp\hxlot\src\SmartAbp.Application.Contracts\LowCode\Dtos\EntityUIConfigDto.cs(32,29): warning CS8618: Non-nullable property 'Fields' must contain a non-null value when exiting constructor. Consider adding the 'required' modifier or declaring the property as nullable. [D:\BAOBAB\Baobab.SmartAbp\hxlot\src\SmartAbp.Application.Contracts\SmartAbp.Application.Contracts.csproj]
D:\BAOBAB\Baobab.SmartAbp\hxlot\src\SmartAbp.Application.Contracts\LowCode\Dtos\EntityFieldDto.cs(147,23): warning CS8618: Non-nullable property 'Name' must contain a non-null value when exiting constructor. Consider adding the 'required' modifier or declaring the property as nullable. [D:\BAOBAB\Baobab.SmartAbp\hxlot\src\SmartAbp.Application.Contracts\SmartAbp.Application.Contracts.csproj]
D:\BAOBAB\Baobab.SmartAbp\hxlot\src\SmartAbp.Application.Contracts\LowCode\Dtos\EntityFieldDto.cs(148,23): warning CS8618: Non-nullable property 'DisplayName' must contain a non-null value when exiting constructor. Consider adding the 'required' modifier or declaring the property as nullable. [D:\BAOBAB\Baobab.SmartAbp\hxlot\src\SmartAbp.Application.Contracts\SmartAbp.Application.Contracts.csproj]
D:\BAOBAB\Baobab.SmartAbp\hxlot\src\SmartAbp.Application.Contracts\LowCode\Dtos\EntityFieldDto.cs(149,23): warning CS8618: Non-nullable property 'Type' must contain a non-null value when exiting constructor. Consider adding the 'required' modifier or declaring the property as nullable. [D:\BAOBAB\Baobab.SmartAbp\hxlot\src\SmartAbp.Application.Contracts\SmartAbp.Application.Contracts.csproj]
D:\BAOBAB\Baobab.SmartAbp\hxlot\src\SmartAbp.Application.Contracts\LowCode\Dtos\EntityFieldDto.cs(154,23): warning CS8618: Non-nullable property 'DefaultValue' must contain a non-null value when exiting constructor. Consider adding the 'required' modifier or declaring the property as nullable. [D:\BAOBAB\Baobab.SmartAbp\hxlot\src\SmartAbp.Application.Contracts\SmartAbp.Application.Contracts.csproj]
D:\BAOBAB\Baobab.SmartAbp\hxlot\src\SmartAbp.Application.Contracts\LowCode\Dtos\EntityFieldDto.cs(155,23): warning CS8618: Non-nullable property 'Comment' must contain a non-null value when exiting constructor. Consider adding the 'required' modifier or declaring the property as nullable. [D:\BAOBAB\Baobab.SmartAbp\hxlot\src\SmartAbp.Application.Contracts\SmartAbp.Application.Contracts.csproj]
D:\BAOBAB\Baobab.SmartAbp\hxlot\src\SmartAbp.Application.Contracts\LowCode\Dtos\EntityDefinitionDto.cs(128,23): warning CS8618: Non-nullable property 'Name' must contain a non-null value when exiting constructor. Consider adding the 'required' modifier or declaring the property as nullable. [D:\BAOBAB\Baobab.SmartAbp\hxlot\src\SmartAbp.Application.Contracts\SmartAbp.Application.Contracts.csproj]
D:\BAOBAB\Baobab.SmartAbp\hxlot\src\SmartAbp.Application.Contracts\LowCode\Dtos\EntityDefinitionDto.cs(129,23): warning CS8618: Non-nullable property 'TableName' must contain a non-null value when exiting constructor. Consider adding the 'required' modifier or declaring the property as nullable. [D:\BAOBAB\Baobab.SmartAbp\hxlot\src\SmartAbp.Application.Contracts\SmartAbp.Application.Contracts.csproj]
D:\BAOBAB\Baobab.SmartAbp\hxlot\src\SmartAbp.Application.Contracts\LowCode\Dtos\EntityDefinitionDto.cs(130,23): warning CS8618: Non-nullable property 'DisplayName' must contain a non-null value when exiting constructor. Consider adding the 'required' modifier or declaring the property as nullable. [D:\BAOBAB\Baobab.SmartAbp\hxlot\src\SmartAbp.Application.Contracts\SmartAbp.Application.Contracts.csproj]
D:\BAOBAB\Baobab.SmartAbp\hxlot\src\SmartAbp.Application.Contracts\LowCode\Dtos\EntityDefinitionDto.cs(131,23): warning CS8618: Non-nullable property 'Description' must contain a non-null value when exiting constructor. Consider adding the 'required' modifier or declaring the property as nullable. [D:\BAOBAB\Baobab.SmartAbp\hxlot\src\SmartAbp.Application.Contracts\SmartAbp.Application.Contracts.csproj]
D:\BAOBAB\Baobab.SmartAbp\hxlot\src\SmartAbp.Application.Contracts\LowCode\Dtos\EntityDefinitionDto.cs(132,23): warning CS8618: Non-nullable property 'EntityType' must contain a non-null value when exiting constructor. Consider adding the 'required' modifier or declaring the property as nullable. [D:\BAOBAB\Baobab.SmartAbp\hxlot\src\SmartAbp.Application.Contracts\SmartAbp.Application.Contracts.csproj]
D:\BAOBAB\Baobab.SmartAbp\hxlot\src\SmartAbp.Application.Contracts\LowCode\Dtos\EntityDefinitionDto.cs(133,23): warning CS8618: Non-nullable property 'BaseType' must contain a non-null value when exiting constructor. Consider adding the 'required' modifier or declaring the property as nullable. [D:\BAOBAB\Baobab.SmartAbp\hxlot\src\SmartAbp.Application.Contracts\SmartAbp.Application.Contracts.csproj]
D:\BAOBAB\Baobab.SmartAbp\hxlot\src\SmartAbp.Application.Contracts\LowCode\Dtos\EntityDefinitionDto.cs(134,23): warning CS8618: Non-nullable property 'Namespace' must contain a non-null value when exiting constructor. Consider adding the 'required' modifier or declaring the property as nullable. [D:\BAOBAB\Baobab.SmartAbp\hxlot\src\SmartAbp.Application.Contracts\SmartAbp.Application.Contracts.csproj]
D:\BAOBAB\Baobab.SmartAbp\hxlot\src\SmartAbp.Application.Contracts\LowCode\Dtos\EntityPermissionDto.cs(9,23): warning CS8618: Non-nullable property 'Name' must contain a non-null value when exiting constructor. Consider adding the 'required' modifier or declaring the property as nullable. [D:\BAOBAB\Baobab.SmartAbp\hxlot\src\SmartAbp.Application.Contracts\SmartAbp.Application.Contracts.csproj]
D:\BAOBAB\Baobab.SmartAbp\hxlot\src\SmartAbp.Application.Contracts\LowCode\Dtos\EntityPermissionDto.cs(10,23): warning CS8618: Non-nullable property 'DisplayName' must contain a non-null value when exiting constructor. Consider adding the 'required' modifier or declaring the property as nullable. [D:\BAOBAB\Baobab.SmartAbp\hxlot\src\SmartAbp.Application.Contracts\SmartAbp.Application.Contracts.csproj]
D:\BAOBAB\Baobab.SmartAbp\hxlot\src\SmartAbp.Application.Contracts\LowCode\Dtos\EntityPermissionDto.cs(11,23): warning CS8618: Non-nullable property 'Description' must contain a non-null value when exiting constructor. Consider adding the 'required' modifier or declaring the property as nullable. [D:\BAOBAB\Baobab.SmartAbp\hxlot\src\SmartAbp.Application.Contracts\SmartAbp.Application.Contracts.csproj]
D:\BAOBAB\Baobab.SmartAbp\hxlot\src\SmartAbp.Application.Contracts\LowCode\Dtos\EntityIndexAndConstraintDto.cs(10,23): warning CS8618: Non-nullable property 'Name' must contain a non-null value when exiting constructor. Consider adding the 'required' modifier or declaring the property as nullable. [D:\BAOBAB\Baobab.SmartAbp\hxlot\src\SmartAbp.Application.Contracts\SmartAbp.Application.Contracts.csproj]
D:\BAOBAB\Baobab.SmartAbp\hxlot\src\SmartAbp.Application.Contracts\LowCode\Dtos\EntityIndexAndConstraintDto.cs(11,29): warning CS8618: Non-nullable property 'Columns' must contain a non-null value when exiting constructor. Consider adding the 'required' modifier or declaring the property as nullable. [D:\BAOBAB\Baobab.SmartAbp\hxlot\src\SmartAbp.Application.Contracts\SmartAbp.Application.Contracts.csproj]
D:\BAOBAB\Baobab.SmartAbp\hxlot\src\SmartAbp.Application.Contracts\LowCode\Dtos\EntityRelationDto.cs(70,23): warning CS8618: Non-nullable property 'FromEntity' must contain a non-null value when exiting constructor. Consider adding the 'required' modifier or declaring the property as nullable. [D:\BAOBAB\Baobab.SmartAbp\hxlot\src\SmartAbp.Application.Contracts\SmartAbp.Application.Contracts.csproj]
D:\BAOBAB\Baobab.SmartAbp\hxlot\src\SmartAbp.Application.Contracts\LowCode\Dtos\EntityRelationDto.cs(71,23): warning CS8618: Non-nullable property 'ToEntity' must contain a non-null value when exiting constructor. Consider adding the 'required' modifier or declaring the property as nullable. [D:\BAOBAB\Baobab.SmartAbp\hxlot\src\SmartAbp.Application.Contracts\SmartAbp.Application.Contracts.csproj]
D:\BAOBAB\Baobab.SmartAbp\hxlot\src\SmartAbp.Application.Contracts\LowCode\Dtos\EntityRelationDto.cs(72,23): warning CS8618: Non-nullable property 'RelationType' must contain a non-null value when exiting constructor. Consider adding the 'required' modifier or declaring the property as nullable. [D:\BAOBAB\Baobab.SmartAbp\hxlot\src\SmartAbp.Application.Contracts\SmartAbp.Application.Contracts.csproj]
D:\BAOBAB\Baobab.SmartAbp\hxlot\src\SmartAbp.Application.Contracts\LowCode\Dtos\EntityRelationDto.cs(73,23): warning CS8618: Non-nullable property 'ForeignKey' must contain a non-null value when exiting constructor. Consider adding the 'required' modifier or declaring the property as nullable. [D:\BAOBAB\Baobab.SmartAbp\hxlot\src\SmartAbp.Application.Contracts\SmartAbp.Application.Contracts.csproj]
D:\BAOBAB\Baobab.SmartAbp\hxlot\src\SmartAbp.Application.Contracts\LowCode\Dtos\EntityRelationDto.cs(74,23): warning CS8618: Non-nullable property 'NavigationProperty' must contain a non-null value when exiting constructor. Consider adding the 'required' modifier or declaring the property as nullable. [D:\BAOBAB\Baobab.SmartAbp\hxlot\src\SmartAbp.Application.Contracts\SmartAbp.Application.Contracts.csproj]
D:\BAOBAB\Baobab.SmartAbp\hxlot\src\SmartAbp.Application.Contracts\LowCode\Dtos\EntityRelationDto.cs(75,23): warning CS8618: Non-nullable property 'JoinTable' must contain a non-null value when exiting constructor. Consider adding the 'required' modifier or declaring the property as nullable. [D:\BAOBAB\Baobab.SmartAbp\hxlot\src\SmartAbp.Application.Contracts\SmartAbp.Application.Contracts.csproj]
D:\BAOBAB\Baobab.SmartAbp\hxlot\src\SmartAbp.Application.Contracts\LowCode\Dtos\EntityRelationDto.cs(27,23): warning CS8618: Non-nullable property 'FromEntity' must contain a non-null value when exiting constructor. Consider adding the 'required' modifier or declaring the property as nullable. [D:\BAOBAB\Baobab.SmartAbp\hxlot\src\SmartAbp.Application.Contracts\SmartAbp.Application.Contracts.csproj]
D:\BAOBAB\Baobab.SmartAbp\hxlot\src\SmartAbp.Application.Contracts\LowCode\Dtos\EntityRelationDto.cs(32,23): warning CS8618: Non-nullable property 'ToEntity' must contain a non-null value when exiting constructor. Consider adding the 'required' modifier or declaring the property as nullable. [D:\BAOBAB\Baobab.SmartAbp\hxlot\src\SmartAbp.Application.Contracts\SmartAbp.Application.Contracts.csproj]
D:\BAOBAB\Baobab.SmartAbp\hxlot\src\SmartAbp.Application.Contracts\LowCode\Dtos\EntityRelationDto.cs(42,23): warning CS8618: Non-nullable property 'ForeignKey' must contain a non-null value when exiting constructor. Consider adding the 'required' modifier or declaring the property as nullable. [D:\BAOBAB\Baobab.SmartAbp\hxlot\src\SmartAbp.Application.Contracts\SmartAbp.Application.Contracts.csproj]
D:\BAOBAB\Baobab.SmartAbp\hxlot\src\SmartAbp.Application.Contracts\LowCode\Dtos\EntityRelationDto.cs(47,23): warning CS8618: Non-nullable property 'NavigationProperty' must contain a non-null value when exiting constructor. Consider adding the 'required' modifier or declaring the property as nullable. [D:\BAOBAB\Baobab.SmartAbp\hxlot\src\SmartAbp.Application.Contracts\SmartAbp.Application.Contracts.csproj]
D:\BAOBAB\Baobab.SmartAbp\hxlot\src\SmartAbp.Application.Contracts\LowCode\Dtos\EntityRelationDto.cs(52,23): warning CS8618: Non-nullable property 'JoinTable' must contain a non-null value when exiting constructor. Consider adding the 'required' modifier or declaring the property as nullable. [D:\BAOBAB\Baobab.SmartAbp\hxlot\src\SmartAbp.Application.Contracts\SmartAbp.Application.Contracts.csproj]
D:\BAOBAB\Baobab.SmartAbp\hxlot\src\SmartAbp.Application.Contracts\LowCode\Dtos\EntityUIConfigDto.cs(37,23): warning CS8618: Non-nullable property 'Layout' must contain a non-null value when exiting constructor. Consider adding the 'required' modifier or declaring the property as nullable. [D:\BAOBAB\Baobab.SmartAbp\hxlot\src\SmartAbp.Application.Contracts\SmartAbp.Application.Contracts.csproj]
D:\BAOBAB\Baobab.SmartAbp\hxlot\src\SmartAbp.Application.Contracts\LowCode\Dtos\EntityUIConfigDto.cs(38,29): warning CS8618: Non-nullable property 'DisplayFields' must contain a non-null value when exiting constructor. Consider adding the 'required' modifier or declaring the property as nullable. [D:\BAOBAB\Baobab.SmartAbp\hxlot\src\SmartAbp.Application.Contracts\SmartAbp.Application.Contracts.csproj]
D:\BAOBAB\Baobab.SmartAbp\hxlot\src\SmartAbp.Application.Contracts\LowCode\Dtos\EnumValueDto.cs(11,23): warning CS8618: Non-nullable property 'Name' must contain a non-null value when exiting constructor. Consider adding the 'required' modifier or declaring the property as nullable. [D:\BAOBAB\Baobab.SmartAbp\hxlot\src\SmartAbp.Application.Contracts\SmartAbp.Application.Contracts.csproj]
D:\BAOBAB\Baobab.SmartAbp\hxlot\src\SmartAbp.Application.Contracts\LowCode\Dtos\EnumValueDto.cs(12,23): warning CS8618: Non-nullable property 'DisplayName' must contain a non-null value when exiting constructor. Consider adding the 'required' modifier or declaring the property as nullable. [D:\BAOBAB\Baobab.SmartAbp\hxlot\src\SmartAbp.Application.Contracts\SmartAbp.Application.Contracts.csproj]
D:\BAOBAB\Baobab.SmartAbp\hxlot\src\SmartAbp.Application.Contracts\LowCode\Dtos\EnumValueDto.cs(13,23): warning CS8618: Non-nullable property 'Description' must contain a non-null value when exiting constructor. Consider adding the 'required' modifier or declaring the property as nullable. [D:\BAOBAB\Baobab.SmartAbp\hxlot\src\SmartAbp.Application.Contracts\SmartAbp.Application.Contracts.csproj]
D:\BAOBAB\Baobab.SmartAbp\hxlot\src\SmartAbp.Application.Contracts\LowCode\Dtos\EnumValueDto.cs(14,23): warning CS8618: Non-nullable property 'StringValue' must contain a non-null value when exiting constructor. Consider adding the 'required' modifier or declaring the property as nullable. [D:\BAOBAB\Baobab.SmartAbp\hxlot\src\SmartAbp.Application.Contracts\SmartAbp.Application.Contracts.csproj]
D:\BAOBAB\Baobab.SmartAbp\hxlot\src\SmartAbp.Application.Contracts\LowCode\Dtos\EntityFieldDto.cs(22,23): warning CS8618: Non-nullable property 'Name' must contain a non-null value when exiting constructor. Consider adding the 'required' modifier or declaring the property as nullable. [D:\BAOBAB\Baobab.SmartAbp\hxlot\src\SmartAbp.Application.Contracts\SmartAbp.Application.Contracts.csproj]
D:\BAOBAB\Baobab.SmartAbp\hxlot\src\SmartAbp.Application.Contracts\LowCode\Dtos\EntityFieldDto.cs(27,23): warning CS8618: Non-nullable property 'DisplayName' must contain a non-null value when exiting constructor. Consider adding the 'required' modifier or declaring the property as nullable. [D:\BAOBAB\Baobab.SmartAbp\hxlot\src\SmartAbp.Application.Contracts\SmartAbp.Application.Contracts.csproj]
D:\BAOBAB\Baobab.SmartAbp\hxlot\src\SmartAbp.Application.Contracts\LowCode\Dtos\EntityFieldDto.cs(32,23): warning CS8618: Non-nullable property 'Type' must contain a non-null value when exiting constructor. Consider adding the 'required' modifier or declaring the property as nullable. [D:\BAOBAB\Baobab.SmartAbp\hxlot\src\SmartAbp.Application.Contracts\SmartAbp.Application.Contracts.csproj]
D:\BAOBAB\Baobab.SmartAbp\hxlot\src\SmartAbp.Application.Contracts\LowCode\Dtos\EntityFieldDto.cs(57,23): warning CS8618: Non-nullable property 'DefaultValue' must contain a non-null value when exiting constructor. Consider adding the 'required' modifier or declaring the property as nullable. [D:\BAOBAB\Baobab.SmartAbp\hxlot\src\SmartAbp.Application.Contracts\SmartAbp.Application.Contracts.csproj]
D:\BAOBAB\Baobab.SmartAbp\hxlot\src\SmartAbp.Application.Contracts\LowCode\Dtos\EntityFieldDto.cs(62,23): warning CS8618: Non-nullable property 'Comment' must contain a non-null value when exiting constructor. Consider adding the 'required' modifier or declaring the property as nullable. [D:\BAOBAB\Baobab.SmartAbp\hxlot\src\SmartAbp.Application.Contracts\SmartAbp.Application.Contracts.csproj]
D:\BAOBAB\Baobab.SmartAbp\hxlot\src\SmartAbp.Application.Contracts\LowCode\Dtos\EntityFieldDto.cs(106,23): warning CS8618: Non-nullable property 'Pattern' must contain a non-null value when exiting constructor. Consider adding the 'required' modifier or declaring the property as nullable. [D:\BAOBAB\Baobab.SmartAbp\hxlot\src\SmartAbp.Application.Contracts\SmartAbp.Application.Contracts.csproj]
D:\BAOBAB\Baobab.SmartAbp\hxlot\src\SmartAbp.Application.Contracts\LowCode\Dtos\EntityFieldDto.cs(121,23): warning CS8618: Non-nullable property 'GroupName' must contain a non-null value when exiting constructor. Consider adding the 'required' modifier or declaring the property as nullable. [D:\BAOBAB\Baobab.SmartAbp\hxlot\src\SmartAbp.Application.Contracts\SmartAbp.Application.Contracts.csproj]
D:\BAOBAB\Baobab.SmartAbp\hxlot\src\SmartAbp.Application.Contracts\LowCode\Dtos\EntityFieldDto.cs(134,23): warning CS8618: Non-nullable property 'ColumnName' must contain a non-null value when exiting constructor. Consider adding the 'required' modifier or declaring the property as nullable. [D:\BAOBAB\Baobab.SmartAbp\hxlot\src\SmartAbp.Application.Contracts\SmartAbp.Application.Contracts.csproj]
D:\BAOBAB\Baobab.SmartAbp\hxlot\src\SmartAbp.Application.Contracts\LowCode\Dtos\EntityFieldDto.cs(135,23): warning CS8618: Non-nullable property 'ColumnType' must contain a non-null value when exiting constructor. Consider adding the 'required' modifier or declaring the property as nullable. [D:\BAOBAB\Baobab.SmartAbp\hxlot\src\SmartAbp.Application.Contracts\SmartAbp.Application.Contracts.csproj]
D:\BAOBAB\Baobab.SmartAbp\hxlot\src\SmartAbp.Application.Contracts\LowCode\Dtos\EntityDefinitionDto.cs(23,23): warning CS8618: Non-nullable property 'Name' must contain a non-null value when exiting constructor. Consider adding the 'required' modifier or declaring the property as nullable. [D:\BAOBAB\Baobab.SmartAbp\hxlot\src\SmartAbp.Application.Contracts\SmartAbp.Application.Contracts.csproj]
D:\BAOBAB\Baobab.SmartAbp\hxlot\src\SmartAbp.Application.Contracts\LowCode\Dtos\EntityDefinitionDto.cs(28,23): warning CS8618: Non-nullable property 'TableName' must contain a non-null value when exiting constructor. Consider adding the 'required' modifier or declaring the property as nullable. [D:\BAOBAB\Baobab.SmartAbp\hxlot\src\SmartAbp.Application.Contracts\SmartAbp.Application.Contracts.csproj]
D:\BAOBAB\Baobab.SmartAbp\hxlot\src\SmartAbp.Application.Contracts\LowCode\Dtos\EntityDefinitionDto.cs(33,23): warning CS8618: Non-nullable property 'DisplayName' must contain a non-null value when exiting constructor. Consider adding the 'required' modifier or declaring the property as nullable. [D:\BAOBAB\Baobab.SmartAbp\hxlot\src\SmartAbp.Application.Contracts\SmartAbp.Application.Contracts.csproj]
D:\BAOBAB\Baobab.SmartAbp\hxlot\src\SmartAbp.Application.Contracts\LowCode\Dtos\EntityDefinitionDto.cs(38,23): warning CS8618: Non-nullable property 'Description' must contain a non-null value when exiting constructor. Consider adding the 'required' modifier or declaring the property as nullable. [D:\BAOBAB\Baobab.SmartAbp\hxlot\src\SmartAbp.Application.Contracts\SmartAbp.Application.Contracts.csproj]
D:\BAOBAB\Baobab.SmartAbp\hxlot\src\SmartAbp.Application.Contracts\LowCode\Dtos\EntityDefinitionDto.cs(43,23): warning CS8618: Non-nullable property 'EntityType' must contain a non-null value when exiting constructor. Consider adding the 'required' modifier or declaring the property as nullable. [D:\BAOBAB\Baobab.SmartAbp\hxlot\src\SmartAbp.Application.Contracts\SmartAbp.Application.Contracts.csproj]
D:\BAOBAB\Baobab.SmartAbp\hxlot\src\SmartAbp.Application.Contracts\LowCode\Dtos\EntityDefinitionDto.cs(48,23): warning CS8618: Non-nullable property 'BaseType' must contain a non-null value when exiting constructor. Consider adding the 'required' modifier or declaring the property as nullable. [D:\BAOBAB\Baobab.SmartAbp\hxlot\src\SmartAbp.Application.Contracts\SmartAbp.Application.Contracts.csproj]
D:\BAOBAB\Baobab.SmartAbp\hxlot\src\SmartAbp.Application.Contracts\LowCode\Dtos\EntityDefinitionDto.cs(53,23): warning CS8618: Non-nullable property 'Namespace' must contain a non-null value when exiting constructor. Consider adding the 'required' modifier or declaring the property as nullable. [D:\BAOBAB\Baobab.SmartAbp\hxlot\src\SmartAbp.Application.Contracts\SmartAbp.Application.Contracts.csproj]
D:\BAOBAB\Baobab.SmartAbp\hxlot\src\SmartAbp.Application.Contracts\LowCode\Dtos\EntityDefinitionDto.cs(60,23): warning CS8618: Non-nullable property 'Schema' must contain a non-null value when exiting constructor. Consider adding the 'required' modifier or declaring the property as nullable. [D:\BAOBAB\Baobab.SmartAbp\hxlot\src\SmartAbp.Application.Contracts\SmartAbp.Application.Contracts.csproj]
D:\BAOBAB\Baobab.SmartAbp\hxlot\src\SmartAbp.Application.Contracts\LowCode\Dtos\EntityDefinitionDto.cs(70,23): warning CS8618: Non-nullable property 'BaseClass' must contain a non-null value when exiting constructor. Consider adding the 'required' modifier or declaring the property as nullable. [D:\BAOBAB\Baobab.SmartAbp\hxlot\src\SmartAbp.Application.Contracts\SmartAbp.Application.Contracts.csproj]
D:\BAOBAB\Baobab.SmartAbp\hxlot\src\SmartAbp.Application.Contracts\LowCode\Dtos\EntityDefinitionDto.cs(106,34): warning CS8618: Non-nullable property 'UIConfig' must contain a non-null value when exiting constructor. Consider adding the 'required' modifier or declaring the property as nullable. [D:\BAOBAB\Baobab.SmartAbp\hxlot\src\SmartAbp.Application.Contracts\SmartAbp.Application.Contracts.csproj]
D:\BAOBAB\Baobab.SmartAbp\hxlot\src\SmartAbp.Application.Contracts\LowCode\Dtos\EntityDefinitionDto.cs(107,40): warning CS8618: Non-nullable property 'CodeGeneration' must contain a non-null value when exiting constructor. Consider adding the 'required' modifier or declaring the property as nullable. [D:\BAOBAB\Baobab.SmartAbp\hxlot\src\SmartAbp.Application.Contracts\SmartAbp.Application.Contracts.csproj]
D:\BAOBAB\Baobab.SmartAbp\hxlot\src\SmartAbp.Application.Contracts\LowCode\Dtos\EntityDefinitionDto.cs(119,23): warning CS8618: Non-nullable property 'SchemaVersion' must contain a non-null value when exiting constructor. Consider adding the 'required' modifier or declaring the property as nullable. [D:\BAOBAB\Baobab.SmartAbp\hxlot\src\SmartAbp.Application.Contracts\SmartAbp.Application.Contracts.csproj]
D:\BAOBAB\Baobab.SmartAbp\hxlot\src\SmartAbp.Application.Contracts\LowCode\Dtos\EntityDefinitionDto.cs(120,23): warning CS8618: Non-nullable property 'Version' must contain a non-null value when exiting constructor. Consider adding the 'required' modifier or declaring the property as nullable. [D:\BAOBAB\Baobab.SmartAbp\hxlot\src\SmartAbp.Application.Contracts\SmartAbp.Application.Contracts.csproj]
D:\BAOBAB\Baobab.SmartAbp\hxlot\src\SmartAbp.Application.Contracts\LowCode\Dtos\SchemaVersionHistoryDto.cs(133,23): warning CS8618: Non-nullable property 'ReleasedBy' must contain a non-null value when exiting constructor. Consider adding the 'required' modifier or declaring the property as nullable. [D:\BAOBAB\Baobab.SmartAbp\hxlot\src\SmartAbp.Application.Contracts\SmartAbp.Application.Contracts.csproj]
D:\BAOBAB\Baobab.SmartAbp\hxlot\src\SmartAbp.Application.Contracts\LowCode\Dtos\SchemaVersionHistoryDto.cs(135,23): warning CS8618: Non-nullable property 'ReleaseNotes' must contain a non-null value when exiting constructor. Consider adding the 'required' modifier or declaring the property as nullable. [D:\BAOBAB\Baobab.SmartAbp\hxlot\src\SmartAbp.Application.Contracts\SmartAbp.Application.Contracts.csproj]
D:\BAOBAB\Baobab.SmartAbp\hxlot\src\SmartAbp.Application.Contracts\LowCode\Dtos\SchemaVersionHistoryDto.cs(99,23): warning CS8618: Non-nullable property 'Version' must contain a non-null value when exiting constructor. Consider adding the 'required' modifier or declaring the property as nullable. [D:\BAOBAB\Baobab.SmartAbp\hxlot\src\SmartAbp.Application.Contracts\SmartAbp.Application.Contracts.csproj]
D:\BAOBAB\Baobab.SmartAbp\hxlot\src\SmartAbp.Application.Contracts\LowCode\Dtos\SchemaVersionHistoryDto.cs(103,23): warning CS8618: Non-nullable property 'SchemaName' must contain a non-null value when exiting constructor. Consider adding the 'required' modifier or declaring the property as nullable. [D:\BAOBAB\Baobab.SmartAbp\hxlot\src\SmartAbp.Application.Contracts\SmartAbp.Application.Contracts.csproj]
D:\BAOBAB\Baobab.SmartAbp\hxlot\src\SmartAbp.Application.Contracts\LowCode\Dtos\SchemaVersionHistoryDto.cs(106,23): warning CS8618: Non-nullable property 'Description' must contain a non-null value when exiting constructor. Consider adding the 'required' modifier or declaring the property as nullable. [D:\BAOBAB\Baobab.SmartAbp\hxlot\src\SmartAbp.Application.Contracts\SmartAbp.Application.Contracts.csproj]
D:\BAOBAB\Baobab.SmartAbp\hxlot\src\SmartAbp.Application.Contracts\LowCode\Dtos\SchemaVersionHistoryDto.cs(110,23): warning CS8618: Non-nullable property 'ChangeType' must contain a non-null value when exiting constructor. Consider adding the 'required' modifier or declaring the property as nullable. [D:\BAOBAB\Baobab.SmartAbp\hxlot\src\SmartAbp.Application.Contracts\SmartAbp.Application.Contracts.csproj]
D:\BAOBAB\Baobab.SmartAbp\hxlot\src\SmartAbp.Application.Contracts\LowCode\Dtos\SchemaVersionHistoryDto.cs(112,23): warning CS8618: Non-nullable property 'ChangeContent' must contain a non-null value when exiting constructor. Consider adding the 'required' modifier or declaring the property as nullable. [D:\BAOBAB\Baobab.SmartAbp\hxlot\src\SmartAbp.Application.Contracts\SmartAbp.Application.Contracts.csproj]
D:\BAOBAB\Baobab.SmartAbp\hxlot\src\SmartAbp.Application.Contracts\LowCode\Dtos\SchemaVersionHistoryDto.cs(117,23): warning CS8618: Non-nullable property 'MinCompatibleVersion' must contain a non-null value when exiting constructor. Consider adding the 'required' modifier or declaring the property as nullable. [D:\BAOBAB\Baobab.SmartAbp\hxlot\src\SmartAbp.Application.Contracts\SmartAbp.Application.Contracts.csproj]
D:\BAOBAB\Baobab.SmartAbp\hxlot\src\SmartAbp.Application.Contracts\LowCode\Dtos\SchemaVersionHistoryDto.cs(120,23): warning CS8618: Non-nullable property 'MaxCompatibleVersion' must contain a non-null value when exiting constructor. Consider adding the 'required' modifier or declaring the property as nullable. [D:\BAOBAB\Baobab.SmartAbp\hxlot\src\SmartAbp.Application.Contracts\SmartAbp.Application.Contracts.csproj]
D:\BAOBAB\Baobab.SmartAbp\hxlot\src\SmartAbp.Application.Contracts\LowCode\Dtos\SchemaVersionHistoryDto.cs(17,23): warning CS8618: Non-nullable property 'Version' must contain a non-null value when exiting constructor. Consider adding the 'required' modifier or declaring the property as nullable. [D:\BAOBAB\Baobab.SmartAbp\hxlot\src\SmartAbp.Application.Contracts\SmartAbp.Application.Contracts.csproj]
D:\BAOBAB\Baobab.SmartAbp\hxlot\src\SmartAbp.Application.Contracts\LowCode\Dtos\SchemaVersionHistoryDto.cs(24,23): warning CS8618: Non-nullable property 'SchemaName' must contain a non-null value when exiting constructor. Consider adding the 'required' modifier or declaring the property as nullable. [D:\BAOBAB\Baobab.SmartAbp\hxlot\src\SmartAbp.Application.Contracts\SmartAbp.Application.Contracts.csproj]
D:\BAOBAB\Baobab.SmartAbp\hxlot\src\SmartAbp.Application.Contracts\LowCode\Dtos\SchemaVersionHistoryDto.cs(30,23): warning CS8618: Non-nullable property 'Description' must contain a non-null value when exiting constructor. Consider adding the 'required' modifier or declaring the property as nullable. [D:\BAOBAB\Baobab.SmartAbp\hxlot\src\SmartAbp.Application.Contracts\SmartAbp.Application.Contracts.csproj]
D:\BAOBAB\Baobab.SmartAbp\hxlot\src\SmartAbp.Application.Contracts\LowCode\Dtos\SchemaVersionHistoryDto.cs(36,23): warning CS8618: Non-nullable property 'ChangeType' must contain a non-null value when exiting constructor. Consider adding the 'required' modifier or declaring the property as nullable. [D:\BAOBAB\Baobab.SmartAbp\hxlot\src\SmartAbp.Application.Contracts\SmartAbp.Application.Contracts.csproj]
D:\BAOBAB\Baobab.SmartAbp\hxlot\src\SmartAbp.Application.Contracts\LowCode\Dtos\SchemaVersionHistoryDto.cs(41,23): warning CS8618: Non-nullable property 'ChangeContent' must contain a non-null value when exiting constructor. Consider adding the 'required' modifier or declaring the property as nullable. [D:\BAOBAB\Baobab.SmartAbp\hxlot\src\SmartAbp.Application.Contracts\SmartAbp.Application.Contracts.csproj]
D:\BAOBAB\Baobab.SmartAbp\hxlot\src\SmartAbp.Application.Contracts\LowCode\Dtos\SchemaVersionHistoryDto.cs(72,23): warning CS8618: Non-nullable property 'MinCompatibleVersion' must contain a non-null value when exiting constructor. Consider adding the 'required' modifier or declaring the property as nullable. [D:\BAOBAB\Baobab.SmartAbp\hxlot\src\SmartAbp.Application.Contracts\SmartAbp.Application.Contracts.csproj]
D:\BAOBAB\Baobab.SmartAbp\hxlot\src\SmartAbp.Application.Contracts\LowCode\Dtos\SchemaVersionHistoryDto.cs(78,23): warning CS8618: Non-nullable property 'MaxCompatibleVersion' must contain a non-null value when exiting constructor. Consider adding the 'required' modifier or declaring the property as nullable. [D:\BAOBAB\Baobab.SmartAbp\hxlot\src\SmartAbp.Application.Contracts\SmartAbp.Application.Contracts.csproj]
D:\BAOBAB\Baobab.SmartAbp\hxlot\src\SmartAbp.Application.Contracts\LowCode\Dtos\SchemaVersionHistoryDto.cs(84,23): warning CS8618: Non-nullable property 'ReleasedBy' must contain a non-null value when exiting constructor. Consider adding the 'required' modifier or declaring the property as nullable. [D:\BAOBAB\Baobab.SmartAbp\hxlot\src\SmartAbp.Application.Contracts\SmartAbp.Application.Contracts.csproj]
D:\BAOBAB\Baobab.SmartAbp\hxlot\src\SmartAbp.Application.Contracts\LowCode\Dtos\SchemaVersionHistoryDto.cs(89,23): warning CS8618: Non-nullable property 'ReleaseNotes' must contain a non-null value when exiting constructor. Consider adding the 'required' modifier or declaring the property as nullable. [D:\BAOBAB\Baobab.SmartAbp\hxlot\src\SmartAbp.Application.Contracts\SmartAbp.Application.Contracts.csproj]
D:\BAOBAB\Baobab.SmartAbp\hxlot\src\SmartAbp.Application.Contracts\LowCode\Dtos\IndustryTemplateGenerationResultDto.cs(14,23): warning CS8618: Non-nullable property 'Path' must contain a non-null value when exiting constructor. Consider adding the 'required' modifier or declaring the property as nullable. [D:\BAOBAB\Baobab.SmartAbp\hxlot\src\SmartAbp.Application.Contracts\SmartAbp.Application.Contracts.csproj]
D:\BAOBAB\Baobab.SmartAbp\hxlot\src\SmartAbp.Application.Contracts\LowCode\Dtos\IndustryTemplateGenerationResultDto.cs(15,23): warning CS8618: Non-nullable property 'Content' must contain a non-null value when exiting constructor. Consider adding the 'required' modifier or declaring the property as nullable. [D:\BAOBAB\Baobab.SmartAbp\hxlot\src\SmartAbp.Application.Contracts\SmartAbp.Application.Contracts.csproj]
D:\BAOBAB\Baobab.SmartAbp\hxlot\src\SmartAbp.Domain\CodeGenerator\UserProfile.cs(51,31): warning CS8625: Cannot convert null literal to non-nullable reference type. [D:\BAOBAB\Baobab.SmartAbp\hxlot\src\SmartAbp.Domain\SmartAbp.Domain.csproj]
D:\BAOBAB\Baobab.SmartAbp\hxlot\src\SmartAbp.Domain\CodeGenerator\UserProfile.cs(52,34): warning CS8625: Cannot convert null literal to non-nullable reference type. [D:\BAOBAB\Baobab.SmartAbp\hxlot\src\SmartAbp.Domain\SmartAbp.Domain.csproj]
D:\BAOBAB\Baobab.SmartAbp\hxlot\src\SmartAbp.Domain\Entities\LowCode\EntityRelation.cs(75,41): warning CS8625: Cannot convert null literal to non-nullable reference type. [D:\BAOBAB\Baobab.SmartAbp\hxlot\src\SmartAbp.Domain\SmartAbp.Domain.csproj]
D:\BAOBAB\Baobab.SmartAbp\hxlot\src\SmartAbp.Domain\Entities\LowCode\EntityRelation.cs(76,34): warning CS8625: Cannot convert null literal to non-nullable reference type. [D:\BAOBAB\Baobab.SmartAbp\hxlot\src\SmartAbp.Domain\SmartAbp.Domain.csproj]
D:\BAOBAB\Baobab.SmartAbp\hxlot\src\SmartAbp.Domain\Entities\LowCode\EntityField.cs(129,35): warning CS8625: Cannot convert null literal to non-nullable reference type. [D:\BAOBAB\Baobab.SmartAbp\hxlot\src\SmartAbp.Domain\SmartAbp.Domain.csproj]
D:\BAOBAB\Baobab.SmartAbp\hxlot\src\SmartAbp.Domain\Entities\LowCode\EntityField.cs(130,34): warning CS8625: Cannot convert null literal to non-nullable reference type. [D:\BAOBAB\Baobab.SmartAbp\hxlot\src\SmartAbp.Domain\SmartAbp.Domain.csproj]
D:\BAOBAB\Baobab.SmartAbp\hxlot\src\SmartAbp.Domain\Entities\LowCode\ValidationRule.cs(80,34): warning CS8625: Cannot convert null literal to non-nullable reference type. [D:\BAOBAB\Baobab.SmartAbp\hxlot\src\SmartAbp.Domain\SmartAbp.Domain.csproj]
D:\BAOBAB\Baobab.SmartAbp\hxlot\src\SmartAbp.Domain\Entities\LowCode\SchemaVersionHistory.cs(121,70): warning CS8625: Cannot convert null literal to non-nullable reference type. [D:\BAOBAB\Baobab.SmartAbp\hxlot\src\SmartAbp.Domain\SmartAbp.Domain.csproj]
D:\BAOBAB\Baobab.SmartAbp\hxlot\src\SmartAbp.Domain\CodeGenerator\UserProfile.cs(46,19): warning CS8618: Non-nullable property 'Industry' must contain a non-null value when exiting constructor. Consider adding the 'required' modifier or declaring the property as nullable. [D:\BAOBAB\Baobab.SmartAbp\hxlot\src\SmartAbp.Domain\SmartAbp.Domain.csproj]
D:\BAOBAB\Baobab.SmartAbp\hxlot\src\SmartAbp.Domain\CodeGenerator\UserProfile.cs(46,19): warning CS8618: Non-nullable property 'CompanyName' must contain a non-null value when exiting constructor. Consider adding the 'required' modifier or declaring the property as nullable. [D:\BAOBAB\Baobab.SmartAbp\hxlot\src\SmartAbp.Domain\SmartAbp.Domain.csproj]
D:\BAOBAB\Baobab.SmartAbp\hxlot\src\SmartAbp.Domain\CodeGenerator\UserProfile.cs(46,19): warning CS8618: Non-nullable property 'CompanySize' must contain a non-null value when exiting constructor. Consider adding the 'required' modifier or declaring the property as nullable. [D:\BAOBAB\Baobab.SmartAbp\hxlot\src\SmartAbp.Domain\SmartAbp.Domain.csproj]
D:\BAOBAB\Baobab.SmartAbp\hxlot\src\SmartAbp.Domain\CodeGenerator\UserProfile.cs(46,19): warning CS8618: Non-nullable property 'LastUsedMode' must contain a non-null value when exiting constructor. Consider adding the 'required' modifier or declaring the property as nullable. [D:\BAOBAB\Baobab.SmartAbp\hxlot\src\SmartAbp.Domain\SmartAbp.Domain.csproj]
D:\BAOBAB\Baobab.SmartAbp\hxlot\src\SmartAbp.Domain\CodeGenerator\UserProfile.cs(46,19): warning CS8618: Non-nullable property 'Preferences' must contain a non-null value when exiting constructor. Consider adding the 'required' modifier or declaring the property as nullable. [D:\BAOBAB\Baobab.SmartAbp\hxlot\src\SmartAbp.Domain\SmartAbp.Domain.csproj]
D:\BAOBAB\Baobab.SmartAbp\hxlot\src\SmartAbp.Domain\Entities\LowCode\ValidationRule.cs(66,16): warning CS8618: Non-nullable property 'FieldName' must contain a non-null value when exiting constructor. Consider adding the 'required' modifier or declaring the property as nullable. [D:\BAOBAB\Baobab.SmartAbp\hxlot\src\SmartAbp.Domain\SmartAbp.Domain.csproj]
D:\BAOBAB\Baobab.SmartAbp\hxlot\src\SmartAbp.Domain\Entities\LowCode\ValidationRule.cs(66,16): warning CS8618: Non-nullable property 'RuleType' must contain a non-null value when exiting constructor. Consider adding the 'required' modifier or declaring the property as nullable. [D:\BAOBAB\Baobab.SmartAbp\hxlot\src\SmartAbp.Domain\SmartAbp.Domain.csproj]
D:\BAOBAB\Baobab.SmartAbp\hxlot\src\SmartAbp.Domain\Entities\LowCode\ValidationRule.cs(66,16): warning CS8618: Non-nullable property 'RuleValue' must contain a non-null value when exiting constructor. Consider adding the 'required' modifier or declaring the property as nullable. [D:\BAOBAB\Baobab.SmartAbp\hxlot\src\SmartAbp.Domain\SmartAbp.Domain.csproj]
D:\BAOBAB\Baobab.SmartAbp\hxlot\src\SmartAbp.Domain\Entities\LowCode\ValidationRule.cs(66,16): warning CS8618: Non-nullable property 'ErrorMessage' must contain a non-null value when exiting constructor. Consider adding the 'required' modifier or declaring the property as nullable. [D:\BAOBAB\Baobab.SmartAbp\hxlot\src\SmartAbp.Domain\SmartAbp.Domain.csproj]
D:\BAOBAB\Baobab.SmartAbp\hxlot\src\SmartAbp.Domain\Entities\LowCode\ValidationRule.cs(66,16): warning CS8618: Non-nullable property 'Description' must contain a non-null value when exiting constructor. Consider adding the 'required' modifier or declaring the property as nullable. [D:\BAOBAB\Baobab.SmartAbp\hxlot\src\SmartAbp.Domain\SmartAbp.Domain.csproj]
D:\BAOBAB\Baobab.SmartAbp\hxlot\src\SmartAbp.Domain\Entities\LowCode\ValidationRule.cs(66,16): warning CS8618: Non-nullable property 'Trigger' must contain a non-null value when exiting constructor. Consider adding the 'required' modifier or declaring the property as nullable. [D:\BAOBAB\Baobab.SmartAbp\hxlot\src\SmartAbp.Domain\SmartAbp.Domain.csproj]
D:\BAOBAB\Baobab.SmartAbp\hxlot\src\SmartAbp.Domain\Entities\LowCode\ValidationRule.cs(66,16): warning CS8618: Non-nullable property 'EntityDefinition' must contain a non-null value when exiting constructor. Consider adding the 'required' modifier or declaring the property as nullable. [D:\BAOBAB\Baobab.SmartAbp\hxlot\src\SmartAbp.Domain\SmartAbp.Domain.csproj]
D:\BAOBAB\Baobab.SmartAbp\hxlot\src\SmartAbp.Domain\CodeGenerator\UserProfile.cs(48,16): warning CS8618: Non-nullable property 'CompanySize' must contain a non-null value when exiting constructor. Consider adding the 'required' modifier or declaring the property as nullable. [D:\BAOBAB\Baobab.SmartAbp\hxlot\src\SmartAbp.Domain\SmartAbp.Domain.csproj]
D:\BAOBAB\Baobab.SmartAbp\hxlot\src\SmartAbp.Domain\CodeGenerator\UserProfile.cs(48,16): warning CS8618: Non-nullable property 'LastUsedMode' must contain a non-null value when exiting constructor. Consider adding the 'required' modifier or declaring the property as nullable. [D:\BAOBAB\Baobab.SmartAbp\hxlot\src\SmartAbp.Domain\SmartAbp.Domain.csproj]
D:\BAOBAB\Baobab.SmartAbp\hxlot\src\SmartAbp.Domain\CodeGenerator\UserProfile.cs(48,16): warning CS8618: Non-nullable property 'Preferences' must contain a non-null value when exiting constructor. Consider adding the 'required' modifier or declaring the property as nullable. [D:\BAOBAB\Baobab.SmartAbp\hxlot\src\SmartAbp.Domain\SmartAbp.Domain.csproj]
D:\BAOBAB\Baobab.SmartAbp\hxlot\src\SmartAbp.Domain\Entities\LowCode\ValidationRule.cs(73,16): warning CS8618: Non-nullable property 'Trigger' must contain a non-null value when exiting constructor. Consider adding the 'required' modifier or declaring the property as nullable. [D:\BAOBAB\Baobab.SmartAbp\hxlot\src\SmartAbp.Domain\SmartAbp.Domain.csproj]
D:\BAOBAB\Baobab.SmartAbp\hxlot\src\SmartAbp.Domain\Entities\LowCode\ValidationRule.cs(73,16): warning CS8618: Non-nullable property 'EntityDefinition' must contain a non-null value when exiting constructor. Consider adding the 'required' modifier or declaring the property as nullable. [D:\BAOBAB\Baobab.SmartAbp\hxlot\src\SmartAbp.Domain\SmartAbp.Domain.csproj]
D:\BAOBAB\Baobab.SmartAbp\hxlot\src\SmartAbp.Domain\Entities\LowCode\EntityDefinition.cs(116,16): warning CS8618: Non-nullable property 'Name' must contain a non-null value when exiting constructor. Consider adding the 'required' modifier or declaring the property as nullable. [D:\BAOBAB\Baobab.SmartAbp\hxlot\src\SmartAbp.Domain\SmartAbp.Domain.csproj]
D:\BAOBAB\Baobab.SmartAbp\hxlot\src\SmartAbp.Domain\Entities\LowCode\EntityDefinition.cs(116,16): warning CS8618: Non-nullable property 'TableName' must contain a non-null value when exiting constructor. Consider adding the 'required' modifier or declaring the property as nullable. [D:\BAOBAB\Baobab.SmartAbp\hxlot\src\SmartAbp.Domain\SmartAbp.Domain.csproj]
D:\BAOBAB\Baobab.SmartAbp\hxlot\src\SmartAbp.Domain\Entities\LowCode\EntityDefinition.cs(116,16): warning CS8618: Non-nullable property 'DisplayName' must contain a non-null value when exiting constructor. Consider adding the 'required' modifier or declaring the property as nullable. [D:\BAOBAB\Baobab.SmartAbp\hxlot\src\SmartAbp.Domain\SmartAbp.Domain.csproj]
D:\BAOBAB\Baobab.SmartAbp\hxlot\src\SmartAbp.Domain\Entities\LowCode\EntityDefinition.cs(116,16): warning CS8618: Non-nullable property 'Description' must contain a non-null value when exiting constructor. Consider adding the 'required' modifier or declaring the property as nullable. [D:\BAOBAB\Baobab.SmartAbp\hxlot\src\SmartAbp.Domain\SmartAbp.Domain.csproj]
D:\BAOBAB\Baobab.SmartAbp\hxlot\src\SmartAbp.Domain\Entities\LowCode\EntityDefinition.cs(116,16): warning CS8618: Non-nullable property 'EntityType' must contain a non-null value when exiting constructor. Consider adding the 'required' modifier or declaring the property as nullable. [D:\BAOBAB\Baobab.SmartAbp\hxlot\src\SmartAbp.Domain\SmartAbp.Domain.csproj]
D:\BAOBAB\Baobab.SmartAbp\hxlot\src\SmartAbp.Domain\Entities\LowCode\EntityDefinition.cs(116,16): warning CS8618: Non-nullable property 'BaseType' must contain a non-null value when exiting constructor. Consider adding the 'required' modifier or declaring the property as nullable. [D:\BAOBAB\Baobab.SmartAbp\hxlot\src\SmartAbp.Domain\SmartAbp.Domain.csproj]
D:\BAOBAB\Baobab.SmartAbp\hxlot\src\SmartAbp.Domain\Entities\LowCode\EntityDefinition.cs(116,16): warning CS8618: Non-nullable property 'Namespace' must contain a non-null value when exiting constructor. Consider adding the 'required' modifier or declaring the property as nullable. [D:\BAOBAB\Baobab.SmartAbp\hxlot\src\SmartAbp.Domain\SmartAbp.Domain.csproj]
D:\BAOBAB\Baobab.SmartAbp\hxlot\src\SmartAbp.Domain\Entities\LowCode\EntityDefinition.cs(116,16): warning CS8618: Non-nullable property 'Category' must contain a non-null value when exiting constructor. Consider adding the 'required' modifier or declaring the property as nullable. [D:\BAOBAB\Baobab.SmartAbp\hxlot\src\SmartAbp.Domain\SmartAbp.Domain.csproj]
D:\BAOBAB\Baobab.SmartAbp\hxlot\src\SmartAbp.Domain\Entities\LowCode\EntityDefinition.cs(116,16): warning CS8618: Non-nullable property 'Module' must contain a non-null value when exiting constructor. Consider adding the 'required' modifier or declaring the property as nullable. [D:\BAOBAB\Baobab.SmartAbp\hxlot\src\SmartAbp.Domain\SmartAbp.Domain.csproj]
D:\BAOBAB\Baobab.SmartAbp\hxlot\src\SmartAbp.Domain\Entities\LowCode\EntityDefinition.cs(116,16): warning CS8618: Non-nullable property 'Schema' must contain a non-null value when exiting constructor. Consider adding the 'required' modifier or declaring the property as nullable. [D:\BAOBAB\Baobab.SmartAbp\hxlot\src\SmartAbp.Domain\SmartAbp.Domain.csproj]
D:\BAOBAB\Baobab.SmartAbp\hxlot\src\SmartAbp.Domain\Entities\LowCode\EntityDefinition.cs(116,16): warning CS8618: Non-nullable property 'BaseClass' must contain a non-null value when exiting constructor. Consider adding the 'required' modifier or declaring the property as nullable. [D:\BAOBAB\Baobab.SmartAbp\hxlot\src\SmartAbp.Domain\SmartAbp.Domain.csproj]
D:\BAOBAB\Baobab.SmartAbp\hxlot\src\SmartAbp.Domain\Entities\LowCode\EntityDefinition.cs(116,16): warning CS8618: Non-nullable property 'SchemaVersion' must contain a non-null value when exiting constructor. Consider adding the 'required' modifier or declaring the property as nullable. [D:\BAOBAB\Baobab.SmartAbp\hxlot\src\SmartAbp.Domain\SmartAbp.Domain.csproj]
D:\BAOBAB\Baobab.SmartAbp\hxlot\src\SmartAbp.Domain\Entities\LowCode\EntityDefinition.cs(116,16): warning CS8618: Non-nullable property 'Version' must contain a non-null value when exiting constructor. Consider adding the 'required' modifier or declaring the property as nullable. [D:\BAOBAB\Baobab.SmartAbp\hxlot\src\SmartAbp.Domain\SmartAbp.Domain.csproj]
D:\BAOBAB\Baobab.SmartAbp\hxlot\src\SmartAbp.Domain\Entities\LowCode\EntityDefinition.cs(126,16): warning CS8618: Non-nullable property 'EntityType' must contain a non-null value when exiting constructor. Consider adding the 'required' modifier or declaring the property as nullable. [D:\BAOBAB\Baobab.SmartAbp\hxlot\src\SmartAbp.Domain\SmartAbp.Domain.csproj]
D:\BAOBAB\Baobab.SmartAbp\hxlot\src\SmartAbp.Domain\Entities\LowCode\EntityDefinition.cs(126,16): warning CS8618: Non-nullable property 'BaseType' must contain a non-null value when exiting constructor. Consider adding the 'required' modifier or declaring the property as nullable. [D:\BAOBAB\Baobab.SmartAbp\hxlot\src\SmartAbp.Domain\SmartAbp.Domain.csproj]
D:\BAOBAB\Baobab.SmartAbp\hxlot\src\SmartAbp.Domain\Entities\LowCode\EntityDefinition.cs(126,16): warning CS8618: Non-nullable property 'Namespace' must contain a non-null value when exiting constructor. Consider adding the 'required' modifier or declaring the property as nullable. [D:\BAOBAB\Baobab.SmartAbp\hxlot\src\SmartAbp.Domain\SmartAbp.Domain.csproj]
D:\BAOBAB\Baobab.SmartAbp\hxlot\src\SmartAbp.Domain\Entities\LowCode\EntityDefinition.cs(126,16): warning CS8618: Non-nullable property 'Relationships' must contain a non-null value when exiting constructor. Consider adding the 'required' modifier or declaring the property as nullable. [D:\BAOBAB\Baobab.SmartAbp\hxlot\src\SmartAbp.Domain\SmartAbp.Domain.csproj]
D:\BAOBAB\Baobab.SmartAbp\hxlot\src\SmartAbp.Domain\Entities\LowCode\EntityDefinition.cs(126,16): warning CS8618: Non-nullable property 'Schema' must contain a non-null value when exiting constructor. Consider adding the 'required' modifier or declaring the property as nullable. [D:\BAOBAB\Baobab.SmartAbp\hxlot\src\SmartAbp.Domain\SmartAbp.Domain.csproj]
D:\BAOBAB\Baobab.SmartAbp\hxlot\src\SmartAbp.Domain\Entities\LowCode\EntityDefinition.cs(126,16): warning CS8618: Non-nullable property 'BaseClass' must contain a non-null value when exiting constructor. Consider adding the 'required' modifier or declaring the property as nullable. [D:\BAOBAB\Baobab.SmartAbp\hxlot\src\SmartAbp.Domain\SmartAbp.Domain.csproj]
D:\BAOBAB\Baobab.SmartAbp\hxlot\src\SmartAbp.Domain\Entities\LowCode\EntityDefinition.cs(126,16): warning CS8618: Non-nullable property 'SchemaVersion' must contain a non-null value when exiting constructor. Consider adding the 'required' modifier or declaring the property as nullable. [D:\BAOBAB\Baobab.SmartAbp\hxlot\src\SmartAbp.Domain\SmartAbp.Domain.csproj]
D:\BAOBAB\Baobab.SmartAbp\hxlot\src\SmartAbp.Domain\Entities\LowCode\EntityDefinition.cs(126,16): warning CS8618: Non-nullable property 'Version' must contain a non-null value when exiting constructor. Consider adding the 'required' modifier or declaring the property as nullable. [D:\BAOBAB\Baobab.SmartAbp\hxlot\src\SmartAbp.Domain\SmartAbp.Domain.csproj]
D:\BAOBAB\Baobab.SmartAbp\hxlot\src\SmartAbp.Domain\Entities\LowCode\EntityRelation.cs(62,16): warning CS8618: Non-nullable property 'FromEntity' must contain a non-null value when exiting constructor. Consider adding the 'required' modifier or declaring the property as nullable. [D:\BAOBAB\Baobab.SmartAbp\hxlot\src\SmartAbp.Domain\SmartAbp.Domain.csproj]
D:\BAOBAB\Baobab.SmartAbp\hxlot\src\SmartAbp.Domain\Entities\LowCode\EntityRelation.cs(62,16): warning CS8618: Non-nullable property 'ToEntity' must contain a non-null value when exiting constructor. Consider adding the 'required' modifier or declaring the property as nullable. [D:\BAOBAB\Baobab.SmartAbp\hxlot\src\SmartAbp.Domain\SmartAbp.Domain.csproj]
D:\BAOBAB\Baobab.SmartAbp\hxlot\src\SmartAbp.Domain\Entities\LowCode\EntityRelation.cs(62,16): warning CS8618: Non-nullable property 'RelationType' must contain a non-null value when exiting constructor. Consider adding the 'required' modifier or declaring the property as nullable. [D:\BAOBAB\Baobab.SmartAbp\hxlot\src\SmartAbp.Domain\SmartAbp.Domain.csproj]
D:\BAOBAB\Baobab.SmartAbp\hxlot\src\SmartAbp.Domain\Entities\LowCode\EntityRelation.cs(62,16): warning CS8618: Non-nullable property 'ForeignKey' must contain a non-null value when exiting constructor. Consider adding the 'required' modifier or declaring the property as nullable. [D:\BAOBAB\Baobab.SmartAbp\hxlot\src\SmartAbp.Domain\SmartAbp.Domain.csproj]
D:\BAOBAB\Baobab.SmartAbp\hxlot\src\SmartAbp.Domain\Entities\LowCode\EntityRelation.cs(62,16): warning CS8618: Non-nullable property 'NavigationProperty' must contain a non-null value when exiting constructor. Consider adding the 'required' modifier or declaring the property as nullable. [D:\BAOBAB\Baobab.SmartAbp\hxlot\src\SmartAbp.Domain\SmartAbp.Domain.csproj]
D:\BAOBAB\Baobab.SmartAbp\hxlot\src\SmartAbp.Domain\Entities\LowCode\EntityRelation.cs(62,16): warning CS8618: Non-nullable property 'JoinTable' must contain a non-null value when exiting constructor. Consider adding the 'required' modifier or declaring the property as nullable. [D:\BAOBAB\Baobab.SmartAbp\hxlot\src\SmartAbp.Domain\SmartAbp.Domain.csproj]
D:\BAOBAB\Baobab.SmartAbp\hxlot\src\SmartAbp.Domain\Entities\LowCode\EntityRelation.cs(62,16): warning CS8618: Non-nullable property 'Description' must contain a non-null value when exiting constructor. Consider adding the 'required' modifier or declaring the property as nullable. [D:\BAOBAB\Baobab.SmartAbp\hxlot\src\SmartAbp.Domain\SmartAbp.Domain.csproj]
D:\BAOBAB\Baobab.SmartAbp\hxlot\src\SmartAbp.Domain\CodeGenerator\GenerationHistory.cs(61,19): warning CS8618: Non-nullable property 'Mode' must contain a non-null value when exiting constructor. Consider adding the 'required' modifier or declaring the property as nullable. [D:\BAOBAB\Baobab.SmartAbp\hxlot\src\SmartAbp.Domain\SmartAbp.Domain.csproj]
D:\BAOBAB\Baobab.SmartAbp\hxlot\src\SmartAbp.Domain\CodeGenerator\GenerationHistory.cs(61,19): warning CS8618: Non-nullable property 'TemplateName' must contain a non-null value when exiting constructor. Consider adding the 'required' modifier or declaring the property as nullable. [D:\BAOBAB\Baobab.SmartAbp\hxlot\src\SmartAbp.Domain\SmartAbp.Domain.csproj]
D:\BAOBAB\Baobab.SmartAbp\hxlot\src\SmartAbp.Domain\CodeGenerator\GenerationHistory.cs(61,19): warning CS8618: Non-nullable property 'ProjectName' must contain a non-null value when exiting constructor. Consider adding the 'required' modifier or declaring the property as nullable. [D:\BAOBAB\Baobab.SmartAbp\hxlot\src\SmartAbp.Domain\SmartAbp.Domain.csproj]
D:\BAOBAB\Baobab.SmartAbp\hxlot\src\SmartAbp.Domain\CodeGenerator\GenerationHistory.cs(61,19): warning CS8618: Non-nullable property 'Status' must contain a non-null value when exiting constructor. Consider adding the 'required' modifier or declaring the property as nullable. [D:\BAOBAB\Baobab.SmartAbp\hxlot\src\SmartAbp.Domain\SmartAbp.Domain.csproj]
D:\BAOBAB\Baobab.SmartAbp\hxlot\src\SmartAbp.Domain\CodeGenerator\GenerationHistory.cs(61,19): warning CS8618: Non-nullable property 'ErrorMessage' must contain a non-null value when exiting constructor. Consider adding the 'required' modifier or declaring the property as nullable. [D:\BAOBAB\Baobab.SmartAbp\hxlot\src\SmartAbp.Domain\SmartAbp.Domain.csproj]
D:\BAOBAB\Baobab.SmartAbp\hxlot\src\SmartAbp.Domain\CodeGenerator\GenerationHistory.cs(61,19): warning CS8618: Non-nullable property 'Metadata' must contain a non-null value when exiting constructor. Consider adding the 'required' modifier or declaring the property as nullable. [D:\BAOBAB\Baobab.SmartAbp\hxlot\src\SmartAbp.Domain\SmartAbp.Domain.csproj]
D:\BAOBAB\Baobab.SmartAbp\hxlot\src\SmartAbp.Domain\Entities\LowCode\EntityRelation.cs(69,16): warning CS8618: Non-nullable property 'JoinTable' must contain a non-null value when exiting constructor. Consider adding the 'required' modifier or declaring the property as nullable. [D:\BAOBAB\Baobab.SmartAbp\hxlot\src\SmartAbp.Domain\SmartAbp.Domain.csproj]
D:\BAOBAB\Baobab.SmartAbp\hxlot\src\SmartAbp.Domain\CodeGenerator\GenerationHistory.cs(63,16): warning CS8618: Non-nullable property 'TemplateName' must contain a non-null value when exiting constructor. Consider adding the 'required' modifier or declaring the property as nullable. [D:\BAOBAB\Baobab.SmartAbp\hxlot\src\SmartAbp.Domain\SmartAbp.Domain.csproj]
D:\BAOBAB\Baobab.SmartAbp\hxlot\src\SmartAbp.Domain\CodeGenerator\GenerationHistory.cs(63,16): warning CS8618: Non-nullable property 'ErrorMessage' must contain a non-null value when exiting constructor. Consider adding the 'required' modifier or declaring the property as nullable. [D:\BAOBAB\Baobab.SmartAbp\hxlot\src\SmartAbp.Domain\SmartAbp.Domain.csproj]
D:\BAOBAB\Baobab.SmartAbp\hxlot\src\SmartAbp.Domain\CodeGenerator\GenerationHistory.cs(63,16): warning CS8618: Non-nullable property 'Metadata' must contain a non-null value when exiting constructor. Consider adding the 'required' modifier or declaring the property as nullable. [D:\BAOBAB\Baobab.SmartAbp\hxlot\src\SmartAbp.Domain\SmartAbp.Domain.csproj]
D:\BAOBAB\Baobab.SmartAbp\hxlot\src\SmartAbp.Domain\Entities\LowCode\EntityField.cs(113,16): warning CS8618: Non-nullable property 'Name' must contain a non-null value when exiting constructor. Consider adding the 'required' modifier or declaring the property as nullable. [D:\BAOBAB\Baobab.SmartAbp\hxlot\src\SmartAbp.Domain\SmartAbp.Domain.csproj]
D:\BAOBAB\Baobab.SmartAbp\hxlot\src\SmartAbp.Domain\Entities\LowCode\EntityField.cs(113,16): warning CS8618: Non-nullable property 'DisplayName' must contain a non-null value when exiting constructor. Consider adding the 'required' modifier or declaring the property as nullable. [D:\BAOBAB\Baobab.SmartAbp\hxlot\src\SmartAbp.Domain\SmartAbp.Domain.csproj]
D:\BAOBAB\Baobab.SmartAbp\hxlot\src\SmartAbp.Domain\Entities\LowCode\EntityField.cs(113,16): warning CS8618: Non-nullable property 'Type' must contain a non-null value when exiting constructor. Consider adding the 'required' modifier or declaring the property as nullable. [D:\BAOBAB\Baobab.SmartAbp\hxlot\src\SmartAbp.Domain\SmartAbp.Domain.csproj]
D:\BAOBAB\Baobab.SmartAbp\hxlot\src\SmartAbp.Domain\Entities\LowCode\EntityField.cs(113,16): warning CS8618: Non-nullable property 'DefaultValue' must contain a non-null value when exiting constructor. Consider adding the 'required' modifier or declaring the property as nullable. [D:\BAOBAB\Baobab.SmartAbp\hxlot\src\SmartAbp.Domain\SmartAbp.Domain.csproj]
D:\BAOBAB\Baobab.SmartAbp\hxlot\src\SmartAbp.Domain\Entities\LowCode\EntityField.cs(113,16): warning CS8618: Non-nullable property 'Comment' must contain a non-null value when exiting constructor. Consider adding the 'required' modifier or declaring the property as nullable. [D:\BAOBAB\Baobab.SmartAbp\hxlot\src\SmartAbp.Domain\SmartAbp.Domain.csproj]
D:\BAOBAB\Baobab.SmartAbp\hxlot\src\SmartAbp.Domain\Entities\LowCode\EntityField.cs(113,16): warning CS8618: Non-nullable property 'Description' must contain a non-null value when exiting constructor. Consider adding the 'required' modifier or declaring the property as nullable. [D:\BAOBAB\Baobab.SmartAbp\hxlot\src\SmartAbp.Domain\SmartAbp.Domain.csproj]
D:\BAOBAB\Baobab.SmartAbp\hxlot\src\SmartAbp.Domain\Entities\LowCode\EntityField.cs(113,16): warning CS8618: Non-nullable property 'Pattern' must contain a non-null value when exiting constructor. Consider adding the 'required' modifier or declaring the property as nullable. [D:\BAOBAB\Baobab.SmartAbp\hxlot\src\SmartAbp.Domain\SmartAbp.Domain.csproj]
D:\BAOBAB\Baobab.SmartAbp\hxlot\src\SmartAbp.Domain\Entities\LowCode\EntityField.cs(113,16): warning CS8618: Non-nullable property 'GroupName' must contain a non-null value when exiting constructor. Consider adding the 'required' modifier or declaring the property as nullable. [D:\BAOBAB\Baobab.SmartAbp\hxlot\src\SmartAbp.Domain\SmartAbp.Domain.csproj]
D:\BAOBAB\Baobab.SmartAbp\hxlot\src\SmartAbp.Domain\Entities\LowCode\EntityField.cs(113,16): warning CS8618: Non-nullable property 'ColumnName' must contain a non-null value when exiting constructor. Consider adding the 'required' modifier or declaring the property as nullable. [D:\BAOBAB\Baobab.SmartAbp\hxlot\src\SmartAbp.Domain\SmartAbp.Domain.csproj]
D:\BAOBAB\Baobab.SmartAbp\hxlot\src\SmartAbp.Domain\Entities\LowCode\EntityField.cs(113,16): warning CS8618: Non-nullable property 'ColumnType' must contain a non-null value when exiting constructor. Consider adding the 'required' modifier or declaring the property as nullable. [D:\BAOBAB\Baobab.SmartAbp\hxlot\src\SmartAbp.Domain\SmartAbp.Domain.csproj]
D:\BAOBAB\Baobab.SmartAbp\hxlot\src\SmartAbp.Domain\Entities\LowCode\EntityField.cs(113,16): warning CS8618: Non-nullable property 'EntityDefinition' must contain a non-null value when exiting constructor. Consider adding the 'required' modifier or declaring the property as nullable. [D:\BAOBAB\Baobab.SmartAbp\hxlot\src\SmartAbp.Domain\SmartAbp.Domain.csproj]
D:\BAOBAB\Baobab.SmartAbp\hxlot\src\SmartAbp.Domain\Entities\LowCode\EntityField.cs(120,16): warning CS8618: Non-nullable property 'Comment' must contain a non-null value when exiting constructor. Consider adding the 'required' modifier or declaring the property as nullable. [D:\BAOBAB\Baobab.SmartAbp\hxlot\src\SmartAbp.Domain\SmartAbp.Domain.csproj]
D:\BAOBAB\Baobab.SmartAbp\hxlot\src\SmartAbp.Domain\Entities\LowCode\EntityField.cs(120,16): warning CS8618: Non-nullable property 'Pattern' must contain a non-null value when exiting constructor. Consider adding the 'required' modifier or declaring the property as nullable. [D:\BAOBAB\Baobab.SmartAbp\hxlot\src\SmartAbp.Domain\SmartAbp.Domain.csproj]
D:\BAOBAB\Baobab.SmartAbp\hxlot\src\SmartAbp.Domain\Entities\LowCode\EntityField.cs(120,16): warning CS8618: Non-nullable property 'GroupName' must contain a non-null value when exiting constructor. Consider adding the 'required' modifier or declaring the property as nullable. [D:\BAOBAB\Baobab.SmartAbp\hxlot\src\SmartAbp.Domain\SmartAbp.Domain.csproj]
D:\BAOBAB\Baobab.SmartAbp\hxlot\src\SmartAbp.Domain\Entities\LowCode\EntityField.cs(120,16): warning CS8618: Non-nullable property 'ColumnName' must contain a non-null value when exiting constructor. Consider adding the 'required' modifier or declaring the property as nullable. [D:\BAOBAB\Baobab.SmartAbp\hxlot\src\SmartAbp.Domain\SmartAbp.Domain.csproj]
D:\BAOBAB\Baobab.SmartAbp\hxlot\src\SmartAbp.Domain\Entities\LowCode\EntityField.cs(120,16): warning CS8618: Non-nullable property 'ColumnType' must contain a non-null value when exiting constructor. Consider adding the 'required' modifier or declaring the property as nullable. [D:\BAOBAB\Baobab.SmartAbp\hxlot\src\SmartAbp.Domain\SmartAbp.Domain.csproj]
D:\BAOBAB\Baobab.SmartAbp\hxlot\src\SmartAbp.Domain\Entities\LowCode\EntityField.cs(120,16): warning CS8618: Non-nullable property 'EntityDefinition' must contain a non-null value when exiting constructor. Consider adding the 'required' modifier or declaring the property as nullable. [D:\BAOBAB\Baobab.SmartAbp\hxlot\src\SmartAbp.Domain\SmartAbp.Domain.csproj]
D:\BAOBAB\Baobab.SmartAbp\hxlot\src\SmartAbp.Domain\Entities\LowCode\SchemaVersionHistory.cs(94,19): warning CS8618: Non-nullable property 'Version' must contain a non-null value when exiting constructor. Consider adding the 'required' modifier or declaring the property as nullable. [D:\BAOBAB\Baobab.SmartAbp\hxlot\src\SmartAbp.Domain\SmartAbp.Domain.csproj]
D:\BAOBAB\Baobab.SmartAbp\hxlot\src\SmartAbp.Domain\Entities\LowCode\SchemaVersionHistory.cs(94,19): warning CS8618: Non-nullable property 'SchemaName' must contain a non-null value when exiting constructor. Consider adding the 'required' modifier or declaring the property as nullable. [D:\BAOBAB\Baobab.SmartAbp\hxlot\src\SmartAbp.Domain\SmartAbp.Domain.csproj]
D:\BAOBAB\Baobab.SmartAbp\hxlot\src\SmartAbp.Domain\Entities\LowCode\SchemaVersionHistory.cs(94,19): warning CS8618: Non-nullable property 'Description' must contain a non-null value when exiting constructor. Consider adding the 'required' modifier or declaring the property as nullable. [D:\BAOBAB\Baobab.SmartAbp\hxlot\src\SmartAbp.Domain\SmartAbp.Domain.csproj]
D:\BAOBAB\Baobab.SmartAbp\hxlot\src\SmartAbp.Domain\Entities\LowCode\SchemaVersionHistory.cs(94,19): warning CS8618: Non-nullable property 'ChangeType' must contain a non-null value when exiting constructor. Consider adding the 'required' modifier or declaring the property as nullable. [D:\BAOBAB\Baobab.SmartAbp\hxlot\src\SmartAbp.Domain\SmartAbp.Domain.csproj]
D:\BAOBAB\Baobab.SmartAbp\hxlot\src\SmartAbp.Domain\Entities\LowCode\SchemaVersionHistory.cs(94,19): warning CS8618: Non-nullable property 'ChangeContent' must contain a non-null value when exiting constructor. Consider adding the 'required' modifier or declaring the property as nullable. [D:\BAOBAB\Baobab.SmartAbp\hxlot\src\SmartAbp.Domain\SmartAbp.Domain.csproj]
D:\BAOBAB\Baobab.SmartAbp\hxlot\src\SmartAbp.Domain\Entities\LowCode\SchemaVersionHistory.cs(94,19): warning CS8618: Non-nullable property 'MinCompatibleVersion' must contain a non-null value when exiting constructor. Consider adding the 'required' modifier or declaring the property as nullable. [D:\BAOBAB\Baobab.SmartAbp\hxlot\src\SmartAbp.Domain\SmartAbp.Domain.csproj]
D:\BAOBAB\Baobab.SmartAbp\hxlot\src\SmartAbp.Domain\Entities\LowCode\SchemaVersionHistory.cs(94,19): warning CS8618: Non-nullable property 'MaxCompatibleVersion' must contain a non-null value when exiting constructor. Consider adding the 'required' modifier or declaring the property as nullable. [D:\BAOBAB\Baobab.SmartAbp\hxlot\src\SmartAbp.Domain\SmartAbp.Domain.csproj]
D:\BAOBAB\Baobab.SmartAbp\hxlot\src\SmartAbp.Domain\Entities\LowCode\SchemaVersionHistory.cs(94,19): warning CS8618: Non-nullable property 'MigrationScriptPath' must contain a non-null value when exiting constructor. Consider adding the 'required' modifier or declaring the property as nullable. [D:\BAOBAB\Baobab.SmartAbp\hxlot\src\SmartAbp.Domain\SmartAbp.Domain.csproj]
D:\BAOBAB\Baobab.SmartAbp\hxlot\src\SmartAbp.Domain\Entities\LowCode\SchemaVersionHistory.cs(94,19): warning CS8618: Non-nullable property 'RollbackScriptPath' must contain a non-null value when exiting constructor. Consider adding the 'required' modifier or declaring the property as nullable. [D:\BAOBAB\Baobab.SmartAbp\hxlot\src\SmartAbp.Domain\SmartAbp.Domain.csproj]
D:\BAOBAB\Baobab.SmartAbp\hxlot\src\SmartAbp.Domain\Entities\LowCode\SchemaVersionHistory.cs(94,19): warning CS8618: Non-nullable property 'ReleasedBy' must contain a non-null value when exiting constructor. Consider adding the 'required' modifier or declaring the property as nullable. [D:\BAOBAB\Baobab.SmartAbp\hxlot\src\SmartAbp.Domain\SmartAbp.Domain.csproj]
D:\BAOBAB\Baobab.SmartAbp\hxlot\src\SmartAbp.Domain\Entities\LowCode\SchemaVersionHistory.cs(94,19): warning CS8618: Non-nullable property 'ReleaseNotes' must contain a non-null value when exiting constructor. Consider adding the 'required' modifier or declaring the property as nullable. [D:\BAOBAB\Baobab.SmartAbp\hxlot\src\SmartAbp.Domain\SmartAbp.Domain.csproj]
D:\BAOBAB\Baobab.SmartAbp\hxlot\src\SmartAbp.Domain\Entities\LowCode\SchemaVersionHistory.cs(99,16): warning CS8618: Non-nullable property 'ChangeContent' must contain a non-null value when exiting constructor. Consider adding the 'required' modifier or declaring the property as nullable. [D:\BAOBAB\Baobab.SmartAbp\hxlot\src\SmartAbp.Domain\SmartAbp.Domain.csproj]
D:\BAOBAB\Baobab.SmartAbp\hxlot\src\SmartAbp.Domain\Entities\LowCode\SchemaVersionHistory.cs(99,16): warning CS8618: Non-nullable property 'MinCompatibleVersion' must contain a non-null value when exiting constructor. Consider adding the 'required' modifier or declaring the property as nullable. [D:\BAOBAB\Baobab.SmartAbp\hxlot\src\SmartAbp.Domain\SmartAbp.Domain.csproj]
D:\BAOBAB\Baobab.SmartAbp\hxlot\src\SmartAbp.Domain\Entities\LowCode\SchemaVersionHistory.cs(99,16): warning CS8618: Non-nullable property 'MaxCompatibleVersion' must contain a non-null value when exiting constructor. Consider adding the 'required' modifier or declaring the property as nullable. [D:\BAOBAB\Baobab.SmartAbp\hxlot\src\SmartAbp.Domain\SmartAbp.Domain.csproj]
D:\BAOBAB\Baobab.SmartAbp\hxlot\src\SmartAbp.Domain\Entities\LowCode\SchemaVersionHistory.cs(99,16): warning CS8618: Non-nullable property 'MigrationScriptPath' must contain a non-null value when exiting constructor. Consider adding the 'required' modifier or declaring the property as nullable. [D:\BAOBAB\Baobab.SmartAbp\hxlot\src\SmartAbp.Domain\SmartAbp.Domain.csproj]
D:\BAOBAB\Baobab.SmartAbp\hxlot\src\SmartAbp.Domain\Entities\LowCode\SchemaVersionHistory.cs(99,16): warning CS8618: Non-nullable property 'RollbackScriptPath' must contain a non-null value when exiting constructor. Consider adding the 'required' modifier or declaring the property as nullable. [D:\BAOBAB\Baobab.SmartAbp\hxlot\src\SmartAbp.Domain\SmartAbp.Domain.csproj]
D:\BAOBAB\Baobab.SmartAbp\hxlot\src\SmartAbp.Domain\Entities\LowCode\SchemaVersionHistory.cs(99,16): warning CS8618: Non-nullable property 'ReleasedBy' must contain a non-null value when exiting constructor. Consider adding the 'required' modifier or declaring the property as nullable. [D:\BAOBAB\Baobab.SmartAbp\hxlot\src\SmartAbp.Domain\SmartAbp.Domain.csproj]
D:\BAOBAB\Baobab.SmartAbp\hxlot\src\SmartAbp.Domain\Entities\LowCode\SchemaVersionHistory.cs(99,16): warning CS8618: Non-nullable property 'ReleaseNotes' must contain a non-null value when exiting constructor. Consider adding the 'required' modifier or declaring the property as nullable. [D:\BAOBAB\Baobab.SmartAbp\hxlot\src\SmartAbp.Domain\SmartAbp.Domain.csproj]
D:\BAOBAB\Baobab.SmartAbp\hxlot\src\SmartAbp.Application\BusinessRules\BusinessRuleAppService.cs(121,40): warning CS8629: Nullable value type may be null. [D:\BAOBAB\Baobab.SmartAbp\hxlot\src\SmartAbp.Application\SmartAbp.Application.csproj]
D:\BAOBAB\Baobab.SmartAbp\hxlot\src\SmartAbp.Application\BusinessRules\BusinessRuleAppService.cs(123,40): warning CS8629: Nullable value type may be null. [D:\BAOBAB\Baobab.SmartAbp\hxlot\src\SmartAbp.Application\SmartAbp.Application.csproj]
    222 Warning(s)
    0 Error(s)

Time Elapsed 00:00:14.97

Workload updates are available. Run `dotnet workload list` for more information.
